test_blocking_guard_captures_state_and_local_versions_before_its_body (test_queue_frontend.QueueFrontendTest.test_blocking_guard_captures_state_and_local_versions_before_its_body) ... 
  test_blocking_guard_captures_state_and_local_versions_before_its_body (test_queue_frontend.QueueFrontendTest.test_blocking_guard_captures_state_and_local_versions_before_its_body) (prefix='', guard='count != 4') ... FAIL
  test_blocking_guard_captures_state_and_local_versions_before_its_body (test_queue_frontend.QueueFrontendTest.test_blocking_guard_captures_state_and_local_versions_before_its_body) (prefix='', guard='count != 0') ... FAIL
  test_blocking_guard_captures_state_and_local_versions_before_its_body (test_queue_frontend.QueueFrontendTest.test_blocking_guard_captures_state_and_local_versions_before_its_body) (prefix='    gate = count != 4\n', guard='gate') ... FAIL
  test_blocking_guard_captures_state_and_local_versions_before_its_body (test_queue_frontend.QueueFrontendTest.test_blocking_guard_captures_state_and_local_versions_before_its_body) (prefix='    observed = count + 1\n', guard='observed != 4') ... FAIL
  test_blocking_guard_captures_state_and_local_versions_before_its_body (test_queue_frontend.QueueFrontendTest.test_blocking_guard_captures_state_and_local_versions_before_its_body) (prefix='    __ac_blocking_condition = count\n', guard='count != 4') ... FAIL

======================================================================
FAIL: test_blocking_guard_captures_state_and_local_versions_before_its_body (test_queue_frontend.QueueFrontendTest.test_blocking_guard_captures_state_and_local_versions_before_its_body) (prefix='', guard='count != 4')
----------------------------------------------------------------------
Traceback (most recent call last):
  File "/home/lc/pyCircuit/tests/python/agentic-circuit/python_frontend/test_queue_frontend.py", line 3431, in test_blocking_guard_captures_state_and_local_versions_before_its_body
    self.assertEqual(expected, comparison[1])
AssertionError: '%v0' != '%v3'
- %v0
?   ^
+ %v3
?   ^


======================================================================
FAIL: test_blocking_guard_captures_state_and_local_versions_before_its_body (test_queue_frontend.QueueFrontendTest.test_blocking_guard_captures_state_and_local_versions_before_its_body) (prefix='', guard='count != 0')
----------------------------------------------------------------------
Traceback (most recent call last):
  File "/home/lc/pyCircuit/tests/python/agentic-circuit/python_frontend/test_queue_frontend.py", line 3431, in test_blocking_guard_captures_state_and_local_versions_before_its_body
    self.assertEqual(expected, comparison[1])
AssertionError: '%v0' != '%v3'
- %v0
?   ^
+ %v3
?   ^


======================================================================
FAIL: test_blocking_guard_captures_state_and_local_versions_before_its_body (test_queue_frontend.QueueFrontendTest.test_blocking_guard_captures_state_and_local_versions_before_its_body) (prefix='    gate = count != 4\n', guard='gate')
----------------------------------------------------------------------
Traceback (most recent call last):
  File "/home/lc/pyCircuit/tests/python/agentic-circuit/python_frontend/test_queue_frontend.py", line 3427, in test_blocking_guard_captures_state_and_local_versions_before_its_body
    self.assertIsNotNone(comparison)
AssertionError: unexpectedly None

======================================================================
FAIL: test_blocking_guard_captures_state_and_local_versions_before_its_body (test_queue_frontend.QueueFrontendTest.test_blocking_guard_captures_state_and_local_versions_before_its_body) (prefix='    observed = count + 1\n', guard='observed != 4')
----------------------------------------------------------------------
Traceback (most recent call last):
  File "/home/lc/pyCircuit/tests/python/agentic-circuit/python_frontend/test_queue_frontend.py", line 3431, in test_blocking_guard_captures_state_and_local_versions_before_its_body
    self.assertEqual(expected, comparison[1])
AssertionError: '%v3' != '%v7'
- %v3
?   ^
+ %v7
?   ^


======================================================================
FAIL: test_blocking_guard_captures_state_and_local_versions_before_its_body (test_queue_frontend.QueueFrontendTest.test_blocking_guard_captures_state_and_local_versions_before_its_body) (prefix='    __ac_blocking_condition = count\n', guard='count != 4')
----------------------------------------------------------------------
Traceback (most recent call last):
  File "/home/lc/pyCircuit/tests/python/agentic-circuit/python_frontend/test_queue_frontend.py", line 3431, in test_blocking_guard_captures_state_and_local_versions_before_its_body
    self.assertEqual(expected, comparison[1])
AssertionError: '%v0' != '%v3'
- %v0
?   ^
+ %v3
?   ^


----------------------------------------------------------------------
Ran 1 test in 0.144s

FAILED (failures=5)
