Running main() from /tmp/agentic-circuit-googletest/googletest/src/gtest_main.cc
Note: Google Test filter = QueueBlocksTest.*
[==========] Running 73 tests from 1 test suite.
[----------] Global test environment set-up.
[----------] 73 tests from QueueBlocksTest
[ RUN      ] QueueBlocksTest.HighLevelProvidersFreezeStructuralTemplateParameters
[       OK ] QueueBlocksTest.HighLevelProvidersFreezeStructuralTemplateParameters (0 ms)
[ RUN      ] QueueBlocksTest.StatefulTableReadsOldDataAndCommitsWriteAtTickEnd
[       OK ] QueueBlocksTest.StatefulTableReadsOldDataAndCommitsWriteAtTickEnd (0 ms)
[ RUN      ] QueueBlocksTest.DisabledTableWriteConsumesWithoutChangingState
[       OK ] QueueBlocksTest.DisabledTableWriteConsumesWithoutChangingState (0 ms)
[ RUN      ] QueueBlocksTest.TableReadPreservesDisabledAndOutOfRangeRequests
[       OK ] QueueBlocksTest.TableReadPreservesDisabledAndOutOfRangeRequests (0 ms)
[ RUN      ] QueueBlocksTest.QueueTableEntryDependentWhenReportsDynamicOutOfRange
[       OK ] QueueBlocksTest.QueueTableEntryDependentWhenReportsDynamicOutOfRange (0 ms)
[ RUN      ] QueueBlocksTest.StateTableEntryDependentWhenReportsDynamicOutOfRange
[       OK ] QueueBlocksTest.StateTableEntryDependentWhenReportsDynamicOutOfRange (0 ms)
[ RUN      ] QueueBlocksTest.FalseTableWhenDoesNotEvaluateAddressOrReportFailure
[       OK ] QueueBlocksTest.FalseTableWhenDoesNotEvaluateAddressOrReportFailure (0 ms)
[ RUN      ] QueueBlocksTest.StateTableReadRepeatsAndBackpressuredValueStaysStable
[       OK ] QueueBlocksTest.StateTableReadRepeatsAndBackpressuredValueStaysStable (0 ms)
[ RUN      ] QueueBlocksTest.StateTableWriteSkipsDisabledExpressionsAndCommitsOldState
[       OK ] QueueBlocksTest.StateTableWriteSkipsDisabledExpressionsAndCommitsOldState (0 ms)
[ RUN      ] QueueBlocksTest.TableMergesDisjointWriterFieldsFromOldState
[       OK ] QueueBlocksTest.TableMergesDisjointWriterFieldsFromOldState (0 ms)
[ RUN      ] QueueBlocksTest.TableReplaceWinsAfterFieldMergesIndependentOfEntry
[       OK ] QueueBlocksTest.TableReplaceWinsAfterFieldMergesIndependentOfEntry (0 ms)
[ RUN      ] QueueBlocksTest.TableMatchAndChooseAreEvaluatedOncePerEpoch
[       OK ] QueueBlocksTest.TableMatchAndChooseAreEvaluatedOncePerEpoch (0 ms)
[ RUN      ] QueueBlocksTest.TableCancellationIsWriterLocal
[       OK ] QueueBlocksTest.TableCancellationIsWriterLocal (0 ms)
[ RUN      ] QueueBlocksTest.TableReservationsUseDynamicIndexAndFieldFootprints
[       OK ] QueueBlocksTest.TableReservationsUseDynamicIndexAndFieldFootprints (0 ms)
[ RUN      ] QueueBlocksTest.SnapshotReservationsAllowReadersAndConflictWithWriters
[       OK ] QueueBlocksTest.SnapshotReservationsAllowReadersAndConflictWithWriters (0 ms)
[ RUN      ] QueueBlocksTest.FieldSnapshotsConflictOnlyWithOverlappingWrites
[       OK ] QueueBlocksTest.FieldSnapshotsConflictOnlyWithOverlappingWrites (0 ms)
[ RUN      ] QueueBlocksTest.SparseStateReservationsCoverIndicesBeyondSixtyThree
[       OK ] QueueBlocksTest.SparseStateReservationsCoverIndicesBeyondSixtyThree (0 ms)
[ RUN      ] QueueBlocksTest.MaskedTableWriteCommitsSelectedOldStateAtomically
[       OK ] QueueBlocksTest.MaskedTableWriteCommitsSelectedOldStateAtomically (0 ms)
[ RUN      ] QueueBlocksTest.TransitionAllocatesWithInputAndOutputAsOneCommit
[       OK ] QueueBlocksTest.TransitionAllocatesWithInputAndOutputAsOneCommit (0 ms)
[ RUN      ] QueueBlocksTest.TransitionCancelsQueueReservationsOnTableConflict
[       OK ] QueueBlocksTest.TransitionCancelsQueueReservationsOnTableConflict (0 ms)
[ RUN      ] QueueBlocksTest.PublishedTransitionCannotPartiallyRollbackOnLocalReset
[       OK ] QueueBlocksTest.PublishedTransitionCannotPartiallyRollbackOnLocalReset (0 ms)
[ RUN      ] QueueBlocksTest.TransitionPatchesMaskAndConsumesInputTogether
[       OK ] QueueBlocksTest.TransitionPatchesMaskAndConsumesInputTogether (0 ms)
[ RUN      ] QueueBlocksTest.AbsentTableEffectConsumesInputWithoutTableCommit
[       OK ] QueueBlocksTest.AbsentTableEffectConsumesInputWithoutTableCommit (0 ms)
[ RUN      ] QueueBlocksTest.AbsentMultiOwnerEffectsSkipEveryTableCommit
[       OK ] QueueBlocksTest.AbsentMultiOwnerEffectsSkipEveryTableCommit (0 ms)
[ RUN      ] QueueBlocksTest.WholeEntryTransitionUsesExplicitReplaceMode
[       OK ] QueueBlocksTest.WholeEntryTransitionUsesExplicitReplaceMode (0 ms)
[ RUN      ] QueueBlocksTest.TransitionKeepsEntryWhenRetireOutputIsBackpressured
[       OK ] QueueBlocksTest.TransitionKeepsEntryWhenRetireOutputIsBackpressured (0 ms)
[ RUN      ] QueueBlocksTest.TransitionDoesNotRerouteWhenSelectedBranchIsBlocked
[       OK ] QueueBlocksTest.TransitionDoesNotRerouteWhenSelectedBranchIsBlocked (0 ms)
[ RUN      ] QueueBlocksTest.TransitionLeavesTableCommitOwnershipOrderIndependent
[       OK ] QueueBlocksTest.TransitionLeavesTableCommitOwnershipOrderIndependent (1 ms)
[ RUN      ] QueueBlocksTest.EqualTableReplacementCommitsWithoutActivationWake
[       OK ] QueueBlocksTest.EqualTableReplacementCommitsWithoutActivationWake (0 ms)
[ RUN      ] QueueBlocksTest.CompetingTransitionsPublishOnlyDuringExplicitStableArbitration
[       OK ] QueueBlocksTest.CompetingTransitionsPublishOnlyDuringExplicitStableArbitration (0 ms)
[ RUN      ] QueueBlocksTest.MultiStateTransitionCommitsOwnerLocalWriteBatchAndQueuesTogether
[       OK ] QueueBlocksTest.MultiStateTransitionCommitsOwnerLocalWriteBatchAndQueuesTogether (0 ms)
[ RUN      ] QueueBlocksTest.MultiStateTransitionCancelsEarlierOwnerOnLaterConflict
[       OK ] QueueBlocksTest.MultiStateTransitionCancelsEarlierOwnerOnLaterConflict (0 ms)
[ RUN      ] QueueBlocksTest.CompetingMultiStateTransitionsUseStableArbitrationAndRecompute
[       OK ] QueueBlocksTest.CompetingMultiStateTransitionsUseStableArbitrationAndRecompute (0 ms)
[ RUN      ] QueueBlocksTest.SlotCapturesBackpressuresReleasesAndDoesNotRefill
[       OK ] QueueBlocksTest.SlotCapturesBackpressuresReleasesAndDoesNotRefill (0 ms)
[ RUN      ] QueueBlocksTest.SlotReleasePolicyMayObserveEpoch
[       OK ] QueueBlocksTest.SlotReleasePolicyMayObserveEpoch (0 ms)
[ RUN      ] QueueBlocksTest.TransformCommitsOnlyAcrossTheQueueBarrier
[       OK ] QueueBlocksTest.TransformCommitsOnlyAcrossTheQueueBarrier (0 ms)
[ RUN      ] QueueBlocksTest.SimQueueRateBoundsOneEpochProposals
[       OK ] QueueBlocksTest.SimQueueRateBoundsOneEpochProposals (0 ms)
[ RUN      ] QueueBlocksTest.SimQueueCommitGroupPreparePublishIsNoFail
[       OK ] QueueBlocksTest.SimQueueCommitGroupPreparePublishIsNoFail (0 ms)
[ RUN      ] QueueBlocksTest.SimQueueCancelledGroupLeavesCommittedStateUntouched
[       OK ] QueueBlocksTest.SimQueueCancelledGroupLeavesCommittedStateUntouched (0 ms)
[ RUN      ] QueueBlocksTest.UnpublishedCommitGroupsFailClosedAtXfer
[       OK ] QueueBlocksTest.UnpublishedCommitGroupsFailClosedAtXfer (0 ms)
[ RUN      ] QueueBlocksTest.ComputeConsumesAndProducesItsStaticRate
[       OK ] QueueBlocksTest.ComputeConsumesAndProducesItsStaticRate (0 ms)
[ RUN      ] QueueBlocksTest.TransformDoesNotConsumeWhenOutputIsBackpressured
[       OK ] QueueBlocksTest.TransformDoesNotConsumeWhenOutputIsBackpressured (0 ms)
[ RUN      ] QueueBlocksTest.AtomicTransformCommitsAllQueuesTogether
[       OK ] QueueBlocksTest.AtomicTransformCommitsAllQueuesTogether (0 ms)
[ RUN      ] QueueBlocksTest.AtomicTransformSupportsIndependentInputOutputArity
[       OK ] QueueBlocksTest.AtomicTransformSupportsIndependentInputOutputArity (0 ms)
[ RUN      ] QueueBlocksTest.AtomicTransformCancelsDuplicateOutputReservation
[       OK ] QueueBlocksTest.AtomicTransformCancelsDuplicateOutputReservation (0 ms)
[ RUN      ] QueueBlocksTest.AtomicTransformCancelsDuplicateInputReservation
[       OK ] QueueBlocksTest.AtomicTransformCancelsDuplicateInputReservation (0 ms)
[ RUN      ] QueueBlocksTest.GroupedBlocksRejectNullQueueEndpoints
[       OK ] QueueBlocksTest.GroupedBlocksRejectNullQueueEndpoints (0 ms)
[ RUN      ] QueueBlocksTest.BarrierTransfersHeterogeneousQueuesAtomically
[       OK ] QueueBlocksTest.BarrierTransfersHeterogeneousQueuesAtomically (0 ms)
[ RUN      ] QueueBlocksTest.ReorderRetiresOutOfOrderArrivalsBySequenceKey
[       OK ] QueueBlocksTest.ReorderRetiresOutOfOrderArrivalsBySequenceKey (0 ms)
[ RUN      ] QueueBlocksTest.ReorderRejectsDuplicateSequenceKey
[       OK ] QueueBlocksTest.ReorderRejectsDuplicateSequenceKey (0 ms)
[ RUN      ] QueueBlocksTest.ReorderRejectsNegativeSequenceKey
[       OK ] QueueBlocksTest.ReorderRejectsNegativeSequenceKey (0 ms)
[ RUN      ] QueueBlocksTest.DependencyCompletesReadyTokensOutOfOrder
[       OK ] QueueBlocksTest.DependencyCompletesReadyTokensOutOfOrder (0 ms)
[ RUN      ] QueueBlocksTest.DependencyRejectsZeroExecutionCost
[       OK ] QueueBlocksTest.DependencyRejectsZeroExecutionCost (0 ms)
[ RUN      ] QueueBlocksTest.DependencyRejectsOutOfRangeResource
[       OK ] QueueBlocksTest.DependencyRejectsOutOfRangeResource (0 ms)
[ RUN      ] QueueBlocksTest.CreditWindowCompletesParallelTokensAndReturnsSlots
[       OK ] QueueBlocksTest.CreditWindowCompletesParallelTokensAndReturnsSlots (0 ms)
[ RUN      ] QueueBlocksTest.CreditRejectsZeroCostWithoutConsumingInput
[       OK ] QueueBlocksTest.CreditRejectsZeroCostWithoutConsumingInput (0 ms)
[ RUN      ] QueueBlocksTest.MemoryReturnsOldDataAndCommitsWriteAtXfer
[       OK ] QueueBlocksTest.MemoryReturnsOldDataAndCommitsWriteAtXfer (0 ms)
[ RUN      ] QueueBlocksTest.MemoryRejectsOutOfRangeAddress
[       OK ] QueueBlocksTest.MemoryRejectsOutOfRangeAddress (0 ms)
[ RUN      ] QueueBlocksTest.SharedMemoryUsesPriorityAndBlocksUntilResponseAccepted
[       OK ] QueueBlocksTest.SharedMemoryUsesPriorityAndBlocksUntilResponseAccepted (0 ms)
[ RUN      ] QueueBlocksTest.SharedMemoryLatencyDelaysResponseAndBackpressuresRequests
[       OK ] QueueBlocksTest.SharedMemoryLatencyDelaysResponseAndBackpressuresRequests (0 ms)
[ RUN      ] QueueBlocksTest.SharedMemoryRejectsZeroLatency
[       OK ] QueueBlocksTest.SharedMemoryRejectsZeroLatency (0 ms)
[ RUN      ] QueueBlocksTest.QueueLatencyDelaysVisibilityButReservesCapacity
[       OK ] QueueBlocksTest.QueueLatencyDelaysVisibilityButReservesCapacity (0 ms)
[ RUN      ] QueueBlocksTest.SinkConsumesAtWorkAndPublishesAtXfer
[       OK ] QueueBlocksTest.SinkConsumesAtWorkAndPublishesAtXfer (0 ms)
[ RUN      ] QueueBlocksTest.ObserveCommitsWithoutConsumingOrBackpressure
[       OK ] QueueBlocksTest.ObserveCommitsWithoutConsumingOrBackpressure (0 ms)
[ RUN      ] QueueBlocksTest.ExpectChecksHeadWithoutConsumingIt
[       OK ] QueueBlocksTest.ExpectChecksHeadWithoutConsumingIt (0 ms)
[ RUN      ] QueueBlocksTest.ExpectReportsPredicateFailure
[       OK ] QueueBlocksTest.ExpectReportsPredicateFailure (0 ms)
[ RUN      ] QueueBlocksTest.BroadcastWaitsForEveryOutput
[       OK ] QueueBlocksTest.BroadcastWaitsForEveryOutput (0 ms)
[ RUN      ] QueueBlocksTest.ForkDeliversOutputsIndependentlyBeforeInputPop
[       OK ] QueueBlocksTest.ForkDeliversOutputsIndependentlyBeforeInputPop (0 ms)
[ RUN      ] QueueBlocksTest.RouteSelectsExactlyOneOutput
[       OK ] QueueBlocksTest.RouteSelectsExactlyOneOutput (0 ms)
[ RUN      ] QueueBlocksTest.SelectConsumesControlAndChosenInputOnly
[       OK ] QueueBlocksTest.SelectConsumesControlAndChosenInputOnly (0 ms)
[ RUN      ] QueueBlocksTest.SelectRejectsOutOfRangeSelector
[       OK ] QueueBlocksTest.SelectRejectsOutOfRangeSelector (0 ms)
[ RUN      ] QueueBlocksTest.MergeRoundRobinIgnoresWorkInsertionOrder
[       OK ] QueueBlocksTest.MergeRoundRobinIgnoresWorkInsertionOrder (0 ms)
[ RUN      ] QueueBlocksTest.FeedbackUsesParentOwnedStateQueue
[       OK ] QueueBlocksTest.FeedbackUsesParentOwnedStateQueue (0 ms)
[----------] 73 tests from QueueBlocksTest (3 ms total)

[----------] Global test environment tear-down
[==========] 73 tests from 1 test suite ran. (3 ms total)
[  PASSED  ] 73 tests.
