[1/7] Linking CXX executable bin/acir-opcode-catalog
[2/7] Linking CXX executable bin/acir-cxxgen
[3/7] Linking CXX executable bin/acir-queue-plan
ld: warning: ignoring duplicate libraries: 'lib/Dialect/ACIR/libACIRDialect.a'
[4/7] Linking CXX executable bin/acir-build
ld: warning: ignoring duplicate libraries: '/opt/homebrew/Cellar/llvm/22.1.8/lib/libLLVMSupport.a', '/opt/homebrew/Cellar/llvm/22.1.8/lib/libMLIRFuncDialect.a', '/opt/homebrew/Cellar/llvm/22.1.8/lib/libMLIRPass.a', '/opt/homebrew/Cellar/llvm/22.1.8/lib/libMLIRSCFDialect.a', 'lib/Analysis/libACIRAnalysis.a', 'lib/Dialect/ACIR/libACIRDialect.a', 'lib/Transforms/libACIRTransforms.a'
[5/7] Linking CXX executable bin/acir-opt
ld: warning: ignoring duplicate libraries: '/opt/homebrew/Cellar/llvm/22.1.8/lib/libMLIRFuncDialect.a', '/opt/homebrew/Cellar/llvm/22.1.8/lib/libMLIRSCFDialect.a', '/opt/homebrew/Cellar/llvm/22.1.8/lib/libMLIRTransforms.a', 'lib/Analysis/libACIRAnalysis.a', 'lib/Dialect/ACIR/libACIRDialect.a', 'lib/Transforms/libACIRTransforms.a'
[6/7] Linking CXX shared module python/agentic_circuit/_native.so
[6/7] Running Agentic Circuit lit tests
-- Testing: 202 tests, 10 workers --
PASS: AgenticCircuit :: CodeGen/opcode-catalog.mlir (1 of 202)
PASS: AgenticCircuit :: Python/cli-compile.mlir (2 of 202)
PASS: AgenticCircuit :: ACIR/hierarchy-invalid.mlir (3 of 202)
PASS: AgenticCircuit :: ACIR/resources-invalid.mlir (4 of 202)
PASS: AgenticCircuit :: ACIR/protocols-invalid.mlir (5 of 202)
PASS: AgenticCircuit :: ACSim/ops-invalid.mlir (6 of 202)
PASS: AgenticCircuit :: ACIR/address-time-invalid.mlir (7 of 202)
PASS: AgenticCircuit :: CodeGen/driver-stages.mlir (8 of 202)
PASS: AgenticCircuit :: Analysis/raw-structure-preflight.mlir (9 of 202)
PASS: AgenticCircuit :: CodeGen/nested-modules.mlir (10 of 202)
PASS: AgenticCircuit :: ACIR/var-expressions-invalid.mlir (11 of 202)
PASS: AgenticCircuit :: CodeGen/extension-provider.mlir (12 of 202)
PASS: AgenticCircuit :: CodeGen/emit-cxx-current.mlir (13 of 202)
PASS: AgenticCircuit :: CodeGen/full-structured-model.mlir (14 of 202)
PASS: AgenticCircuit :: CodeGen/determinism.mlir (15 of 202)
PASS: AgenticCircuit :: CodeGen/queue-lanes-transform-pyc.mlir (16 of 202)
PASS: AgenticCircuit :: CodeGen/queue-lanes-pyc.mlir (17 of 202)
PASS: AgenticCircuit :: CodeGen/multidimensional-array.mlir (18 of 202)
PASS: AgenticCircuit :: ACIR/table-invalid.mlir (19 of 202)
PASS: AgenticCircuit :: ACIR/interfaces-invalid.mlir (20 of 202)
PASS: AgenticCircuit :: ACIR/var-state-invalid.mlir (21 of 202)
PASS: AgenticCircuit :: ACIR/table-layout-invalid.mlir (22 of 202)
PASS: AgenticCircuit :: ACIR/process-invalid.mlir (23 of 202)
PASS: AgenticCircuit :: CodeGen/table-slot-multiple-tables.mlir (24 of 202)
PASS: AgenticCircuit :: ACIR/dependency-invalid.mlir (25 of 202)
PASS: AgenticCircuit :: ACIR/value-contracts-invalid.mlir (26 of 202)
PASS: AgenticCircuit :: ACIR/protocols-review-r1-invalid.mlir (27 of 202)
PASS: AgenticCircuit :: ACSim/generated-call-contract.mlir (28 of 202)
PASS: AgenticCircuit :: ACIR/canonical-entrypoint.mlir (29 of 202)
PASS: AgenticCircuit :: ACIR/collections-invalid.mlir (30 of 202)
PASS: AgenticCircuit :: ACIR/firing-invalid.mlir (31 of 202)
PASS: AgenticCircuit :: Transforms/queue-module-freeze.mlir (32 of 202)
PASS: AgenticCircuit :: Transforms/rule-state-driven-lowering.mlir (33 of 202)
PASS: AgenticCircuit :: Transforms/rule-snapshot-set-lowering.mlir (34 of 202)
PASS: AgenticCircuit :: ACIR/rule-invalid.mlir (35 of 202)
PASS: AgenticCircuit :: Transforms/rule-multi-state-lowering.mlir (36 of 202)
PASS: AgenticCircuit :: Transforms/rule-table-lowering.mlir (37 of 202)
PASS: AgenticCircuit :: Transforms/rule-consume-only-lowering.mlir (38 of 202)
PASS: AgenticCircuit :: ACIR/writer-arbitration.mlir (39 of 202)
PASS: AgenticCircuit :: ACIR/dormant-surface-invalid.mlir (40 of 202)
PASS: AgenticCircuit :: Transforms/rule-optional-output-lowering.mlir (41 of 202)
PASS: AgenticCircuit :: Transforms/rule-branch-local-lowering.mlir (42 of 202)
PASS: AgenticCircuit :: CodeGen/table-endpoint-value-constraints.mlir (43 of 202)
PASS: AgenticCircuit :: Conversion/bindings-invalid.mlir (44 of 202)
PASS: AgenticCircuit :: CodeGen/masked-match.mlir (45 of 202)
PASS: AgenticCircuit :: Transforms/rule-multi-input-lowering.mlir (46 of 202)
PASS: AgenticCircuit :: ACIR/runtime-references-invalid.mlir (47 of 202)
PASS: AgenticCircuit :: Analysis/process-state-verifier.mlir (48 of 202)
PASS: AgenticCircuit :: Transforms/rule-branch-join-lowering.mlir (49 of 202)
PASS: AgenticCircuit :: Transforms/rule-owner-write-batch.mlir (50 of 202)
PASS: AgenticCircuit :: Transforms/variable-enum-state-lowering.mlir (51 of 202)
PASS: AgenticCircuit :: Transforms/rule-multi-input-branch-lowering.mlir (52 of 202)
PASS: AgenticCircuit :: Transforms/freeze-topology.mlir (53 of 202)
PASS: AgenticCircuit :: Transforms/variable-module-state-lowering.mlir (54 of 202)
PASS: AgenticCircuit :: ACIR/review-r1-invalid.mlir (55 of 202)
PASS: AgenticCircuit :: Transforms/queue-stateful-module-freeze.mlir (56 of 202)
PASS: AgenticCircuit :: Transforms/rule-table-multi-input-lowering.mlir (57 of 202)
PASS: AgenticCircuit :: Transforms/variable-array-state-lowering.mlir (58 of 202)
PASS: AgenticCircuit :: Transforms/variable-state-lowering.mlir (59 of 202)
PASS: AgenticCircuit :: Transforms/queue-multi-rule-multi-owner-module.mlir (60 of 202)
PASS: AgenticCircuit :: ACIR/table-multi-selection-invalid.mlir (61 of 202)
PASS: AgenticCircuit :: Transforms/rule-pure-optional-lowering.mlir (62 of 202)
PASS: AgenticCircuit :: Transforms/queue-multi-owner-module-freeze.mlir (63 of 202)
PASS: AgenticCircuit :: Transforms/queue-multi-rule-module-freeze.mlir (64 of 202)
PASS: AgenticCircuit :: Transforms/queue-mixed-nested-module.mlir (65 of 202)
PASS: AgenticCircuit :: ACIR/queue-var-types-invalid.mlir (66 of 202)
PASS: AgenticCircuit :: CodeGen/value-select.mlir (67 of 202)
PASS: AgenticCircuit :: ACIR/view-provenance.mlir (68 of 202)
PASS: AgenticCircuit :: CodeGen/bit-operations.mlir (69 of 202)
PASS: AgenticCircuit :: Transforms/queue-nested-module-freeze.mlir (70 of 202)
PASS: AgenticCircuit :: Transforms/variable-struct-state-lowering.mlir (71 of 202)
PASS: AgenticCircuit :: CodeGen/atomic-transform.mlir (72 of 202)
PASS: AgenticCircuit :: Transforms/verify-model.mlir (73 of 202)
PASS: AgenticCircuit :: CodeGen/bit-widths.mlir (74 of 202)
PASS: AgenticCircuit :: ACIR/types-invalid.mlir (75 of 202)
PASS: AgenticCircuit :: ACIR/interfaces-review-r1-invalid.mlir (76 of 202)
PASS: AgenticCircuit :: ACIR/memory-invalid.mlir (77 of 202)
PASS: AgenticCircuit :: ACIR/contracts-invalid.mlir (78 of 202)
PASS: AgenticCircuit :: ACIR/transform-invalid.mlir (79 of 202)
PASS: AgenticCircuit :: Transforms/rule-lowering-invalid.mlir (80 of 202)
PASS: AgenticCircuit :: ACSim/types-invalid.mlir (81 of 202)
PASS: AgenticCircuit :: Transforms/rule-lowering.mlir (82 of 202)
PASS: AgenticCircuit :: Transforms/queue-root-result-freeze.mlir (83 of 202)
PASS: AgenticCircuit :: ACIR/aggregate-values-invalid.mlir (84 of 202)
PASS: AgenticCircuit :: ACSim/ops-valid.mlir (85 of 202)
PASS: AgenticCircuit :: ACIR/declarations-invalid.mlir (86 of 202)
PASS: AgenticCircuit :: ACIR/rule-table-invalid.mlir (87 of 202)
PASS: AgenticCircuit :: ACIR/dialect-smoke.mlir (88 of 202)
PASS: AgenticCircuit :: ACIR/control-feedback-invalid.mlir (89 of 202)
PASS: AgenticCircuit :: Transforms/deterministic-canonicalization.mlir (90 of 202)
PASS: AgenticCircuit :: Conversion/structure.mlir (91 of 202)
PASS: AgenticCircuit :: ACIR/bitfield-schema-invalid.mlir (92 of 202)
PASS: AgenticCircuit :: Transforms/table-endpoint-value-constraints-invalid.mlir (93 of 202)
PASS: AgenticCircuit :: Conversion/hierarchy.mlir (94 of 202)
PASS: AgenticCircuit :: Conversion/atomic-failure.mlir (95 of 202)
PASS: AgenticCircuit :: ACIR/ownership-order-review-r2.mlir (96 of 202)
PASS: AgenticCircuit :: ACIR/var-expressions.mlir (97 of 202)
PASS: AgenticCircuit :: ACIR/reorder-invalid.mlir (98 of 202)
PASS: AgenticCircuit :: ACIR/guarantees-review-r1-invalid.mlir (99 of 202)
PASS: AgenticCircuit :: ACIR/firing-footprint-invalid.mlir (100 of 202)
PASS: AgenticCircuit :: Bindings/resolve-valid.mlir (101 of 202)
PASS: AgenticCircuit :: Bindings/resolve-empty.mlir (102 of 202)
PASS: AgenticCircuit :: ACIR/masked-matching-invalid.mlir (103 of 202)
PASS: AgenticCircuit :: ACIR/port-mapping-review-r2.mlir (104 of 202)
PASS: AgenticCircuit :: ACIR/state-snapshot-set-invalid.mlir (105 of 202)
PASS: AgenticCircuit :: Conversion/bindings.mlir (106 of 202)
PASS: AgenticCircuit :: ACIR/select.mlir (107 of 202)
PASS: AgenticCircuit :: ACIR/source-sink.mlir (108 of 202)
PASS: AgenticCircuit :: ACIR/types-valid.mlir (109 of 202)
PASS: AgenticCircuit :: ACIR/records-invalid.mlir (110 of 202)
PASS: AgenticCircuit :: ACSim/types-valid.mlir (111 of 202)
PASS: AgenticCircuit :: ACIR/queue-lanes-invalid.mlir (112 of 202)
PASS: AgenticCircuit :: ACIR/broadcast-invalid.mlir (113 of 202)
PASS: AgenticCircuit :: Conversion/whole-model.mlir (114 of 202)
PASS: AgenticCircuit :: ACIR/credit.mlir (115 of 202)
PASS: AgenticCircuit :: ACIR/review-r2-invalid.mlir (116 of 202)
PASS: AgenticCircuit :: ACIR/queue-var-types.mlir (117 of 202)
PASS: AgenticCircuit :: ACIR/memory.mlir (118 of 202)
PASS: AgenticCircuit :: ACIR/barrier.mlir (119 of 202)
PASS: AgenticCircuit :: ACIR/scope-invalid.mlir (120 of 202)
PASS: AgenticCircuit :: ACIR/reorder.mlir (121 of 202)
PASS: AgenticCircuit :: ACSim/dialect-smoke.mlir (122 of 202)
PASS: AgenticCircuit :: Conversion/collections.mlir (123 of 202)
PASS: AgenticCircuit :: ACIR/barrier-invalid.mlir (124 of 202)
PASS: AgenticCircuit :: ACIR/transform.mlir (125 of 202)
PASS: AgenticCircuit :: Bindings/resolve-missing.mlir (126 of 202)
PASS: AgenticCircuit :: Transforms/zero-delay-cycles.mlir (127 of 202)
PASS: AgenticCircuit :: ACIR/dependency.mlir (128 of 202)
PASS: AgenticCircuit :: CodeGen/queue-lanes-pyc-invalid.mlir (129 of 202)
PASS: AgenticCircuit :: ACIR/process-valid.mlir (130 of 202)
PASS: AgenticCircuit :: ACIR/select-invalid.mlir (131 of 202)
PASS: AgenticCircuit :: ACIR/masked-matching.mlir (132 of 202)
PASS: AgenticCircuit :: ACIR/address-selectors-valid.mlir (133 of 202)
PASS: AgenticCircuit :: Transforms/value-contracts-lowering.mlir (134 of 202)
PASS: AgenticCircuit :: ACIR/bitfield-schema.mlir (135 of 202)
PASS: AgenticCircuit :: ACIR/firing.mlir (136 of 202)
PASS: AgenticCircuit :: ACIR/contract-epoch.mlir (137 of 202)
PASS: AgenticCircuit :: ACIR/credit-invalid.mlir (138 of 202)
PASS: AgenticCircuit :: ACIR/address-map-canonical-order.mlir (139 of 202)
PASS: AgenticCircuit :: ACIR/enum-values-invalid.mlir (140 of 202)
PASS: AgenticCircuit :: ACSim/reusable-modules.mlir (141 of 202)
PASS: AgenticCircuit :: ACIR/aggregate-values.mlir (142 of 202)
PASS: AgenticCircuit :: Transforms/value-constraints-invalid.mlir (143 of 202)
PASS: AgenticCircuit :: ACIR/contracts-valid.mlir (144 of 202)
PASS: AgenticCircuit :: ACIR/observe.mlir (145 of 202)
PASS: AgenticCircuit :: CodeGen/arbiter-verilog.mlir (146 of 202)
PASS: AgenticCircuit :: CodeGen/queue-lanes4-pyc.mlir (147 of 202)
PASS: AgenticCircuit :: ACIR/table.mlir (148 of 202)
PASS: AgenticCircuit :: ACIR/hierarchy-valid.mlir (149 of 202)
PASS: AgenticCircuit :: ACIR/source-sink-invalid.mlir (150 of 202)
PASS: AgenticCircuit :: ACIR/enum-values.mlir (151 of 202)
PASS: AgenticCircuit :: ACIR/expect.mlir (152 of 202)
PASS: AgenticCircuit :: ACIR/protocols-valid.mlir (153 of 202)
PASS: AgenticCircuit :: Transforms/value-constraints-rule-lowering.mlir (154 of 202)
PASS: AgenticCircuit :: ACIR/control-feedback.mlir (155 of 202)
PASS: AgenticCircuit :: ACIR/scope.mlir (156 of 202)
PASS: AgenticCircuit :: Transforms/value-contracts-residual-invalid.mlir (157 of 202)
PASS: AgenticCircuit :: ACIR/interfaces-valid.mlir (158 of 202)
PASS: AgenticCircuit :: ACIR/address-time-valid.mlir (159 of 202)
PASS: AgenticCircuit :: Transforms/rule-eight-output-lowering.mlir (160 of 202)
PASS: AgenticCircuit :: Conversion/typed-graph.mlir (161 of 202)
PASS: AgenticCircuit :: Conversion/process-invalid.mlir (162 of 202)
PASS: AgenticCircuit :: Transforms/structural-instance-retention.mlir (163 of 202)
PASS: AgenticCircuit :: ACIR/review-r1-valid.mlir (164 of 202)
PASS: AgenticCircuit :: ACIR/resources-forward-malformed-invalid.mlir (165 of 202)
PASS: AgenticCircuit :: Conversion/process-control-flow.mlir (166 of 202)
PASS: AgenticCircuit :: Conversion/process-missing-mapping.mlir (167 of 202)
PASS: AgenticCircuit :: Conversion/pure-results.mlir (168 of 202)
PASS: AgenticCircuit :: ACIR/declarations-valid.mlir (169 of 202)
PASS: AgenticCircuit :: ACIR/fork-invalid.mlir (170 of 202)
PASS: AgenticCircuit :: ACIR/resources-valid.mlir (171 of 202)
PASS: AgenticCircuit :: ACIR/route-invalid.mlir (172 of 202)
PASS: AgenticCircuit :: ACIR/topology-review-r1-invalid.mlir (173 of 202)
PASS: AgenticCircuit :: CodeGen/popcount.mlir (174 of 202)
PASS: AgenticCircuit :: ACIR/broadcast.mlir (175 of 202)
PASS: AgenticCircuit :: ACIR/expect-invalid.mlir (176 of 202)
PASS: AgenticCircuit :: Transforms/rule-multi-output-lowering.mlir (177 of 202)
PASS: AgenticCircuit :: Conversion/process-basic.mlir (178 of 202)
PASS: AgenticCircuit :: Conversion/time-domains.mlir (179 of 202)
PASS: AgenticCircuit :: Conversion/process-live-values.mlir (180 of 202)
PASS: AgenticCircuit :: Python/frontend-lowering.mlir (181 of 202)
PASS: AgenticCircuit :: CodeGen/arbiter.mlir (182 of 202)
PASS: AgenticCircuit :: Bindings/resolve-ambiguous.mlir (183 of 202)
PASS: AgenticCircuit :: CodeGen/acir-build-input-contract.mlir (184 of 202)
PASS: AgenticCircuit :: ACIR/table-multi-selection.mlir (185 of 202)
PASS: AgenticCircuit :: ACIR/records-valid.mlir (186 of 202)
PASS: AgenticCircuit :: CodeGen/count-leading-zeros.mlir (187 of 202)
PASS: AgenticCircuit :: CodeGen/driver-errors.mlir (188 of 202)
PASS: AgenticCircuit :: ACSim/generated-wrapper-activation.mlir (189 of 202)
PASS: AgenticCircuit :: CodeGen/process-control-flow.mlir (190 of 202)
PASS: AgenticCircuit :: Analysis/process-state-pass.mlir (191 of 202)
PASS: AgenticCircuit :: ACIR/route.mlir (192 of 202)
PASS: AgenticCircuit :: ACIR/queue-lanes.mlir (193 of 202)
PASS: AgenticCircuit :: Transforms/queue-var-cse.mlir (194 of 202)
PASS: AgenticCircuit :: Transforms/value-constraints.mlir (195 of 202)
PASS: AgenticCircuit :: ACIR/table-layout.mlir (196 of 202)
PASS: AgenticCircuit :: ACIR/observe-invalid.mlir (197 of 202)
PASS: AgenticCircuit :: ACIR/fork.mlir (198 of 202)
PASS: AgenticCircuit :: Transforms/rule-checks.mlir (199 of 202)
PASS: AgenticCircuit :: ACIR/collections-valid.mlir (200 of 202)
PASS: AgenticCircuit :: CodeGen/forbidden-generated-dependencies.mlir (201 of 202)
PASS: AgenticCircuit :: ACIR/var-outputless-rule.mlir (202 of 202)

Testing Time: 31.69s

Total Discovered Tests: 202
  Passed: 202 (100.00%)
