Running main() from /private/tmp/googletest-20250910-5249-qce8ci/googletest-1.17.0/googletest/src/gtest_main.cc
[==========] Running 7 tests from 1 test suite.
[----------] Global test environment set-up.
[----------] 7 tests from ACIRToACSimTest
[ RUN      ] ACIRToACSimTest.DefaultBoundLowersTwoRowModel
[       OK ] ACIRToACSimTest.DefaultBoundLowersTwoRowModel (89 ms)
[ RUN      ] ACIRToACSimTest.CapabilityBoundOverflowIsAtomicDispatchFailure
[       OK ] ACIRToACSimTest.CapabilityBoundOverflowIsAtomicDispatchFailure (6 ms)
[ RUN      ] ACIRToACSimTest.CanonicalVerificationFailureDoesNotPublishACSim
[       OK ] ACIRToACSimTest.CanonicalVerificationFailureDoesNotPublishACSim (9 ms)
[ RUN      ] ACIRToACSimTest.CategoryPrefixesShieldCppKeywordSymbols
[       OK ] ACIRToACSimTest.CategoryPrefixesShieldCppKeywordSymbols (6 ms)
[ RUN      ] ACIRToACSimTest.ModuleReferencesDoNotDependOnSymbolOrder
[       OK ] ACIRToACSimTest.ModuleReferencesDoNotDependOnSymbolOrder (9 ms)
[ RUN      ] ACIRToACSimTest.ModuleInstantiationCycleHasOwnershipDiagnostic
[       OK ] ACIRToACSimTest.ModuleInstantiationCycleHasOwnershipDiagnostic (2 ms)
[ RUN      ] ACIRToACSimTest.ModuleFingerprintIncludesDefiningTopology
[       OK ] ACIRToACSimTest.ModuleFingerprintIncludesDefiningTopology (15 ms)
[----------] 7 tests from ACIRToACSimTest (141 ms total)

[----------] Global test environment tear-down
[==========] 7 tests from 1 test suite ran. (141 ms total)
[  PASSED  ] 7 tests.
