Running main() from /private/tmp/googletest-20250910-5249-qce8ci/googletest-1.17.0/googletest/src/gtest_main.cc
[==========] Running 36 tests from 1 test suite.
[----------] Global test environment set-up.
[----------] 36 tests from ACSimOpsTest
[ RUN      ] ACSimOpsTest.RegistryIsExactlyTheAuthoritativeTwentyTwoOperationTable
[       OK ] ACSimOpsTest.RegistryIsExactlyTheAuthoritativeTwentyTwoOperationTable (4 ms)
[ RUN      ] ACSimOpsTest.GeneratedRealizationsParseWithoutFabricatedBindings
[       OK ] ACSimOpsTest.GeneratedRealizationsParseWithoutFabricatedBindings (7 ms)
[ RUN      ] ACSimOpsTest.LegacyGeneratedBindingSyntaxIsRejected
loc("-":3:21): error: custom op 'acsim.module' expected 'interface'
[       OK ] ACSimOpsTest.LegacyGeneratedBindingSyntaxIsRejected (1 ms)
[ RUN      ] ACSimOpsTest.GeneratedCallsExposeExactCalleeAttributeApi
[       OK ] ACSimOpsTest.GeneratedCallsExposeExactCalleeAttributeApi (0 ms)
[ RUN      ] ACSimOpsTest.ExportRetainsItsPublicSymbolNameApi
[       OK ] ACSimOpsTest.ExportRetainsItsPublicSymbolNameApi (4 ms)
[ RUN      ] ACSimOpsTest.ModuleInterfaceRecordsAreClosedOrderedAndExact
[       OK ] ACSimOpsTest.ModuleInterfaceRecordsAreClosedOrderedAndExact (31 ms)
[ RUN      ] ACSimOpsTest.ModuleExportsRequireExactEndpointDelegation
[       OK ] ACSimOpsTest.ModuleExportsRequireExactEndpointDelegation (10 ms)
[ RUN      ] ACSimOpsTest.PortAndResourceExportsMayShareAnInterfaceName
[       OK ] ACSimOpsTest.PortAndResourceExportsMayShareAnInterfaceName (5 ms)
[ RUN      ] ACSimOpsTest.GeneratedWrapperEndpointsReachChildRuntimeObjects
[       OK ] ACSimOpsTest.GeneratedWrapperEndpointsReachChildRuntimeObjects (5 ms)
[ RUN      ] ACSimOpsTest.GeneratedModuleWrappersOwnChildrenButHaveNoRuntimeRows
[       OK ] ACSimOpsTest.GeneratedModuleWrappersOwnChildrenButHaveNoRuntimeRows (6 ms)
[ RUN      ] ACSimOpsTest.BindingArraysAndProcessesReceiveExactRuntimeRows
[       OK ] ACSimOpsTest.BindingArraysAndProcessesReceiveExactRuntimeRows (5 ms)
[ RUN      ] ACSimOpsTest.DeclarationPermutationsFailBeforeExpansionDeterministically
[       OK ] ACSimOpsTest.DeclarationPermutationsFailBeforeExpansionDeterministically (3 ms)
[ RUN      ] ACSimOpsTest.ProcessDeclarationPermutationsFailBeforeExpansionDeterministically
[       OK ] ACSimOpsTest.ProcessDeclarationPermutationsFailBeforeExpansionDeterministically (5 ms)
[ RUN      ] ACSimOpsTest.CustomModelIndexOwnsProcessReferenceResolution
[       OK ] ACSimOpsTest.CustomModelIndexOwnsProcessReferenceResolution (8 ms)
[ RUN      ] ACSimOpsTest.CustomModelIndexRejectsDuplicateLocalPlacementsAndProcesses
[       OK ] ACSimOpsTest.CustomModelIndexRejectsDuplicateLocalPlacementsAndProcesses (5 ms)
[ RUN      ] ACSimOpsTest.CustomModelIndexRejectsUnresolvedProcessReferences
[       OK ] ACSimOpsTest.CustomModelIndexRejectsUnresolvedProcessReferences (13 ms)
[ RUN      ] ACSimOpsTest.EveryPublicOperationHasItsTypedCppClass
[       OK ] ACSimOpsTest.EveryPublicOperationHasItsTypedCppClass (0 ms)
[ RUN      ] ACSimOpsTest.IndexedWholeModelVerificationHasExactLinearWorkDelta
[       OK ] ACSimOpsTest.IndexedWholeModelVerificationHasExactLinearWorkDelta (34 ms)
[ RUN      ] ACSimOpsTest.CanonicalFixtureCoversInventoryEffectsAndPerPcRoundTrip
[       OK ] ACSimOpsTest.CanonicalFixtureCoversInventoryEffectsAndPerPcRoundTrip (21 ms)
[ RUN      ] ACSimOpsTest.ClosedSchemaSourceMapActivationAndFairnessRegressions
[       OK ] ACSimOpsTest.ClosedSchemaSourceMapActivationAndFairnessRegressions (157 ms)
[ RUN      ] ACSimOpsTest.SemanticMutationsProduceDeterministicDiagnostics
[       OK ] ACSimOpsTest.SemanticMutationsProduceDeterministicDiagnostics (75 ms)
[ RUN      ] ACSimOpsTest.EveryOperationHasATableDrivenBehavioralNegative
[       OK ] ACSimOpsTest.EveryOperationHasATableDrivenBehavioralNegative (143 ms)
[ RUN      ] ACSimOpsTest.EveryTypeHasATableDrivenSemanticNegative
[       OK ] ACSimOpsTest.EveryTypeHasATableDrivenSemanticNegative (51 ms)
[ RUN      ] ACSimOpsTest.BindingLockNestedDomainsAreClosedAndDeclarative
[       OK ] ACSimOpsTest.BindingLockNestedDomainsAreClosedAndDeclarative (53 ms)
[ RUN      ] ACSimOpsTest.BindingTimeDomainReferencesMustResolveToTimeDomainTypes
[       OK ] ACSimOpsTest.BindingTimeDomainReferencesMustResolveToTimeDomainTypes (10 ms)
[ RUN      ] ACSimOpsTest.BindLocalVerifierUsesExactAccessorRoleRecords
[       OK ] ACSimOpsTest.BindLocalVerifierUsesExactAccessorRoleRecords (15 ms)
[ RUN      ] ACSimOpsTest.BindLocalVerifierRejectsMutuallyIncompatibleEndpoints
[       OK ] ACSimOpsTest.BindLocalVerifierRejectsMutuallyIncompatibleEndpoints (15 ms)
[ RUN      ] ACSimOpsTest.ExportBindIsACanonicalTypedConstructionRelation
[       OK ] ACSimOpsTest.ExportBindIsACanonicalTypedConstructionRelation (5 ms)
[ RUN      ] ACSimOpsTest.ExportBindRejectsUnrelatedEqualTypedSource
[       OK ] ACSimOpsTest.ExportBindRejectsUnrelatedEqualTypedSource (4 ms)
[ RUN      ] ACSimOpsTest.CapabilityPreflightUsesExactPrivateLimits
[       OK ] ACSimOpsTest.CapabilityPreflightUsesExactPrivateLimits (26 ms)
[ RUN      ] ACSimOpsTest.CyclicSsaDependencyFailsExplicitlyWithoutRecursion
[       OK ] ACSimOpsTest.CyclicSsaDependencyFailsExplicitlyWithoutRecursion (5 ms)
[ RUN      ] ACSimOpsTest.CyclicProcessPcDependencyFailsExplicitly
[       OK ] ACSimOpsTest.CyclicProcessPcDependencyFailsExplicitly (5 ms)
[ RUN      ] ACSimOpsTest.ReusableExpansionCycleAndTotalCapFailExplicitly
[       OK ] ACSimOpsTest.ReusableExpansionCycleAndTotalCapFailExplicitly (4 ms)
[ RUN      ] ACSimOpsTest.DeepSsaDependenciesUseABoundedIterativeWorklist
[       OK ] ACSimOpsTest.DeepSsaDependenciesUseABoundedIterativeWorklist (608 ms)
[ RUN      ] ACSimOpsTest.DeepProcessPcChainUsesATopologicalWorklist
[       OK ] ACSimOpsTest.DeepProcessPcChainUsesATopologicalWorklist (96 ms)
[ RUN      ] ACSimOpsTest.ForwardOnlyMultiBlockProcessCfgIsCanonical
[       OK ] ACSimOpsTest.ForwardOnlyMultiBlockProcessCfgIsCanonical (7 ms)
[----------] 36 tests from ACSimOpsTest (1463 ms total)

[----------] Global test environment tear-down
[==========] 36 tests from 1 test suite ran. (1463 ms total)
[  PASSED  ] 36 tests.
