Running main() from /private/tmp/googletest-20250910-5249-qce8ci/googletest-1.17.0/googletest/src/gtest_main.cc
[==========] Running 138 tests from 9 test suites.
[----------] Global test environment set-up.
[----------] 11 tests from BuildTest
[ RUN      ] BuildTest.CompilePlanIsClosedCanonicalAndArgumentVectorBased
[       OK ] BuildTest.CompilePlanIsClosedCanonicalAndArgumentVectorBased (270 ms)
[ RUN      ] BuildTest.LinkInputContentsParticipateInCompilePlanIdentity
[       OK ] BuildTest.LinkInputContentsParticipateInCompilePlanIdentity (203 ms)
[ RUN      ] BuildTest.RejectsToolchainOrPrebuiltProvenanceMismatch
[       OK ] BuildTest.RejectsToolchainOrPrebuiltProvenanceMismatch (450 ms)
[ RUN      ] BuildTest.RejectsProfileAndToolchainIdentityMismatch
[       OK ] BuildTest.RejectsProfileAndToolchainIdentityMismatch (174 ms)
[ RUN      ] BuildTest.PublishedBuildRequiresFrozenAcirAndBindingLockBytes
[       OK ] BuildTest.PublishedBuildRequiresFrozenAcirAndBindingLockBytes (308 ms)
[ RUN      ] BuildTest.FrontendProvenanceIsClosedAndContentAddressed
[       OK ] BuildTest.FrontendProvenanceIsClosedAndContentAddressed (190 ms)
[ RUN      ] BuildTest.RejectsNonCanonicalPathsAndSourceFingerprintMismatch
[       OK ] BuildTest.RejectsNonCanonicalPathsAndSourceFingerprintMismatch (308 ms)
[ RUN      ] BuildTest.ExactSecondBuildIsCacheHitAndUnequalInputMisses
[       OK ] BuildTest.ExactSecondBuildIsCacheHitAndUnequalInputMisses (29323 ms)
[ RUN      ] BuildTest.FailedStagePreservesPublishedBuildAndCurrentPointer
[       OK ] BuildTest.FailedStagePreservesPublishedBuildAndCurrentPointer (22758 ms)
[ RUN      ] BuildTest.RejectsEveryEscapingOrNonCanonicalArtifactPath
[       OK ] BuildTest.RejectsEveryEscapingOrNonCanonicalArtifactPath (0 ms)
[ RUN      ] BuildTest.EveryInjectedBoundaryPreservesPublishedState
[       OK ] BuildTest.EveryInjectedBoundaryPreservesPublishedState (33704 ms)
[----------] 11 tests from BuildTest (87693 ms total)

[----------] 5 tests from CodeGenManifestTest
[ RUN      ] CodeGenManifestTest.FingerprintsUseNormativeSpelling
[       OK ] CodeGenManifestTest.FingerprintsUseNormativeSpelling (0 ms)
[ RUN      ] CodeGenManifestTest.CanonicalManifestMatchesClosedSchemaShape
[       OK ] CodeGenManifestTest.CanonicalManifestMatchesClosedSchemaShape (0 ms)
[ RUN      ] CodeGenManifestTest.ManifestRejectsMissingIdentityAndEscapingPath
[       OK ] CodeGenManifestTest.ManifestRejectsMissingIdentityAndEscapingPath (0 ms)
[ RUN      ] CodeGenManifestTest.ManifestCanonicalizesSetLikeCollections
[       OK ] CodeGenManifestTest.ManifestCanonicalizesSetLikeCollections (1 ms)
[ RUN      ] CodeGenManifestTest.BuildFingerprintUsesClosedVersionedPreimage
[       OK ] CodeGenManifestTest.BuildFingerprintUsesClosedVersionedPreimage (1 ms)
[----------] 5 tests from CodeGenManifestTest (3 ms total)

[----------] 9 tests from CodeGenEmitterTest
[ RUN      ] CodeGenEmitterTest.EmitsPragmaOnce
[       OK ] CodeGenEmitterTest.EmitsPragmaOnce (0 ms)
[ RUN      ] CodeGenEmitterTest.EmitsInclude
[       OK ] CodeGenEmitterTest.EmitsInclude (0 ms)
[ RUN      ] CodeGenEmitterTest.EmitsNamespace
[       OK ] CodeGenEmitterTest.EmitsNamespace (0 ms)
[ RUN      ] CodeGenEmitterTest.EmitsClassWithBase
[       OK ] CodeGenEmitterTest.EmitsClassWithBase (0 ms)
[ RUN      ] CodeGenEmitterTest.EmitsEnum
[       OK ] CodeGenEmitterTest.EmitsEnum (0 ms)
[ RUN      ] CodeGenEmitterTest.EmitsConstructor
[       OK ] CodeGenEmitterTest.EmitsConstructor (0 ms)
[ RUN      ] CodeGenEmitterTest.ConstructorDeclarationOmitsInitializers
[       OK ] CodeGenEmitterTest.ConstructorDeclarationOmitsInitializers (0 ms)
[ RUN      ] CodeGenEmitterTest.EmitsMethod
[       OK ] CodeGenEmitterTest.EmitsMethod (0 ms)
[ RUN      ] CodeGenEmitterTest.EmitsSwitch
[       OK ] CodeGenEmitterTest.EmitsSwitch (0 ms)
[----------] 9 tests from CodeGenEmitterTest (0 ms total)

[----------] 3 tests from CodeGenGenTest
[ RUN      ] CodeGenGenTest.GenerateDispatchHeaderIsDenseAndDeterministic
[       OK ] CodeGenGenTest.GenerateDispatchHeaderIsDenseAndDeterministic (0 ms)
[ RUN      ] CodeGenGenTest.GenerateDispatchHeaderRejectsNonDenseIds
[       OK ] CodeGenGenTest.GenerateDispatchHeaderRejectsNonDenseIds (0 ms)
[ RUN      ] CodeGenGenTest.GenerateDispatchHeaderRejectsInvalidActivationEdge
[       OK ] CodeGenGenTest.GenerateDispatchHeaderRejectsInvalidActivationEdge (0 ms)
[----------] 3 tests from CodeGenGenTest (0 ms total)

[----------] 1 test from GeneratedModelCompileTest
[ RUN      ] GeneratedModelCompileTest.MinimalBundleCompilesLinksAndPrintsFingerprint
[       OK ] GeneratedModelCompileTest.MinimalBundleCompilesLinksAndPrintsFingerprint (6379 ms)
[----------] 1 test from GeneratedModelCompileTest (6379 ms total)

[----------] 2 tests from GeneratedModelRuntimeTest
[ RUN      ] GeneratedModelRuntimeTest.PermanentlyIdleObjectsDoNotIncreaseHotWork
[       OK ] GeneratedModelRuntimeTest.PermanentlyIdleObjectsDoNotIncreaseHotWork (17 ms)
[ RUN      ] GeneratedModelRuntimeTest.GeneratedDomainLimitStopsBeforeExcessWork
[       OK ] GeneratedModelRuntimeTest.GeneratedDomainLimitStopsBeforeExcessWork (0 ms)
[----------] 2 tests from GeneratedModelRuntimeTest (17 ms total)

[----------] 22 tests from GeneratorTest
[ RUN      ] GeneratorTest.EmitsExactOrderedFileSetAndTypedOwnership
[       OK ] GeneratorTest.EmitsExactOrderedFileSetAndTypedOwnership (9 ms)
[ RUN      ] GeneratorTest.EmitsReusableNestedModulesWithContextDenseIds
[       OK ] GeneratorTest.EmitsReusableNestedModulesWithContextDenseIds (4 ms)
[ RUN      ] GeneratorTest.RecursivelyAttachesMultidimensionalArrays
[       OK ] GeneratorTest.RecursivelyAttachesMultidimensionalArrays (3 ms)
[ RUN      ] GeneratorTest.RepeatedGenerationIsByteIdentical
[       OK ] GeneratorTest.RepeatedGenerationIsByteIdentical (10 ms)
[ RUN      ] GeneratorTest.SourceIdentityChangesWithGeneratedTopology
[       OK ] GeneratorTest.SourceIdentityChangesWithGeneratedTopology (10 ms)
[ RUN      ] GeneratorTest.SourceContractRejectsRehashedMutationAndForbiddenTokens
[       OK ] GeneratorTest.SourceContractRejectsRehashedMutationAndForbiddenTokens (9 ms)
[ RUN      ] GeneratorTest.RejectsExecutableCppInStructuredMetadata
[       OK ] GeneratorTest.RejectsExecutableCppInStructuredMetadata (3 ms)
[ RUN      ] GeneratorTest.RejectsExecutableThunkInStructuredMetadata
[       OK ] GeneratorTest.RejectsExecutableThunkInStructuredMetadata (3 ms)
[ RUN      ] GeneratorTest.EmitsClosedEnumPcProcessWithoutRawFrames
[       OK ] GeneratorTest.EmitsClosedEnumPcProcessWithoutRawFrames (6 ms)
[ RUN      ] GeneratorTest.EmitsTypedLocalDispatchForMultiBlockProcess
[       OK ] GeneratorTest.EmitsTypedLocalDispatchForMultiBlockProcess (4 ms)
[ RUN      ] GeneratorTest.EmitsSortedExactTimeDomainRuntimeMetadata
[       OK ] GeneratorTest.EmitsSortedExactTimeDomainRuntimeMetadata (6 ms)
[ RUN      ] GeneratorTest.EmitsManifestAwareMainWithoutPythonOrMlirDependencies
[       OK ] GeneratorTest.EmitsManifestAwareMainWithoutPythonOrMlirDependencies (6 ms)
[ RUN      ] GeneratorTest.EmitsStaticTypedTraceOwnerInjection
[       OK ] GeneratorTest.EmitsStaticTypedTraceOwnerInjection (6 ms)
[ RUN      ] GeneratorTest.EmitsClosedTraceOwnerCardinalityFailures
[       OK ] GeneratorTest.EmitsClosedTraceOwnerCardinalityFailures (9 ms)
[ RUN      ] GeneratorTest.RejectsMismatchedMultiBlockSuccessorType
[       OK ] GeneratorTest.RejectsMismatchedMultiBlockSuccessorType (1 ms)
[ RUN      ] GeneratorTest.RejectsMultiBlockSuccessorValueOutsideSourceBlock
[       OK ] GeneratorTest.RejectsMultiBlockSuccessorValueOutsideSourceBlock (1 ms)
[ RUN      ] GeneratorTest.EmitsTypedScalarOperationsWithoutRuntimeHelpers
[       OK ] GeneratorTest.EmitsTypedScalarOperationsWithoutRuntimeHelpers (6 ms)
[ RUN      ] GeneratorTest.ResolvesStaticTypeTemplateArgumentsThroughTypePlan
[       OK ] GeneratorTest.ResolvesStaticTypeTemplateArgumentsThroughTypePlan (6 ms)
[ RUN      ] GeneratorTest.RejectsProcessValueFromAnotherPc
[       OK ] GeneratorTest.RejectsProcessValueFromAnotherPc (3 ms)
[ RUN      ] GeneratorTest.RejectsProcessEffectMismatch
[       OK ] GeneratorTest.RejectsProcessEffectMismatch (3 ms)
[ RUN      ] GeneratorTest.RejectsProcessSuspendWithoutExactWake
[       OK ] GeneratorTest.RejectsProcessSuspendWithoutExactWake (3 ms)
[ RUN      ] GeneratorTest.EmitsDenseDispatchAndCanonicalActivation
[       OK ] GeneratorTest.EmitsDenseDispatchAndCanonicalActivation (6 ms)
[----------] 22 tests from GeneratorTest (128 ms total)

[----------] 10 tests from ModelPlanTest
[ RUN      ] ModelPlanTest.ExtractsClosedIdentitiesTypesAndDenseRuntimePlan
[       OK ] ModelPlanTest.ExtractsClosedIdentitiesTypesAndDenseRuntimePlan (3 ms)
[ RUN      ] ModelPlanTest.IdentifiesTraceOwnersFromTypedBindingMetadata
[       OK ] ModelPlanTest.IdentifiesTraceOwnersFromTypedBindingMetadata (3 ms)
[ RUN      ] ModelPlanTest.RejectsInputWithoutOneCanonicalACSimModel
[       OK ] ModelPlanTest.RejectsInputWithoutOneCanonicalACSimModel (0 ms)
[ RUN      ] ModelPlanTest.ValidationRejectsDestructionThatIsNotReverseConstruction
[       OK ] ModelPlanTest.ValidationRejectsDestructionThatIsNotReverseConstruction (3 ms)
[ RUN      ] ModelPlanTest.ExtractsHierarchyBindingsExpressionsAndProcesses
[       OK ] ModelPlanTest.ExtractsHierarchyBindingsExpressionsAndProcesses (3 ms)
[ RUN      ] ModelPlanTest.RejectsForgedReadableClassNameCollision
[       OK ] ModelPlanTest.RejectsForgedReadableClassNameCollision (3 ms)
[ RUN      ] ModelPlanTest.PreservesEveryBlockAndBranchOperandInProcessStates
[       OK ] ModelPlanTest.PreservesEveryBlockAndBranchOperandInProcessStates (1 ms)
[ RUN      ] ModelPlanTest.RejectsBranchOutsideClosedPcBlockSet
[       OK ] ModelPlanTest.RejectsBranchOutsideClosedPcBlockSet (1 ms)
[ RUN      ] ModelPlanTest.ValidationRejectsTransitionOutsideClosedPcSet
[       OK ] ModelPlanTest.ValidationRejectsTransitionOutsideClosedPcSet (2 ms)
[ RUN      ] ModelPlanTest.IndependentCanonicalParsesProduceIdenticalOwnedPlans
[       OK ] ModelPlanTest.IndependentCanonicalParsesProduceIdenticalOwnedPlans (5 ms)
[----------] 10 tests from ModelPlanTest (27 ms total)

[----------] 75 tests from QueueGraphPlanTest
[ RUN      ] QueueGraphPlanTest.ExtractsFrozenQueueIdentitiesAndTopology
[       OK ] QueueGraphPlanTest.ExtractsFrozenQueueIdentitiesAndTopology (5 ms)
[ RUN      ] QueueGraphPlanTest.RejectsRawUnfrozenQueueGraph
loc("-":2:1): error: malformed flat QueueGraph freeze evidence
[       OK ] QueueGraphPlanTest.RejectsRawUnfrozenQueueGraph (0 ms)
[ RUN      ] QueueGraphPlanTest.CanonicalJsonIsByteIdenticalAndClosed
[       OK ] QueueGraphPlanTest.CanonicalJsonIsByteIdenticalAndClosed (6 ms)
[ RUN      ] QueueGraphPlanTest.PreservesJitSpecializationIdentity
[       OK ] QueueGraphPlanTest.PreservesJitSpecializationIdentity (5 ms)
[ RUN      ] QueueGraphPlanTest.RejectsRecursiveNestedPayloadDefinitions
[       OK ] QueueGraphPlanTest.RejectsRecursiveNestedPayloadDefinitions (2 ms)
[ RUN      ] QueueGraphPlanTest.RejectsMalformedNominalEnumMetadata
[       OK ] QueueGraphPlanTest.RejectsMalformedNominalEnumMetadata (1 ms)
[ RUN      ] QueueGraphPlanTest.RejectsTupleAggregateWidthMismatch
[       OK ] QueueGraphPlanTest.RejectsTupleAggregateWidthMismatch (0 ms)
[ RUN      ] QueueGraphPlanTest.RejectsMalformedValueArrayMetadata
[       OK ] QueueGraphPlanTest.RejectsMalformedValueArrayMetadata (0 ms)
[ RUN      ] QueueGraphPlanTest.RejectsAggregateMetadataWiderThanSixtyFourBits
[       OK ] QueueGraphPlanTest.RejectsAggregateMetadataWiderThanSixtyFourBits (0 ms)
[ RUN      ] QueueGraphPlanTest.RejectsAggregateBitWidthArithmeticOverflow
[       OK ] QueueGraphPlanTest.RejectsAggregateBitWidthArithmeticOverflow (0 ms)
[ RUN      ] QueueGraphPlanTest.RejectsPayloadFieldWidthMismatch
[       OK ] QueueGraphPlanTest.RejectsPayloadFieldWidthMismatch (0 ms)
[ RUN      ] QueueGraphPlanTest.RejectsAggregateCreateOperandTypeOrArityForgery
[       OK ] QueueGraphPlanTest.RejectsAggregateCreateOperandTypeOrArityForgery (0 ms)
[ RUN      ] QueueGraphPlanTest.RejectsAggregateGetCrossElementSliceForgery
[       OK ] QueueGraphPlanTest.RejectsAggregateGetCrossElementSliceForgery (0 ms)
[ RUN      ] QueueGraphPlanTest.RejectsResidualAggregateComparisonBeforeCodegen
[       OK ] QueueGraphPlanTest.RejectsResidualAggregateComparisonBeforeCodegen (0 ms)
[ RUN      ] QueueGraphPlanTest.RejectsResidualInvariantBeforeCodegen
[       OK ] QueueGraphPlanTest.RejectsResidualInvariantBeforeCodegen (0 ms)
[ RUN      ] QueueGraphPlanTest.VerifiesNestedTableMatchCaptureTypes
[       OK ] QueueGraphPlanTest.VerifiesNestedTableMatchCaptureTypes (0 ms)
[ RUN      ] QueueGraphPlanTest.PreservesExactU64MaskedMatchAndRejectsForgedMetadata
[       OK ] QueueGraphPlanTest.PreservesExactU64MaskedMatchAndRejectsForgedMetadata (2061 ms)
[ RUN      ] QueueGraphPlanTest.PreservesReusableModuleSpecializationAndRunsIndependentInstances
[       OK ] QueueGraphPlanTest.PreservesReusableModuleSpecializationAndRunsIndependentInstances (1219 ms)
[ RUN      ] QueueGraphPlanTest.ReadableSpecializationClassesUseLocalSuffixOnlyForCollisions
[       OK ] QueueGraphPlanTest.ReadableSpecializationClassesUseLocalSuffixOnlyForCollisions (7 ms)
[ RUN      ] QueueGraphPlanTest.ReusesStatefulModuleImplementationWithIndependentPersistentState
[       OK ] QueueGraphPlanTest.ReusesStatefulModuleImplementationWithIndependentPersistentState (1413 ms)
[ RUN      ] QueueGraphPlanTest.ReusesMultiRuleModuleAndPreservesOwnerLocalLexicalArbitration
[       OK ] QueueGraphPlanTest.ReusesMultiRuleModuleAndPreservesOwnerLocalLexicalArbitration (1681 ms)
[ RUN      ] QueueGraphPlanTest.ReusesMultiOwnerModuleWithAtomicIndependentInstanceState
[       OK ] QueueGraphPlanTest.ReusesMultiOwnerModuleWithAtomicIndependentInstanceState (1613 ms)
[ RUN      ] QueueGraphPlanTest.StructuredGeneratorPreservesOrderedRepeatedWritesPerOwner
[       OK ] QueueGraphPlanTest.StructuredGeneratorPreservesOrderedRepeatedWritesPerOwner (920 ms)
[ RUN      ] QueueGraphPlanTest.ReusesCombinedMultiRuleMultiOwnerModuleWithAtomicArbitration
[       OK ] QueueGraphPlanTest.ReusesCombinedMultiRuleMultiOwnerModuleWithAtomicArbitration (1688 ms)
[ RUN      ] QueueGraphPlanTest.PreservesNestedSpecializationReuseWithoutFlatteningChildBodies
[       OK ] QueueGraphPlanTest.PreservesNestedSpecializationReuseWithoutFlatteningChildBodies (1278 ms)
[ RUN      ] QueueGraphPlanTest.OwnsInternalQueuesPerMixedNestedSpecializationInstance
[       OK ] QueueGraphPlanTest.OwnsInternalQueuesPerMixedNestedSpecializationInstance (1355 ms)
[ RUN      ] QueueGraphPlanTest.PreservesQueueRateAndRejectsUnspecializedPycLanes
[       OK ] QueueGraphPlanTest.PreservesQueueRateAndRejectsUnspecializedPycLanes (4 ms)
[ RUN      ] QueueGraphPlanTest.RejectsLegacyContractEpochBeforePlanning
[       OK ] QueueGraphPlanTest.RejectsLegacyContractEpochBeforePlanning (0 ms)
[ RUN      ] QueueGraphPlanTest.ExtractsPayloadAndImmutableVarDag
[       OK ] QueueGraphPlanTest.ExtractsPayloadAndImmutableVarDag (2 ms)
[ RUN      ] QueueGraphPlanTest.NativeGeneratorConsumesOnlyExtractedPlan
[       OK ] QueueGraphPlanTest.NativeGeneratorConsumesOnlyExtractedPlan (1 ms)
[ RUN      ] QueueGraphPlanTest.EmitsCanonicalScalarQueuePyc
[       OK ] QueueGraphPlanTest.EmitsCanonicalScalarQueuePyc (0 ms)
[ RUN      ] QueueGraphPlanTest.LowersUnsignedAcirShrToCanonicalPycLshr
[       OK ] QueueGraphPlanTest.LowersUnsignedAcirShrToCanonicalPycLshr (0 ms)
[ RUN      ] QueueGraphPlanTest.EmitsAtomicTransformWithIndependentArity
[       OK ] QueueGraphPlanTest.EmitsAtomicTransformWithIndependentArity (0 ms)
[ RUN      ] QueueGraphPlanTest.EmitsStatelessHeterogeneousOptionalMultiOutputTransition
[       OK ] QueueGraphPlanTest.EmitsStatelessHeterogeneousOptionalMultiOutputTransition (873 ms)
[ RUN      ] QueueGraphPlanTest.CompilesSevenOptionalOutputsPlusMandatoryAck
[       OK ] QueueGraphPlanTest.CompilesSevenOptionalOutputsPlusMandatoryAck (1115 ms)
[ RUN      ] QueueGraphPlanTest.RejectsNoncanonicalOutputPresenceOrdinalOrder
[       OK ] QueueGraphPlanTest.RejectsNoncanonicalOutputPresenceOrdinalOrder (0 ms)
[ RUN      ] QueueGraphPlanTest.RejectsDuplicateOutputPresenceOrdinal
[       OK ] QueueGraphPlanTest.RejectsDuplicateOutputPresenceOrdinal (0 ms)
[ RUN      ] QueueGraphPlanTest.EmitsHeterogeneousBarrierForBothBackends
[       OK ] QueueGraphPlanTest.EmitsHeterogeneousBarrierForBothBackends (0 ms)
[ RUN      ] QueueGraphPlanTest.EmitsStaticQueueCollectionSelectForBothBackends
[       OK ] QueueGraphPlanTest.EmitsStaticQueueCollectionSelectForBothBackends (0 ms)
[ RUN      ] QueueGraphPlanTest.EmitsTypedReorderForBothBackends
[       OK ] QueueGraphPlanTest.EmitsTypedReorderForBothBackends (0 ms)
[ RUN      ] QueueGraphPlanTest.EmitsTypedDependencyForBothBackends
[       OK ] QueueGraphPlanTest.EmitsTypedDependencyForBothBackends (0 ms)
[ RUN      ] QueueGraphPlanTest.EmitsTypedCreditWindowForBothBackends
[       OK ] QueueGraphPlanTest.EmitsTypedCreditWindowForBothBackends (0 ms)
[ RUN      ] QueueGraphPlanTest.EmitsOldDataMemoryForBothBackends
[       OK ] QueueGraphPlanTest.EmitsOldDataMemoryForBothBackends (824 ms)
[ RUN      ] QueueGraphPlanTest.NativeTableKeyConvertsExactWidthValue
[       OK ] QueueGraphPlanTest.NativeTableKeyConvertsExactWidthValue (894 ms)
[ RUN      ] QueueGraphPlanTest.EmitsQueuePredicateAsPycComparison
[       OK ] QueueGraphPlanTest.EmitsQueuePredicateAsPycComparison (11 ms)
[ RUN      ] QueueGraphPlanTest.EmitsOneReadyValidStagePerQueueLatency
[       OK ] QueueGraphPlanTest.EmitsOneReadyValidStagePerQueueLatency (0 ms)
[ RUN      ] QueueGraphPlanTest.RejectsImplicitMultipleConsumers
[       OK ] QueueGraphPlanTest.RejectsImplicitMultipleConsumers (0 ms)
[ RUN      ] QueueGraphPlanTest.FlatGeneratorPreservesOrderedRepeatedWritesPerOwner
[       OK ] QueueGraphPlanTest.FlatGeneratorPreservesOrderedRepeatedWritesPerOwner (990 ms)
[ RUN      ] QueueGraphPlanTest.BorrowsAggregateTableReadsAndMaterializesOutputsBeforeCommit
[       OK ] QueueGraphPlanTest.BorrowsAggregateTableReadsAndMaterializesOutputsBeforeCommit (1688 ms)
[ RUN      ] QueueGraphPlanTest.BorrowsCheckedAggregateReadsWithoutDroppingChecks
[       OK ] QueueGraphPlanTest.BorrowsCheckedAggregateReadsWithoutDroppingChecks (962 ms)
[ RUN      ] QueueGraphPlanTest.OwnerWriteExclusionProofUsesBoundedSharedDagKeys
[       OK ] QueueGraphPlanTest.OwnerWriteExclusionProofUsesBoundedSharedDagKeys (4 ms)
[ RUN      ] QueueGraphPlanTest.RejectsOutOfRangeConstantTableFiringPlan
[       OK ] QueueGraphPlanTest.RejectsOutOfRangeConstantTableFiringPlan (2 ms)
[ RUN      ] QueueGraphPlanTest.RecomputesBoundedFiringIndexConstraints
[       OK ] QueueGraphPlanTest.RecomputesBoundedFiringIndexConstraints (916 ms)
[ RUN      ] QueueGraphPlanTest.RecomputesTableEndpointAndObservationConstraints
[       OK ] QueueGraphPlanTest.RecomputesTableEndpointAndObservationConstraints (3 ms)
[ RUN      ] QueueGraphPlanTest.RejectsTableFiringPlanTypeAndOwnershipBypasses
[       OK ] QueueGraphPlanTest.RejectsTableFiringPlanTypeAndOwnershipBypasses (2 ms)
[ RUN      ] QueueGraphPlanTest.RejectsForgedFrozenFiringBeforePlanExtraction
loc("-":5:13): error: 'ac.firing' op legacy firing summary attribute 'handshake' is not part of canonical ACIR
[       OK ] QueueGraphPlanTest.RejectsForgedFrozenFiringBeforePlanExtraction (1 ms)
[ RUN      ] QueueGraphPlanTest.RejectsInvalidSharedTableReferenceTargets
[       OK ] QueueGraphPlanTest.RejectsInvalidSharedTableReferenceTargets (0 ms)
[ RUN      ] QueueGraphPlanTest.RejectsInvalidSharedTableReferenceProvenance
[       OK ] QueueGraphPlanTest.RejectsInvalidSharedTableReferenceProvenance (0 ms)
[ RUN      ] QueueGraphPlanTest.RejectsInvalidSharedTableReferenceFieldTypes
[       OK ] QueueGraphPlanTest.RejectsInvalidSharedTableReferenceFieldTypes (0 ms)
[ RUN      ] QueueGraphPlanTest.RejectsInvalidSharedTableWidths
[       OK ] QueueGraphPlanTest.RejectsInvalidSharedTableWidths (0 ms)
[ RUN      ] QueueGraphPlanTest.FirstTableChooseUsesSharedScalarPriorityEncoder
[       OK ] QueueGraphPlanTest.FirstTableChooseUsesSharedScalarPriorityEncoder (6426 ms)
[ RUN      ] QueueGraphPlanTest.FusesPureSameSnapshotMatchesAndSharesPredicateDag
[       OK ] QueueGraphPlanTest.FusesPureSameSnapshotMatchesAndSharesPredicateDag (7075 ms)
[ RUN      ] QueueGraphPlanTest.KeyedTableChooseRetainsSelectionLoop
[       OK ] QueueGraphPlanTest.KeyedTableChooseRetainsSelectionLoop (1 ms)
[ RUN      ] QueueGraphPlanTest.VerifiesInlineTableChooseProvenanceAndPairs
[       OK ] QueueGraphPlanTest.VerifiesInlineTableChooseProvenanceAndPairs (0 ms)
[ RUN      ] QueueGraphPlanTest.DuplicateKeyedChoicesKeepIndependentSnapshotEffects
[       OK ] QueueGraphPlanTest.DuplicateKeyedChoicesKeepIndependentSnapshotEffects (1051 ms)
[ RUN      ] QueueGraphPlanTest.DistinctKeyMetadataGeneratesIndependentScans
[       OK ] QueueGraphPlanTest.DistinctKeyMetadataGeneratesIndependentScans (1107 ms)
[ RUN      ] QueueGraphPlanTest.RejectsMalformedPriorityExpressionPlan
[       OK ] QueueGraphPlanTest.RejectsMalformedPriorityExpressionPlan (0 ms)
[ RUN      ] QueueGraphPlanTest.RejectsMalformedPopcountExpressionPlan
[       OK ] QueueGraphPlanTest.RejectsMalformedPopcountExpressionPlan (0 ms)
[ RUN      ] QueueGraphPlanTest.RejectsMalformedCountZerosExpressionPlan
[       OK ] QueueGraphPlanTest.RejectsMalformedCountZerosExpressionPlan (0 ms)
[ RUN      ] QueueGraphPlanTest.RejectsUnconsumedQueueAsStaticDeadlockRisk
[       OK ] QueueGraphPlanTest.RejectsUnconsumedQueueAsStaticDeadlockRisk (0 ms)
[ RUN      ] QueueGraphPlanTest.RejectsRawQueueCycleOutsideFeedbackBlock
[       OK ] QueueGraphPlanTest.RejectsRawQueueCycleOutsideFeedbackBlock (0 ms)
[ RUN      ] QueueGraphPlanTest.ObservationDoesNotConsumeQueue
[       OK ] QueueGraphPlanTest.ObservationDoesNotConsumeQueue (1 ms)
[ RUN      ] QueueGraphPlanTest.VerificationLeafRunsInGfsimAndRejectsPycDesign
[       OK ] QueueGraphPlanTest.VerificationLeafRunsInGfsimAndRejectsPycDesign (0 ms)
[ RUN      ] QueueGraphPlanTest.RejectsMalformedPycFeedbackContract
[       OK ] QueueGraphPlanTest.RejectsMalformedPycFeedbackContract (0 ms)
[ RUN      ] QueueGraphPlanTest.BackendsRejectUncatalogedApplicationBlock
[       OK ] QueueGraphPlanTest.BackendsRejectUncatalogedApplicationBlock (0 ms)
[----------] 75 tests from QueueGraphPlanTest (37235 ms total)

[----------] Global test environment tear-down
[==========] 138 tests from 9 test suites ran. (131485 ms total)
[  PASSED  ] 138 tests.
