[0/1] Running Agentic Circuit lit tests
-- Testing: 192 tests, 10 workers --
PASS: AgenticCircuit :: ACIR/protocols-invalid.mlir (1 of 192)
PASS: AgenticCircuit :: ACIR/hierarchy-invalid.mlir (2 of 192)
PASS: AgenticCircuit :: CodeGen/full-structured-model.mlir (3 of 192)
PASS: AgenticCircuit :: ACIR/resources-invalid.mlir (4 of 192)
PASS: AgenticCircuit :: CodeGen/driver-stages.mlir (5 of 192)
PASS: AgenticCircuit :: CodeGen/extension-provider.mlir (6 of 192)
PASS: AgenticCircuit :: CodeGen/nested-modules.mlir (7 of 192)
PASS: AgenticCircuit :: ACIR/address-time-invalid.mlir (8 of 192)
PASS: AgenticCircuit :: CodeGen/multidimensional-array.mlir (9 of 192)
PASS: AgenticCircuit :: ACIR/var-state-invalid.mlir (10 of 192)
PASS: AgenticCircuit :: ACIR/table-invalid.mlir (11 of 192)
PASS: AgenticCircuit :: CodeGen/determinism.mlir (12 of 192)
PASS: AgenticCircuit :: ACIR/interfaces-invalid.mlir (13 of 192)
PASS: AgenticCircuit :: Analysis/raw-structure-preflight.mlir (14 of 192)
PASS: AgenticCircuit :: CodeGen/emit-cxx-current.mlir (15 of 192)
PASS: AgenticCircuit :: ACIR/var-expressions-invalid.mlir (16 of 192)
PASS: AgenticCircuit :: ACSim/ops-invalid.mlir (17 of 192)
PASS: AgenticCircuit :: Transforms/queue-multi-rule-module-freeze.mlir (18 of 192)
PASS: AgenticCircuit :: ACIR/process-invalid.mlir (19 of 192)
PASS: AgenticCircuit :: Transforms/rule-snapshot-set-lowering.mlir (20 of 192)
PASS: AgenticCircuit :: Transforms/rule-state-driven-lowering.mlir (21 of 192)
PASS: AgenticCircuit :: ACIR/value-contracts-invalid.mlir (22 of 192)
PASS: AgenticCircuit :: ACIR/protocols-review-r1-invalid.mlir (23 of 192)
PASS: AgenticCircuit :: ACSim/generated-call-contract.mlir (24 of 192)
PASS: AgenticCircuit :: CodeGen/table-slot-multiple-tables.mlir (25 of 192)
PASS: AgenticCircuit :: ACIR/collections-invalid.mlir (26 of 192)
PASS: AgenticCircuit :: Transforms/rule-table-lowering.mlir (27 of 192)
PASS: AgenticCircuit :: ACIR/dependency-invalid.mlir (28 of 192)
PASS: AgenticCircuit :: Transforms/queue-module-freeze.mlir (29 of 192)
PASS: AgenticCircuit :: Transforms/rule-owner-write-batch.mlir (30 of 192)
PASS: AgenticCircuit :: Transforms/rule-branch-local-lowering.mlir (31 of 192)
PASS: AgenticCircuit :: Transforms/variable-state-lowering.mlir (32 of 192)
PASS: AgenticCircuit :: Transforms/rule-multi-state-lowering.mlir (33 of 192)
PASS: AgenticCircuit :: ACIR/firing-invalid.mlir (34 of 192)
PASS: AgenticCircuit :: ACIR/canonical-entrypoint.mlir (35 of 192)
PASS: AgenticCircuit :: Transforms/rule-consume-only-lowering.mlir (36 of 192)
PASS: AgenticCircuit :: ACIR/dormant-surface-invalid.mlir (37 of 192)
PASS: AgenticCircuit :: ACIR/writer-arbitration.mlir (38 of 192)
PASS: AgenticCircuit :: Transforms/freeze-topology.mlir (39 of 192)
PASS: AgenticCircuit :: ACIR/rule-invalid.mlir (40 of 192)
PASS: AgenticCircuit :: Conversion/bindings-invalid.mlir (41 of 192)
PASS: AgenticCircuit :: Analysis/process-state-verifier.mlir (42 of 192)
PASS: AgenticCircuit :: CodeGen/table-endpoint-value-constraints.mlir (43 of 192)
PASS: AgenticCircuit :: ACIR/runtime-references-invalid.mlir (44 of 192)
PASS: AgenticCircuit :: Transforms/variable-array-state-lowering.mlir (45 of 192)
PASS: AgenticCircuit :: Transforms/variable-enum-state-lowering.mlir (46 of 192)
PASS: AgenticCircuit :: Transforms/queue-stateful-module-freeze.mlir (47 of 192)
PASS: AgenticCircuit :: Transforms/rule-branch-join-lowering.mlir (48 of 192)
PASS: AgenticCircuit :: CodeGen/bit-operations.mlir (49 of 192)
PASS: AgenticCircuit :: Transforms/queue-multi-rule-multi-owner-module.mlir (50 of 192)
PASS: AgenticCircuit :: Transforms/rule-optional-output-lowering.mlir (51 of 192)
PASS: AgenticCircuit :: Transforms/rule-table-multi-input-lowering.mlir (52 of 192)
PASS: AgenticCircuit :: Transforms/rule-multi-input-branch-lowering.mlir (53 of 192)
PASS: AgenticCircuit :: Transforms/variable-module-state-lowering.mlir (54 of 192)
PASS: AgenticCircuit :: Transforms/queue-multi-owner-module-freeze.mlir (55 of 192)
PASS: AgenticCircuit :: ACIR/review-r1-invalid.mlir (56 of 192)
PASS: AgenticCircuit :: Transforms/rule-multi-input-lowering.mlir (57 of 192)
PASS: AgenticCircuit :: ACIR/view-provenance.mlir (58 of 192)
PASS: AgenticCircuit :: ACIR/queue-var-types-invalid.mlir (59 of 192)
PASS: AgenticCircuit :: CodeGen/bit-widths.mlir (60 of 192)
PASS: AgenticCircuit :: CodeGen/masked-match.mlir (61 of 192)
PASS: AgenticCircuit :: Transforms/verify-model.mlir (62 of 192)
PASS: AgenticCircuit :: Transforms/variable-struct-state-lowering.mlir (63 of 192)
PASS: AgenticCircuit :: CodeGen/atomic-transform.mlir (64 of 192)
PASS: AgenticCircuit :: ACIR/interfaces-review-r1-invalid.mlir (65 of 192)
PASS: AgenticCircuit :: Transforms/queue-nested-module-freeze.mlir (66 of 192)
PASS: AgenticCircuit :: Transforms/queue-mixed-nested-module.mlir (67 of 192)
PASS: AgenticCircuit :: Transforms/rule-pure-optional-lowering.mlir (68 of 192)
PASS: AgenticCircuit :: Transforms/queue-root-result-freeze.mlir (69 of 192)
PASS: AgenticCircuit :: Transforms/rule-lowering.mlir (70 of 192)
PASS: AgenticCircuit :: ACIR/memory-invalid.mlir (71 of 192)
PASS: AgenticCircuit :: ACIR/contracts-invalid.mlir (72 of 192)
PASS: AgenticCircuit :: CodeGen/value-select.mlir (73 of 192)
PASS: AgenticCircuit :: ACIR/aggregate-values-invalid.mlir (74 of 192)
PASS: AgenticCircuit :: Transforms/rule-lowering-invalid.mlir (75 of 192)
PASS: AgenticCircuit :: ACIR/types-invalid.mlir (76 of 192)
PASS: AgenticCircuit :: ACIR/rule-table-invalid.mlir (77 of 192)
PASS: AgenticCircuit :: ACIR/declarations-invalid.mlir (78 of 192)
PASS: AgenticCircuit :: ACIR/transform-invalid.mlir (79 of 192)
PASS: AgenticCircuit :: ACSim/ops-valid.mlir (80 of 192)
PASS: AgenticCircuit :: Transforms/deterministic-canonicalization.mlir (81 of 192)
PASS: AgenticCircuit :: ACIR/control-feedback-invalid.mlir (82 of 192)
PASS: AgenticCircuit :: ACIR/firing-footprint-invalid.mlir (83 of 192)
PASS: AgenticCircuit :: ACSim/types-invalid.mlir (84 of 192)
PASS: AgenticCircuit :: ACIR/bitfield-schema-invalid.mlir (85 of 192)
PASS: AgenticCircuit :: ACIR/ownership-order-review-r2.mlir (86 of 192)
PASS: AgenticCircuit :: Transforms/table-endpoint-value-constraints-invalid.mlir (87 of 192)
PASS: AgenticCircuit :: Conversion/structure.mlir (88 of 192)
PASS: AgenticCircuit :: Bindings/resolve-empty.mlir (89 of 192)
PASS: AgenticCircuit :: ACIR/state-snapshot-set-invalid.mlir (90 of 192)
PASS: AgenticCircuit :: ACIR/reorder-invalid.mlir (91 of 192)
PASS: AgenticCircuit :: ACIR/dialect-smoke.mlir (92 of 192)
PASS: AgenticCircuit :: ACIR/port-mapping-review-r2.mlir (93 of 192)
PASS: AgenticCircuit :: ACIR/barrier-invalid.mlir (94 of 192)
PASS: AgenticCircuit :: Conversion/atomic-failure.mlir (95 of 192)
PASS: AgenticCircuit :: Conversion/bindings.mlir (96 of 192)
PASS: AgenticCircuit :: Conversion/hierarchy.mlir (97 of 192)
PASS: AgenticCircuit :: Bindings/resolve-valid.mlir (98 of 192)
PASS: AgenticCircuit :: ACIR/masked-matching-invalid.mlir (99 of 192)
PASS: AgenticCircuit :: ACIR/select.mlir (100 of 192)
PASS: AgenticCircuit :: Transforms/zero-delay-cycles.mlir (101 of 192)
PASS: AgenticCircuit :: ACIR/records-invalid.mlir (102 of 192)
PASS: AgenticCircuit :: ACIR/source-sink.mlir (103 of 192)
PASS: AgenticCircuit :: ACIR/types-valid.mlir (104 of 192)
PASS: AgenticCircuit :: ACIR/credit.mlir (105 of 192)
PASS: AgenticCircuit :: ACIR/var-expressions.mlir (106 of 192)
PASS: AgenticCircuit :: ACIR/guarantees-review-r1-invalid.mlir (107 of 192)
PASS: AgenticCircuit :: ACIR/transform.mlir (108 of 192)
PASS: AgenticCircuit :: ACIR/broadcast-invalid.mlir (109 of 192)
PASS: AgenticCircuit :: ACIR/barrier.mlir (110 of 192)
PASS: AgenticCircuit :: ACIR/memory.mlir (111 of 192)
PASS: AgenticCircuit :: ACIR/review-r2-invalid.mlir (112 of 192)
PASS: AgenticCircuit :: ACIR/scope-invalid.mlir (113 of 192)
PASS: AgenticCircuit :: ACSim/dialect-smoke.mlir (114 of 192)
PASS: AgenticCircuit :: Conversion/collections.mlir (115 of 192)
PASS: AgenticCircuit :: ACIR/queue-var-types.mlir (116 of 192)
PASS: AgenticCircuit :: ACIR/dependency.mlir (117 of 192)
PASS: AgenticCircuit :: ACIR/masked-matching.mlir (118 of 192)
PASS: AgenticCircuit :: Transforms/value-contracts-lowering.mlir (119 of 192)
PASS: AgenticCircuit :: ACIR/contract-epoch.mlir (120 of 192)
PASS: AgenticCircuit :: Conversion/whole-model.mlir (121 of 192)
PASS: AgenticCircuit :: ACIR/reorder.mlir (122 of 192)
PASS: AgenticCircuit :: ACSim/types-valid.mlir (123 of 192)
PASS: AgenticCircuit :: ACIR/aggregate-values.mlir (124 of 192)
PASS: AgenticCircuit :: ACIR/select-invalid.mlir (125 of 192)
PASS: AgenticCircuit :: ACIR/address-map-canonical-order.mlir (126 of 192)
PASS: AgenticCircuit :: ACIR/bitfield-schema.mlir (127 of 192)
PASS: AgenticCircuit :: ACIR/credit-invalid.mlir (128 of 192)
PASS: AgenticCircuit :: ACIR/enum-values-invalid.mlir (129 of 192)
PASS: AgenticCircuit :: Bindings/resolve-missing.mlir (130 of 192)
PASS: AgenticCircuit :: ACIR/enum-values.mlir (131 of 192)
PASS: AgenticCircuit :: ACIR/process-valid.mlir (132 of 192)
PASS: AgenticCircuit :: ACIR/address-selectors-valid.mlir (133 of 192)
PASS: AgenticCircuit :: ACIR/hierarchy-valid.mlir (134 of 192)
PASS: AgenticCircuit :: ACIR/contracts-valid.mlir (135 of 192)
PASS: AgenticCircuit :: Transforms/value-constraints-invalid.mlir (136 of 192)
PASS: AgenticCircuit :: ACSim/reusable-modules.mlir (137 of 192)
PASS: AgenticCircuit :: ACIR/scope.mlir (138 of 192)
PASS: AgenticCircuit :: ACIR/address-time-valid.mlir (139 of 192)
PASS: AgenticCircuit :: ACIR/interfaces-valid.mlir (140 of 192)
PASS: AgenticCircuit :: ACIR/review-r1-valid.mlir (141 of 192)
PASS: AgenticCircuit :: ACIR/resources-valid.mlir (142 of 192)
PASS: AgenticCircuit :: ACIR/firing.mlir (143 of 192)
PASS: AgenticCircuit :: ACIR/table.mlir (144 of 192)
PASS: AgenticCircuit :: CodeGen/arbiter-verilog.mlir (145 of 192)
PASS: AgenticCircuit :: Conversion/pure-results.mlir (146 of 192)
PASS: AgenticCircuit :: Conversion/process-live-values.mlir (147 of 192)
PASS: AgenticCircuit :: ACIR/expect-invalid.mlir (148 of 192)
PASS: AgenticCircuit :: Python/cli-compile.mlir (149 of 192)
PASS: AgenticCircuit :: Transforms/rule-eight-output-lowering.mlir (150 of 192)
PASS: AgenticCircuit :: ACIR/observe.mlir (151 of 192)
PASS: AgenticCircuit :: Conversion/process-missing-mapping.mlir (152 of 192)
PASS: AgenticCircuit :: ACIR/resources-forward-malformed-invalid.mlir (153 of 192)
PASS: AgenticCircuit :: ACIR/topology-review-r1-invalid.mlir (154 of 192)
PASS: AgenticCircuit :: ACIR/protocols-valid.mlir (155 of 192)
PASS: AgenticCircuit :: Transforms/rule-multi-output-lowering.mlir (156 of 192)
PASS: AgenticCircuit :: ACIR/expect.mlir (157 of 192)
PASS: AgenticCircuit :: Conversion/time-domains.mlir (158 of 192)
PASS: AgenticCircuit :: Conversion/process-invalid.mlir (159 of 192)
PASS: AgenticCircuit :: ACIR/fork-invalid.mlir (160 of 192)
PASS: AgenticCircuit :: CodeGen/arbiter.mlir (161 of 192)
PASS: AgenticCircuit :: ACIR/route-invalid.mlir (162 of 192)
PASS: AgenticCircuit :: Transforms/structural-instance-retention.mlir (163 of 192)
PASS: AgenticCircuit :: Transforms/value-contracts-residual-invalid.mlir (164 of 192)
PASS: AgenticCircuit :: ACIR/source-sink-invalid.mlir (165 of 192)
PASS: AgenticCircuit :: ACIR/control-feedback.mlir (166 of 192)
PASS: AgenticCircuit :: Transforms/value-constraints-rule-lowering.mlir (167 of 192)
PASS: AgenticCircuit :: Conversion/typed-graph.mlir (168 of 192)
PASS: AgenticCircuit :: ACIR/broadcast.mlir (169 of 192)
PASS: AgenticCircuit :: Conversion/process-basic.mlir (170 of 192)
PASS: AgenticCircuit :: Python/frontend-lowering.mlir (171 of 192)
PASS: AgenticCircuit :: CodeGen/driver-errors.mlir (172 of 192)
PASS: AgenticCircuit :: ACIR/declarations-valid.mlir (173 of 192)
PASS: AgenticCircuit :: Transforms/value-constraints.mlir (174 of 192)
PASS: AgenticCircuit :: CodeGen/process-control-flow.mlir (175 of 192)
PASS: AgenticCircuit :: CodeGen/popcount.mlir (176 of 192)
PASS: AgenticCircuit :: Conversion/process-control-flow.mlir (177 of 192)
PASS: AgenticCircuit :: Bindings/resolve-ambiguous.mlir (178 of 192)
PASS: AgenticCircuit :: CodeGen/count-leading-zeros.mlir (179 of 192)
PASS: AgenticCircuit :: ACIR/observe-invalid.mlir (180 of 192)
PASS: AgenticCircuit :: ACIR/collections-valid.mlir (181 of 192)
PASS: AgenticCircuit :: Analysis/process-state-pass.mlir (182 of 192)
PASS: AgenticCircuit :: Transforms/queue-var-cse.mlir (183 of 192)
PASS: AgenticCircuit :: CodeGen/opcode-catalog.mlir (184 of 192)
PASS: AgenticCircuit :: Transforms/rule-checks.mlir (185 of 192)
PASS: AgenticCircuit :: ACSim/generated-wrapper-activation.mlir (186 of 192)
PASS: AgenticCircuit :: ACIR/route.mlir (187 of 192)
PASS: AgenticCircuit :: CodeGen/acir-build-input-contract.mlir (188 of 192)
PASS: AgenticCircuit :: CodeGen/forbidden-generated-dependencies.mlir (189 of 192)
PASS: AgenticCircuit :: ACIR/fork.mlir (190 of 192)
PASS: AgenticCircuit :: ACIR/var-outputless-rule.mlir (191 of 192)
PASS: AgenticCircuit :: ACIR/records-valid.mlir (192 of 192)

Testing Time: 25.12s

Total Discovered Tests: 192
  Passed: 192 (100.00%)
