[1/14] Linking CXX executable bin/ACIRNamespaceContractsTests
ld: warning: ignoring duplicate libraries: '/opt/homebrew/Cellar/llvm/22.1.8/lib/libMLIRArithDialect.a', '/opt/homebrew/Cellar/llvm/22.1.8/lib/libMLIRFuncDialect.a', '/opt/homebrew/Cellar/llvm/22.1.8/lib/libMLIRSupport.a', 'compiler/acir/lib/Dialect/ACIR/libACIRDialect.a'
[2/14] Linking CXX executable bin/ACIRSourceModuleContractsTests
ld: warning: ignoring duplicate libraries: '/opt/homebrew/Cellar/llvm/22.1.8/lib/libMLIRArithDialect.a', '/opt/homebrew/Cellar/llvm/22.1.8/lib/libMLIRFuncDialect.a', '/opt/homebrew/Cellar/llvm/22.1.8/lib/libMLIRSupport.a', 'compiler/acir/lib/Dialect/ACIR/libACIRDialect.a'
[3/14] Linking CXX executable bin/ACIRSourceUnitTests
ld: warning: ignoring duplicate libraries: '/opt/homebrew/Cellar/llvm/22.1.8/lib/libMLIRArithDialect.a', '/opt/homebrew/Cellar/llvm/22.1.8/lib/libMLIRFuncDialect.a', '/opt/homebrew/Cellar/llvm/22.1.8/lib/libMLIRSupport.a', 'compiler/acir/lib/Dialect/ACIR/libACIRDialect.a'
[4/14] Linking CXX executable bin/ACIRSourceLinkAdmissionTests
ld: warning: ignoring duplicate libraries: '/opt/homebrew/Cellar/llvm/22.1.8/lib/libMLIRArithDialect.a', '/opt/homebrew/Cellar/llvm/22.1.8/lib/libMLIRFuncDialect.a', '/opt/homebrew/Cellar/llvm/22.1.8/lib/libMLIRSupport.a', 'compiler/acir/lib/Dialect/ACIR/libACIRDialect.a'
[5/14] Linking CXX executable bin/acir-backend-closure-harness
ld: warning: ignoring duplicate libraries: '/opt/homebrew/Cellar/llvm/22.1.8/lib/libMLIRArithDialect.a', '/opt/homebrew/Cellar/llvm/22.1.8/lib/libMLIRFuncDialect.a', '/opt/homebrew/Cellar/llvm/22.1.8/lib/libMLIRSupport.a', 'compiler/acir/lib/Dialect/ACIR/libACIRDialect.a'
[6/14] Linking CXX executable bin/ACIRSourceMathContractsTests
ld: warning: ignoring duplicate libraries: '/opt/homebrew/Cellar/llvm/22.1.8/lib/libMLIRArithDialect.a', '/opt/homebrew/Cellar/llvm/22.1.8/lib/libMLIRAsmParser.a', '/opt/homebrew/Cellar/llvm/22.1.8/lib/libMLIRIR.a', '/opt/homebrew/Cellar/llvm/22.1.8/lib/libMLIRPass.a', '/opt/homebrew/Cellar/llvm/22.1.8/lib/libMLIRSCFDialect.a', 'compiler/acir/lib/Dialect/ACIR/libACIRDialect.a'
[7/14] Linking CXX executable bin/ACIRModuleGraphTests
ld: warning: ignoring duplicate libraries: '/opt/homebrew/Cellar/llvm/22.1.8/lib/libMLIRArithDialect.a', '/opt/homebrew/Cellar/llvm/22.1.8/lib/libMLIRSupport.a', 'compiler/acir/lib/Dialect/ACIR/libACIRDialect.a'
[8/14] Linking CXX executable bin/ACIRObservationContractsTests
ld: warning: ignoring duplicate libraries: '/opt/homebrew/Cellar/llvm/22.1.8/lib/libMLIRArithDialect.a', '/opt/homebrew/Cellar/llvm/22.1.8/lib/libMLIRSupport.a', 'compiler/acir/lib/Dialect/ACIR/libACIRDialect.a'
[9/14] Linking CXX executable bin/ACIRRuleEffectsTests
ld: warning: ignoring duplicate libraries: '/opt/homebrew/Cellar/llvm/22.1.8/lib/libMLIRArithDialect.a', '/opt/homebrew/Cellar/llvm/22.1.8/lib/libMLIRSupport.a', 'compiler/acir/lib/Dialect/ACIR/libACIRDialect.a'
[10/14] Linking CXX executable bin/ACIRFinalProgramTests
ld: warning: ignoring duplicate libraries: '/opt/homebrew/Cellar/llvm/22.1.8/lib/libMLIRArithDialect.a', '/opt/homebrew/Cellar/llvm/22.1.8/lib/libMLIRSupport.a', 'compiler/acir/lib/Dialect/ACIR/libACIRDialect.a'
[11/14] Linking CXX executable bin/ACIRCheckContractsTests
ld: warning: ignoring duplicate libraries: '/opt/homebrew/Cellar/llvm/22.1.8/lib/libMLIRArithDialect.a', '/opt/homebrew/Cellar/llvm/22.1.8/lib/libMLIRSupport.a', 'compiler/acir/lib/Dialect/ACIR/libACIRDialect.a'
[12/14] Linking CXX executable bin/ACIRProposalContractsTests
ld: warning: ignoring duplicate libraries: '/opt/homebrew/Cellar/llvm/22.1.8/lib/libMLIRArithDialect.a', '/opt/homebrew/Cellar/llvm/22.1.8/lib/libMLIRSupport.a', 'compiler/acir/lib/Dialect/ACIR/libACIRDialect.a'
[13/14] Linking CXX executable bin/ACIRBackendClosureTests
ld: warning: ignoring duplicate libraries: '/opt/homebrew/Cellar/llvm/22.1.8/lib/libMLIRArithDialect.a', '/opt/homebrew/Cellar/llvm/22.1.8/lib/libMLIRSupport.a', 'compiler/acir/lib/Dialect/ACIR/libACIRDialect.a'
[14/14] Linking CXX executable bin/ACIRExecutableBackendClosureTests
ld: warning: ignoring duplicate libraries: '/opt/homebrew/Cellar/llvm/22.1.8/lib/libMLIRArithDialect.a', '/opt/homebrew/Cellar/llvm/22.1.8/lib/libMLIRSupport.a', 'compiler/acir/lib/Dialect/ACIR/libACIRDialect.a'
