[0/1] Running Agentic Circuit lit tests
-- Testing: 194 tests, 10 workers --
PASS: AgenticCircuit :: CodeGen/extension-provider.mlir (1 of 194)
PASS: AgenticCircuit :: CodeGen/driver-stages.mlir (2 of 194)
PASS: AgenticCircuit :: CodeGen/nested-modules.mlir (3 of 194)
PASS: AgenticCircuit :: ACSim/ops-invalid.mlir (4 of 194)
PASS: AgenticCircuit :: ACIR/protocols-invalid.mlir (5 of 194)
PASS: AgenticCircuit :: ACIR/hierarchy-invalid.mlir (6 of 194)
PASS: AgenticCircuit :: ACIR/resources-invalid.mlir (7 of 194)
PASS: AgenticCircuit :: Transforms/rule-multi-state-lowering.mlir (8 of 194)
PASS: AgenticCircuit :: Transforms/rule-snapshot-set-lowering.mlir (9 of 194)
PASS: AgenticCircuit :: CodeGen/table-endpoint-value-constraints.mlir (10 of 194)
PASS: AgenticCircuit :: Transforms/rule-state-driven-lowering.mlir (11 of 194)
PASS: AgenticCircuit :: CodeGen/determinism.mlir (12 of 194)
PASS: AgenticCircuit :: ACIR/address-time-invalid.mlir (13 of 194)
PASS: AgenticCircuit :: CodeGen/emit-cxx-current.mlir (14 of 194)
PASS: AgenticCircuit :: Transforms/variable-module-state-lowering.mlir (15 of 194)
PASS: AgenticCircuit :: CodeGen/full-structured-model.mlir (16 of 194)
PASS: AgenticCircuit :: ACIR/var-expressions-invalid.mlir (17 of 194)
PASS: AgenticCircuit :: Transforms/rule-table-lowering.mlir (18 of 194)
PASS: AgenticCircuit :: Analysis/raw-structure-preflight.mlir (19 of 194)
PASS: AgenticCircuit :: CodeGen/table-slot-multiple-tables.mlir (20 of 194)
PASS: AgenticCircuit :: Transforms/variable-struct-state-lowering.mlir (21 of 194)
PASS: AgenticCircuit :: Transforms/variable-state-lowering.mlir (22 of 194)
PASS: AgenticCircuit :: ACIR/interfaces-invalid.mlir (23 of 194)
PASS: AgenticCircuit :: CodeGen/multidimensional-array.mlir (24 of 194)
PASS: AgenticCircuit :: Transforms/variable-enum-state-lowering.mlir (25 of 194)
PASS: AgenticCircuit :: ACIR/table-invalid.mlir (26 of 194)
PASS: AgenticCircuit :: ACIR/table-layout-invalid.mlir (27 of 194)
PASS: AgenticCircuit :: ACSim/generated-call-contract.mlir (28 of 194)
PASS: AgenticCircuit :: ACIR/var-state-invalid.mlir (29 of 194)
PASS: AgenticCircuit :: ACIR/process-invalid.mlir (30 of 194)
PASS: AgenticCircuit :: ACIR/value-contracts-invalid.mlir (31 of 194)
PASS: AgenticCircuit :: ACIR/protocols-review-r1-invalid.mlir (32 of 194)
PASS: AgenticCircuit :: ACIR/dependency-invalid.mlir (33 of 194)
PASS: AgenticCircuit :: ACIR/collections-invalid.mlir (34 of 194)
PASS: AgenticCircuit :: ACIR/firing-invalid.mlir (35 of 194)
PASS: AgenticCircuit :: ACIR/canonical-entrypoint.mlir (36 of 194)
PASS: AgenticCircuit :: Transforms/queue-module-freeze.mlir (37 of 194)
PASS: AgenticCircuit :: ACIR/dormant-surface-invalid.mlir (38 of 194)
PASS: AgenticCircuit :: ACIR/writer-arbitration.mlir (39 of 194)
PASS: AgenticCircuit :: ACIR/rule-invalid.mlir (40 of 194)
PASS: AgenticCircuit :: ACIR/runtime-references-invalid.mlir (41 of 194)
PASS: AgenticCircuit :: Transforms/rule-consume-only-lowering.mlir (42 of 194)
PASS: AgenticCircuit :: Conversion/bindings-invalid.mlir (43 of 194)
PASS: AgenticCircuit :: Analysis/process-state-verifier.mlir (44 of 194)
PASS: AgenticCircuit :: Transforms/freeze-topology.mlir (45 of 194)
PASS: AgenticCircuit :: Transforms/rule-optional-output-lowering.mlir (46 of 194)
PASS: AgenticCircuit :: ACIR/queue-var-types-invalid.mlir (47 of 194)
PASS: AgenticCircuit :: Transforms/queue-stateful-module-freeze.mlir (48 of 194)
PASS: AgenticCircuit :: Transforms/rule-branch-local-lowering.mlir (49 of 194)
PASS: AgenticCircuit :: Transforms/rule-branch-join-lowering.mlir (50 of 194)
PASS: AgenticCircuit :: Transforms/rule-multi-input-branch-lowering.mlir (51 of 194)
PASS: AgenticCircuit :: Transforms/verify-model.mlir (52 of 194)
PASS: AgenticCircuit :: ACIR/view-provenance.mlir (53 of 194)
PASS: AgenticCircuit :: Transforms/rule-multi-input-lowering.mlir (54 of 194)
PASS: AgenticCircuit :: Transforms/queue-multi-rule-multi-owner-module.mlir (55 of 194)
PASS: AgenticCircuit :: Transforms/rule-owner-write-batch.mlir (56 of 194)
PASS: AgenticCircuit :: ACIR/review-r1-invalid.mlir (57 of 194)
PASS: AgenticCircuit :: Transforms/queue-multi-owner-module-freeze.mlir (58 of 194)
PASS: AgenticCircuit :: Transforms/rule-table-multi-input-lowering.mlir (59 of 194)
PASS: AgenticCircuit :: Transforms/variable-array-state-lowering.mlir (60 of 194)
PASS: AgenticCircuit :: Python/cli-compile.mlir (61 of 194)
PASS: AgenticCircuit :: Transforms/rule-lowering.mlir (62 of 194)
PASS: AgenticCircuit :: Transforms/queue-multi-rule-module-freeze.mlir (63 of 194)
PASS: AgenticCircuit :: ACIR/memory-invalid.mlir (64 of 194)
PASS: AgenticCircuit :: ACIR/interfaces-review-r1-invalid.mlir (65 of 194)
PASS: AgenticCircuit :: CodeGen/value-select.mlir (66 of 194)
PASS: AgenticCircuit :: CodeGen/masked-match.mlir (67 of 194)
PASS: AgenticCircuit :: CodeGen/bit-operations.mlir (68 of 194)
PASS: AgenticCircuit :: Transforms/queue-nested-module-freeze.mlir (69 of 194)
PASS: AgenticCircuit :: Transforms/rule-pure-optional-lowering.mlir (70 of 194)
PASS: AgenticCircuit :: ACIR/contracts-invalid.mlir (71 of 194)
PASS: AgenticCircuit :: CodeGen/atomic-transform.mlir (72 of 194)
PASS: AgenticCircuit :: ACIR/declarations-invalid.mlir (73 of 194)
PASS: AgenticCircuit :: Transforms/rule-lowering-invalid.mlir (74 of 194)
PASS: AgenticCircuit :: ACSim/types-invalid.mlir (75 of 194)
PASS: AgenticCircuit :: ACIR/types-invalid.mlir (76 of 194)
PASS: AgenticCircuit :: Transforms/queue-root-result-freeze.mlir (77 of 194)
PASS: AgenticCircuit :: ACIR/aggregate-values-invalid.mlir (78 of 194)
PASS: AgenticCircuit :: Transforms/queue-mixed-nested-module.mlir (79 of 194)
PASS: AgenticCircuit :: ACIR/rule-table-invalid.mlir (80 of 194)
PASS: AgenticCircuit :: CodeGen/bit-widths.mlir (81 of 194)
PASS: AgenticCircuit :: ACIR/transform-invalid.mlir (82 of 194)
PASS: AgenticCircuit :: Transforms/deterministic-canonicalization.mlir (83 of 194)
PASS: AgenticCircuit :: ACIR/control-feedback-invalid.mlir (84 of 194)
PASS: AgenticCircuit :: ACSim/ops-valid.mlir (85 of 194)
PASS: AgenticCircuit :: ACIR/bitfield-schema-invalid.mlir (86 of 194)
PASS: AgenticCircuit :: ACIR/dialect-smoke.mlir (87 of 194)
PASS: AgenticCircuit :: Bindings/resolve-valid.mlir (88 of 194)
PASS: AgenticCircuit :: ACIR/ownership-order-review-r2.mlir (89 of 194)
PASS: AgenticCircuit :: ACIR/firing-footprint-invalid.mlir (90 of 194)
PASS: AgenticCircuit :: Transforms/table-endpoint-value-constraints-invalid.mlir (91 of 194)
PASS: AgenticCircuit :: Conversion/bindings.mlir (92 of 194)
PASS: AgenticCircuit :: Conversion/structure.mlir (93 of 194)
PASS: AgenticCircuit :: ACIR/reorder-invalid.mlir (94 of 194)
PASS: AgenticCircuit :: ACIR/masked-matching-invalid.mlir (95 of 194)
PASS: AgenticCircuit :: Conversion/atomic-failure.mlir (96 of 194)
PASS: AgenticCircuit :: ACIR/records-invalid.mlir (97 of 194)
PASS: AgenticCircuit :: Bindings/resolve-empty.mlir (98 of 194)
PASS: AgenticCircuit :: ACIR/port-mapping-review-r2.mlir (99 of 194)
PASS: AgenticCircuit :: Conversion/hierarchy.mlir (100 of 194)
PASS: AgenticCircuit :: ACIR/guarantees-review-r1-invalid.mlir (101 of 194)
PASS: AgenticCircuit :: ACIR/dependency.mlir (102 of 194)
PASS: AgenticCircuit :: ACIR/broadcast-invalid.mlir (103 of 194)
PASS: AgenticCircuit :: ACIR/review-r2-invalid.mlir (104 of 194)
PASS: AgenticCircuit :: ACIR/scope-invalid.mlir (105 of 194)
PASS: AgenticCircuit :: Conversion/collections.mlir (106 of 194)
PASS: AgenticCircuit :: ACIR/queue-var-types.mlir (107 of 194)
PASS: AgenticCircuit :: ACIR/var-expressions.mlir (108 of 194)
PASS: AgenticCircuit :: ACIR/select.mlir (109 of 194)
PASS: AgenticCircuit :: ACIR/source-sink.mlir (110 of 194)
PASS: AgenticCircuit :: ACIR/credit.mlir (111 of 194)
PASS: AgenticCircuit :: ACSim/dialect-smoke.mlir (112 of 194)
PASS: AgenticCircuit :: Transforms/zero-delay-cycles.mlir (113 of 194)
PASS: AgenticCircuit :: ACIR/barrier-invalid.mlir (114 of 194)
PASS: AgenticCircuit :: ACIR/memory.mlir (115 of 194)
PASS: AgenticCircuit :: ACIR/types-valid.mlir (116 of 194)
PASS: AgenticCircuit :: ACIR/transform.mlir (117 of 194)
PASS: AgenticCircuit :: ACIR/select-invalid.mlir (118 of 194)
PASS: AgenticCircuit :: ACSim/types-valid.mlir (119 of 194)
PASS: AgenticCircuit :: ACIR/expect.mlir (120 of 194)
PASS: AgenticCircuit :: ACIR/masked-matching.mlir (121 of 194)
PASS: AgenticCircuit :: ACIR/credit-invalid.mlir (122 of 194)
PASS: AgenticCircuit :: ACIR/barrier.mlir (123 of 194)
PASS: AgenticCircuit :: ACIR/state-snapshot-set-invalid.mlir (124 of 194)
PASS: AgenticCircuit :: ACIR/bitfield-schema.mlir (125 of 194)
PASS: AgenticCircuit :: Transforms/value-contracts-lowering.mlir (126 of 194)
PASS: AgenticCircuit :: ACIR/reorder.mlir (127 of 194)
PASS: AgenticCircuit :: ACIR/aggregate-values.mlir (128 of 194)
PASS: AgenticCircuit :: ACIR/contracts-valid.mlir (129 of 194)
PASS: AgenticCircuit :: ACIR/process-valid.mlir (130 of 194)
PASS: AgenticCircuit :: Transforms/value-constraints-invalid.mlir (131 of 194)
PASS: AgenticCircuit :: ACSim/reusable-modules.mlir (132 of 194)
PASS: AgenticCircuit :: CodeGen/opcode-catalog.mlir (133 of 194)
PASS: AgenticCircuit :: Conversion/whole-model.mlir (134 of 194)
PASS: AgenticCircuit :: ACIR/address-selectors-valid.mlir (135 of 194)
PASS: AgenticCircuit :: ACIR/address-map-canonical-order.mlir (136 of 194)
PASS: AgenticCircuit :: ACIR/enum-values-invalid.mlir (137 of 194)
PASS: AgenticCircuit :: Bindings/resolve-missing.mlir (138 of 194)
PASS: AgenticCircuit :: ACIR/firing.mlir (139 of 194)
PASS: AgenticCircuit :: ACIR/enum-values.mlir (140 of 194)
PASS: AgenticCircuit :: Transforms/value-constraints-rule-lowering.mlir (141 of 194)
PASS: AgenticCircuit :: ACIR/contract-epoch.mlir (142 of 194)
PASS: AgenticCircuit :: ACIR/resources-valid.mlir (143 of 194)
PASS: AgenticCircuit :: Conversion/process-control-flow.mlir (144 of 194)
PASS: AgenticCircuit :: ACIR/hierarchy-valid.mlir (145 of 194)
PASS: AgenticCircuit :: Conversion/process-basic.mlir (146 of 194)
PASS: AgenticCircuit :: ACIR/address-time-valid.mlir (147 of 194)
PASS: AgenticCircuit :: Transforms/rule-eight-output-lowering.mlir (148 of 194)
PASS: AgenticCircuit :: ACIR/topology-review-r1-invalid.mlir (149 of 194)
PASS: AgenticCircuit :: CodeGen/popcount.mlir (150 of 194)
PASS: AgenticCircuit :: Conversion/typed-graph.mlir (151 of 194)
PASS: AgenticCircuit :: ACIR/observe.mlir (152 of 194)
PASS: AgenticCircuit :: Conversion/time-domains.mlir (153 of 194)
PASS: AgenticCircuit :: Python/frontend-lowering.mlir (154 of 194)
PASS: AgenticCircuit :: ACIR/table.mlir (155 of 194)
PASS: AgenticCircuit :: Transforms/structural-instance-retention.mlir (156 of 194)
PASS: AgenticCircuit :: Conversion/process-missing-mapping.mlir (157 of 194)
PASS: AgenticCircuit :: Transforms/rule-multi-output-lowering.mlir (158 of 194)
PASS: AgenticCircuit :: ACIR/scope.mlir (159 of 194)
PASS: AgenticCircuit :: ACIR/declarations-valid.mlir (160 of 194)
PASS: AgenticCircuit :: CodeGen/arbiter-verilog.mlir (161 of 194)
PASS: AgenticCircuit :: Conversion/process-live-values.mlir (162 of 194)
PASS: AgenticCircuit :: ACIR/fork-invalid.mlir (163 of 194)
PASS: AgenticCircuit :: ACIR/expect-invalid.mlir (164 of 194)
PASS: AgenticCircuit :: Transforms/value-contracts-residual-invalid.mlir (165 of 194)
PASS: AgenticCircuit :: ACIR/resources-forward-malformed-invalid.mlir (166 of 194)
PASS: AgenticCircuit :: ACIR/control-feedback.mlir (167 of 194)
PASS: AgenticCircuit :: ACIR/review-r1-valid.mlir (168 of 194)
PASS: AgenticCircuit :: ACIR/interfaces-valid.mlir (169 of 194)
PASS: AgenticCircuit :: ACIR/broadcast.mlir (170 of 194)
PASS: AgenticCircuit :: Conversion/pure-results.mlir (171 of 194)
PASS: AgenticCircuit :: ACIR/observe-invalid.mlir (172 of 194)
PASS: AgenticCircuit :: CodeGen/acir-build-input-contract.mlir (173 of 194)
PASS: AgenticCircuit :: ACIR/source-sink-invalid.mlir (174 of 194)
PASS: AgenticCircuit :: CodeGen/arbiter.mlir (175 of 194)
PASS: AgenticCircuit :: CodeGen/count-leading-zeros.mlir (176 of 194)
PASS: AgenticCircuit :: Conversion/process-invalid.mlir (177 of 194)
PASS: AgenticCircuit :: ACIR/protocols-valid.mlir (178 of 194)
PASS: AgenticCircuit :: ACSim/generated-wrapper-activation.mlir (179 of 194)
PASS: AgenticCircuit :: ACIR/route-invalid.mlir (180 of 194)
PASS: AgenticCircuit :: CodeGen/driver-errors.mlir (181 of 194)
PASS: AgenticCircuit :: ACIR/collections-valid.mlir (182 of 194)
PASS: AgenticCircuit :: Transforms/value-constraints.mlir (183 of 194)
PASS: AgenticCircuit :: Transforms/queue-var-cse.mlir (184 of 194)
PASS: AgenticCircuit :: Analysis/process-state-pass.mlir (185 of 194)
PASS: AgenticCircuit :: ACIR/var-outputless-rule.mlir (186 of 194)
PASS: AgenticCircuit :: Bindings/resolve-ambiguous.mlir (187 of 194)
PASS: AgenticCircuit :: ACIR/fork.mlir (188 of 194)
PASS: AgenticCircuit :: CodeGen/process-control-flow.mlir (189 of 194)
PASS: AgenticCircuit :: ACIR/route.mlir (190 of 194)
PASS: AgenticCircuit :: CodeGen/forbidden-generated-dependencies.mlir (191 of 194)
PASS: AgenticCircuit :: ACIR/records-valid.mlir (192 of 194)
PASS: AgenticCircuit :: ACIR/table-layout.mlir (193 of 194)
PASS: AgenticCircuit :: Transforms/rule-checks.mlir (194 of 194)

Testing Time: 21.35s

Total Discovered Tests: 194
  Passed: 194 (100.00%)
