Baseline diagnosis: frontend restored from f17b5ab1 for these existing tests; working copy restored in finally.
============================= test session starts ==============================
platform linux -- Python 3.11.16, pytest-9.1.1, pluggy-1.6.0
rootdir: /home/lc/pyCircuit
configfile: pyproject.toml
plugins: xdist-3.8.0, cov-7.1.0
collected 40 items / 37 deselected / 3 selected

tests/python/agentic-circuit/cli/test_run_command.py F                   [ 33%]
tests/integration/agentic-circuit/e2e/test_queue_codegen.py FF           [100%]

=================================== FAILURES ===================================
_______ RunCommandTest.test_recorded_run_publishes_trace_without_viewer ________
tests/python/agentic-circuit/cli/test_run_command.py:60: in test_recorded_run_publishes_trace_without_viewer
    self.assertEqual(baseline.returncode, result.returncode, result.stderr)
E   AssertionError: 6 != 5 : error: ACRUN-PREFLIGHT-001: ACRUN-PREFLIGHT-001: run manifest has an invalid closed envelope
_ QueueCodegenTest.test_reusable_oldest_ready_isq_closes_lost_wakeup_and_backpressure _
tests/integration/agentic-circuit/e2e/test_queue_codegen.py:3432: in test_reusable_oldest_ready_isq_closes_lost_wakeup_and_backpressure
    self.assertEqual(2, generated_source.count("snapshot_set_1_0 |= "))
E   AssertionError: 2 != 0
____ QueueCodegenTest.test_same_owner_branch_join_emits_one_state_proposal _____
tests/integration/agentic-circuit/e2e/test_queue_codegen.py:1234: in test_same_owner_branch_join_emits_one_state_proposal
    self.assertEqual(
E   AssertionError: 1 != 3
=========================== short test summary info ============================
FAILED tests/python/agentic-circuit/cli/test_run_command.py::RunCommandTest::test_recorded_run_publishes_trace_without_viewer
FAILED tests/integration/agentic-circuit/e2e/test_queue_codegen.py::QueueCodegenTest::test_reusable_oldest_ready_isq_closes_lost_wakeup_and_backpressure
FAILED tests/integration/agentic-circuit/e2e/test_queue_codegen.py::QueueCodegenTest::test_same_owner_branch_join_emits_one_state_proposal
====================== 3 failed, 37 deselected in 17.03s =======================
