============================= test session starts ==============================
platform linux -- Python 3.11.16, pytest-9.1.1, pluggy-1.6.0
rootdir: /home/lc/pyCircuit
configfile: pyproject.toml
plugins: xdist-3.8.0, cov-7.1.0
collected 182 items

tests/python/agentic-circuit/python_frontend/test_queue_frontend.py .... [  2%]
........................................................................ [ 41%]
......................................................................   [ 80%]
tests/python/agentic-circuit/python_frontend/test_rule_literal_context.py . [ 80%]
..                                                                       [ 81%]
tests/integration/agentic-circuit/e2e/test_queue_codegen.py ....s....... [ 88%]
.........F..F........                                                    [100%]

=================================== FAILURES ===================================
_ QueueCodegenTest.test_reusable_oldest_ready_isq_closes_lost_wakeup_and_backpressure _
tests/integration/agentic-circuit/e2e/test_queue_codegen.py:3432: in test_reusable_oldest_ready_isq_closes_lost_wakeup_and_backpressure
    self.assertEqual(2, generated_source.count("snapshot_set_1_0 |= "))
E   AssertionError: 2 != 0
____ QueueCodegenTest.test_same_owner_branch_join_emits_one_state_proposal _____
tests/integration/agentic-circuit/e2e/test_queue_codegen.py:1234: in test_same_owner_branch_join_emits_one_state_proposal
    self.assertEqual(
E   AssertionError: 1 != 3
=========================== short test summary info ============================
FAILED tests/integration/agentic-circuit/e2e/test_queue_codegen.py::QueueCodegenTest::test_reusable_oldest_ready_isq_closes_lost_wakeup_and_backpressure
FAILED tests/integration/agentic-circuit/e2e/test_queue_codegen.py::QueueCodegenTest::test_same_owner_branch_join_emits_one_state_proposal
============= 2 failed, 179 passed, 1 skipped in 150.41s (0:02:30) =============
