-- Install configuration: "Debug"
-- Installing: /Users/zhoubot/linx-isa/tools/pyCircuit/.pycircuit_out/gates/20260909-issue61-runtime-component/p1-final-v2/prefix/lib/cmake/AgenticCircuit/AgenticCircuitConfig.cmake
-- Installing: /Users/zhoubot/linx-isa/tools/pyCircuit/.pycircuit_out/gates/20260909-issue61-runtime-component/p1-final-v2/prefix/lib/cmake/AgenticCircuit/AgenticCircuitConfigVersion.cmake
-- Installing: /Users/zhoubot/linx-isa/tools/pyCircuit/.pycircuit_out/gates/20260909-issue61-runtime-component/p1-final-v2/prefix/lib/cmake/AgenticCircuit/AgenticCircuitRuntimeTargets.cmake
-- Installing: /Users/zhoubot/linx-isa/tools/pyCircuit/.pycircuit_out/gates/20260909-issue61-runtime-component/p1-final-v2/prefix/lib/cmake/AgenticCircuit/AgenticCircuitRuntimeTargets-debug.cmake
-- Installing: /Users/zhoubot/linx-isa/tools/pyCircuit/.pycircuit_out/gates/20260909-issue61-runtime-component/p1-final-v2/prefix/lib/cmake/AgenticCircuit/AgenticCircuitCompilerDevTargets.cmake
-- Installing: /Users/zhoubot/linx-isa/tools/pyCircuit/.pycircuit_out/gates/20260909-issue61-runtime-component/p1-final-v2/prefix/lib/cmake/AgenticCircuit/AgenticCircuitCompilerDevTargets-debug.cmake
-- Installing: /Users/zhoubot/linx-isa/tools/pyCircuit/.pycircuit_out/gates/20260909-issue61-runtime-component/p1-final-v2/prefix/lib/cmake/AgenticCircuit/modules/AddACIR.cmake
-- Installing: /Users/zhoubot/linx-isa/tools/pyCircuit/.pycircuit_out/gates/20260909-issue61-runtime-component/p1-final-v2/prefix/include/acir
-- Installing: /Users/zhoubot/linx-isa/tools/pyCircuit/.pycircuit_out/gates/20260909-issue61-runtime-component/p1-final-v2/prefix/include/acir/Analysis
-- Installing: /Users/zhoubot/linx-isa/tools/pyCircuit/.pycircuit_out/gates/20260909-issue61-runtime-component/p1-final-v2/prefix/include/acir/Analysis/ModelAnalysis.h
-- Installing: /Users/zhoubot/linx-isa/tools/pyCircuit/.pycircuit_out/gates/20260909-issue61-runtime-component/p1-final-v2/prefix/include/acir/Analysis/VariableAnalysis.h
-- Installing: /Users/zhoubot/linx-isa/tools/pyCircuit/.pycircuit_out/gates/20260909-issue61-runtime-component/p1-final-v2/prefix/include/acir/Analysis/ProcessStatePlan.h
-- Installing: /Users/zhoubot/linx-isa/tools/pyCircuit/.pycircuit_out/gates/20260909-issue61-runtime-component/p1-final-v2/prefix/include/acir/InitAllPasses.h
-- Installing: /Users/zhoubot/linx-isa/tools/pyCircuit/.pycircuit_out/gates/20260909-issue61-runtime-component/p1-final-v2/prefix/include/acir/CodeGen
-- Installing: /Users/zhoubot/linx-isa/tools/pyCircuit/.pycircuit_out/gates/20260909-issue61-runtime-component/p1-final-v2/prefix/include/acir/CodeGen/EmitCxx.h
-- Installing: /Users/zhoubot/linx-isa/tools/pyCircuit/.pycircuit_out/gates/20260909-issue61-runtime-component/p1-final-v2/prefix/include/acir/CodeGen/QueueGraphPlan.h
-- Installing: /Users/zhoubot/linx-isa/tools/pyCircuit/.pycircuit_out/gates/20260909-issue61-runtime-component/p1-final-v2/prefix/include/acir/CodeGen/Emitter.h
-- Installing: /Users/zhoubot/linx-isa/tools/pyCircuit/.pycircuit_out/gates/20260909-issue61-runtime-component/p1-final-v2/prefix/include/acir/CodeGen/Manifest.h
-- Installing: /Users/zhoubot/linx-isa/tools/pyCircuit/.pycircuit_out/gates/20260909-issue61-runtime-component/p1-final-v2/prefix/include/acir/CodeGen/Build.h
-- Installing: /Users/zhoubot/linx-isa/tools/pyCircuit/.pycircuit_out/gates/20260909-issue61-runtime-component/p1-final-v2/prefix/include/acir/CodeGen/QueueBlockContract.h
-- Installing: /Users/zhoubot/linx-isa/tools/pyCircuit/.pycircuit_out/gates/20260909-issue61-runtime-component/p1-final-v2/prefix/include/acir/CodeGen/ModelPlan.h
-- Installing: /Users/zhoubot/linx-isa/tools/pyCircuit/.pycircuit_out/gates/20260909-issue61-runtime-component/p1-final-v2/prefix/include/acir/CodeGen/QueueGraphGenerator.h
-- Installing: /Users/zhoubot/linx-isa/tools/pyCircuit/.pycircuit_out/gates/20260909-issue61-runtime-component/p1-final-v2/prefix/include/acir/CodeGen/Generator.h
-- Installing: /Users/zhoubot/linx-isa/tools/pyCircuit/.pycircuit_out/gates/20260909-issue61-runtime-component/p1-final-v2/prefix/include/acir/CodeGen/QueueGraphPyc.h
-- Installing: /Users/zhoubot/linx-isa/tools/pyCircuit/.pycircuit_out/gates/20260909-issue61-runtime-component/p1-final-v2/prefix/include/acir/Transforms
-- Installing: /Users/zhoubot/linx-isa/tools/pyCircuit/.pycircuit_out/gates/20260909-issue61-runtime-component/p1-final-v2/prefix/include/acir/Transforms/Passes.td
-- Installing: /Users/zhoubot/linx-isa/tools/pyCircuit/.pycircuit_out/gates/20260909-issue61-runtime-component/p1-final-v2/prefix/include/acir/Transforms/ResolveBindings.h
-- Installing: /Users/zhoubot/linx-isa/tools/pyCircuit/.pycircuit_out/gates/20260909-issue61-runtime-component/p1-final-v2/prefix/include/acir/Transforms/Passes.h
-- Installing: /Users/zhoubot/linx-isa/tools/pyCircuit/.pycircuit_out/gates/20260909-issue61-runtime-component/p1-final-v2/prefix/include/acir/Conversion
-- Installing: /Users/zhoubot/linx-isa/tools/pyCircuit/.pycircuit_out/gates/20260909-issue61-runtime-component/p1-final-v2/prefix/include/acir/Conversion/ACIRToACSim
-- Installing: /Users/zhoubot/linx-isa/tools/pyCircuit/.pycircuit_out/gates/20260909-issue61-runtime-component/p1-final-v2/prefix/include/acir/Conversion/ACIRToACSim/ACIRToACSim.h
-- Installing: /Users/zhoubot/linx-isa/tools/pyCircuit/.pycircuit_out/gates/20260909-issue61-runtime-component/p1-final-v2/prefix/include/acir/Dialect
-- Installing: /Users/zhoubot/linx-isa/tools/pyCircuit/.pycircuit_out/gates/20260909-issue61-runtime-component/p1-final-v2/prefix/include/acir/Dialect/ACSim
-- Installing: /Users/zhoubot/linx-isa/tools/pyCircuit/.pycircuit_out/gates/20260909-issue61-runtime-component/p1-final-v2/prefix/include/acir/Dialect/ACSim/ACSimDialect.td
-- Installing: /Users/zhoubot/linx-isa/tools/pyCircuit/.pycircuit_out/gates/20260909-issue61-runtime-component/p1-final-v2/prefix/include/acir/Dialect/ACSim/ACSimDialect.h
-- Installing: /Users/zhoubot/linx-isa/tools/pyCircuit/.pycircuit_out/gates/20260909-issue61-runtime-component/p1-final-v2/prefix/include/acir/Dialect/ACSim/ACSimOps.td
-- Installing: /Users/zhoubot/linx-isa/tools/pyCircuit/.pycircuit_out/gates/20260909-issue61-runtime-component/p1-final-v2/prefix/include/acir/Dialect/ACSim/ACSimTypes.td
-- Installing: /Users/zhoubot/linx-isa/tools/pyCircuit/.pycircuit_out/gates/20260909-issue61-runtime-component/p1-final-v2/prefix/include/acir/Dialect/ACSim/ACSimOps.h
-- Installing: /Users/zhoubot/linx-isa/tools/pyCircuit/.pycircuit_out/gates/20260909-issue61-runtime-component/p1-final-v2/prefix/include/acir/Dialect/ACSim/ACSimTypes.h
-- Installing: /Users/zhoubot/linx-isa/tools/pyCircuit/.pycircuit_out/gates/20260909-issue61-runtime-component/p1-final-v2/prefix/include/acir/Dialect/ACIR
-- Installing: /Users/zhoubot/linx-isa/tools/pyCircuit/.pycircuit_out/gates/20260909-issue61-runtime-component/p1-final-v2/prefix/include/acir/Dialect/ACIR/ACIROps.h
-- Installing: /Users/zhoubot/linx-isa/tools/pyCircuit/.pycircuit_out/gates/20260909-issue61-runtime-component/p1-final-v2/prefix/include/acir/Dialect/ACIR/ACIRInterfaces.td
-- Installing: /Users/zhoubot/linx-isa/tools/pyCircuit/.pycircuit_out/gates/20260909-issue61-runtime-component/p1-final-v2/prefix/include/acir/Dialect/ACIR/ACIRAttributes.td
-- Installing: /Users/zhoubot/linx-isa/tools/pyCircuit/.pycircuit_out/gates/20260909-issue61-runtime-component/p1-final-v2/prefix/include/acir/Dialect/ACIR/ACIROps.td
-- Installing: /Users/zhoubot/linx-isa/tools/pyCircuit/.pycircuit_out/gates/20260909-issue61-runtime-component/p1-final-v2/prefix/include/acir/Dialect/ACIR/ACIRTypes.h
-- Installing: /Users/zhoubot/linx-isa/tools/pyCircuit/.pycircuit_out/gates/20260909-issue61-runtime-component/p1-final-v2/prefix/include/acir/Dialect/ACIR/ACIRDialect.h
-- Installing: /Users/zhoubot/linx-isa/tools/pyCircuit/.pycircuit_out/gates/20260909-issue61-runtime-component/p1-final-v2/prefix/include/acir/Dialect/ACIR/ACIRTypes.td
-- Installing: /Users/zhoubot/linx-isa/tools/pyCircuit/.pycircuit_out/gates/20260909-issue61-runtime-component/p1-final-v2/prefix/include/acir/Dialect/ACIR/ACIRAttributes.h
-- Installing: /Users/zhoubot/linx-isa/tools/pyCircuit/.pycircuit_out/gates/20260909-issue61-runtime-component/p1-final-v2/prefix/include/acir/Dialect/ACIR/ACIRDialect.td
-- Installing: /Users/zhoubot/linx-isa/tools/pyCircuit/.pycircuit_out/gates/20260909-issue61-runtime-component/p1-final-v2/prefix/include/acir/Dialect/ACIR/ACIRResources.h
-- Installing: /Users/zhoubot/linx-isa/tools/pyCircuit/.pycircuit_out/gates/20260909-issue61-runtime-component/p1-final-v2/prefix/include/acir/Dialect/ACIR/GraphRegion.h
-- Installing: /Users/zhoubot/linx-isa/tools/pyCircuit/.pycircuit_out/gates/20260909-issue61-runtime-component/p1-final-v2/prefix/include/acir/Bindings
-- Installing: /Users/zhoubot/linx-isa/tools/pyCircuit/.pycircuit_out/gates/20260909-issue61-runtime-component/p1-final-v2/prefix/include/acir/Bindings/Registry.h
-- Installing: /Users/zhoubot/linx-isa/tools/pyCircuit/.pycircuit_out/gates/20260909-issue61-runtime-component/p1-final-v2/prefix/include/acir/Bindings/Binding.h
-- Installing: /Users/zhoubot/linx-isa/tools/pyCircuit/.pycircuit_out/gates/20260909-issue61-runtime-component/p1-final-v2/prefix/include/acir/InitAllDialects.h
-- Installing: /Users/zhoubot/linx-isa/tools/pyCircuit/.pycircuit_out/gates/20260909-issue61-runtime-component/p1-final-v2/prefix/include/acir/Compiler
-- Installing: /Users/zhoubot/linx-isa/tools/pyCircuit/.pycircuit_out/gates/20260909-issue61-runtime-component/p1-final-v2/prefix/include/acir/Compiler/Driver.h
-- Installing: /Users/zhoubot/linx-isa/tools/pyCircuit/.pycircuit_out/gates/20260909-issue61-runtime-component/p1-final-v2/prefix/include/gfsim
-- Installing: /Users/zhoubot/linx-isa/tools/pyCircuit/.pycircuit_out/gates/20260909-issue61-runtime-component/p1-final-v2/prefix/include/gfsim/popcount.h
-- Installing: /Users/zhoubot/linx-isa/tools/pyCircuit/.pycircuit_out/gates/20260909-issue61-runtime-component/p1-final-v2/prefix/include/gfsim/queue_blocks.h
-- Installing: /Users/zhoubot/linx-isa/tools/pyCircuit/.pycircuit_out/gates/20260909-issue61-runtime-component/p1-final-v2/prefix/include/gfsim/priority_encode.h
-- Installing: /Users/zhoubot/linx-isa/tools/pyCircuit/.pycircuit_out/gates/20260909-issue61-runtime-component/p1-final-v2/prefix/include/gfsim/showcase.h
-- Installing: /Users/zhoubot/linx-isa/tools/pyCircuit/.pycircuit_out/gates/20260909-issue61-runtime-component/p1-final-v2/prefix/include/gfsim/core.h
-- Installing: /Users/zhoubot/linx-isa/tools/pyCircuit/.pycircuit_out/gates/20260909-issue61-runtime-component/p1-final-v2/prefix/include/gfsim/npu.h
-- Installing: /Users/zhoubot/linx-isa/tools/pyCircuit/.pycircuit_out/gates/20260909-issue61-runtime-component/p1-final-v2/prefix/include/gfsim/observation.h
-- Installing: /Users/zhoubot/linx-isa/tools/pyCircuit/.pycircuit_out/gates/20260909-issue61-runtime-component/p1-final-v2/prefix/include/gfsim/components.h
-- Installing: /Users/zhoubot/linx-isa/tools/pyCircuit/.pycircuit_out/gates/20260909-issue61-runtime-component/p1-final-v2/prefix/include/gfsim/trace.h
-- Installing: /Users/zhoubot/linx-isa/tools/pyCircuit/.pycircuit_out/gates/20260909-issue61-runtime-component/p1-final-v2/prefix/include/gfsim/statistics.h
-- Installing: /Users/zhoubot/linx-isa/tools/pyCircuit/.pycircuit_out/gates/20260909-issue61-runtime-component/p1-final-v2/prefix/include/gfsim/packet.h
-- Installing: /Users/zhoubot/linx-isa/tools/pyCircuit/.pycircuit_out/gates/20260909-issue61-runtime-component/p1-final-v2/prefix/include/gfsim/model_api.h
-- Installing: /Users/zhoubot/linx-isa/tools/pyCircuit/.pycircuit_out/gates/20260909-issue61-runtime-component/p1-final-v2/prefix/include/gfsim/resource.h
-- Installing: /Users/zhoubot/linx-isa/tools/pyCircuit/.pycircuit_out/gates/20260909-issue61-runtime-component/p1-final-v2/prefix/include/gfsim/dispatch.h
-- Installing: /Users/zhoubot/linx-isa/tools/pyCircuit/.pycircuit_out/gates/20260909-issue61-runtime-component/p1-final-v2/prefix/include/gfsim/process.h
-- Installing: /Users/zhoubot/linx-isa/tools/pyCircuit/.pycircuit_out/gates/20260909-issue61-runtime-component/p1-final-v2/prefix/include/gfsim/object.h
-- Installing: /Users/zhoubot/linx-isa/tools/pyCircuit/.pycircuit_out/gates/20260909-issue61-runtime-component/p1-final-v2/prefix/include/gfsim/count_zeros.h
-- Installing: /Users/zhoubot/linx-isa/tools/pyCircuit/.pycircuit_out/gates/20260909-issue61-runtime-component/p1-final-v2/prefix/include/gfsim/register.h
-- Installing: /Users/zhoubot/linx-isa/tools/pyCircuit/.pycircuit_out/gates/20260909-issue61-runtime-component/p1-final-v2/prefix/include/gfsim/pto_trace.h
-- Installing: /Users/zhoubot/linx-isa/tools/pyCircuit/.pycircuit_out/gates/20260909-issue61-runtime-component/p1-final-v2/prefix/include/gfsim/queue.h
-- Installing: /Users/zhoubot/linx-isa/tools/pyCircuit/.pycircuit_out/gates/20260909-issue61-runtime-component/p1-final-v2/prefix/include/gfsim/bits.h
-- Up-to-date: /Users/zhoubot/linx-isa/tools/pyCircuit/.pycircuit_out/gates/20260909-issue61-runtime-component/p1-final-v2/prefix/include/acir
-- Up-to-date: /Users/zhoubot/linx-isa/tools/pyCircuit/.pycircuit_out/gates/20260909-issue61-runtime-component/p1-final-v2/prefix/include/acir/Transforms
-- Installing: /Users/zhoubot/linx-isa/tools/pyCircuit/.pycircuit_out/gates/20260909-issue61-runtime-component/p1-final-v2/prefix/include/acir/Transforms/Passes.h.inc
-- Up-to-date: /Users/zhoubot/linx-isa/tools/pyCircuit/.pycircuit_out/gates/20260909-issue61-runtime-component/p1-final-v2/prefix/include/acir/Dialect
-- Up-to-date: /Users/zhoubot/linx-isa/tools/pyCircuit/.pycircuit_out/gates/20260909-issue61-runtime-component/p1-final-v2/prefix/include/acir/Dialect/ACSim
-- Installing: /Users/zhoubot/linx-isa/tools/pyCircuit/.pycircuit_out/gates/20260909-issue61-runtime-component/p1-final-v2/prefix/include/acir/Dialect/ACSim/ACSimTypes.h.inc
-- Installing: /Users/zhoubot/linx-isa/tools/pyCircuit/.pycircuit_out/gates/20260909-issue61-runtime-component/p1-final-v2/prefix/include/acir/Dialect/ACSim/ACSimOps.h.inc
-- Installing: /Users/zhoubot/linx-isa/tools/pyCircuit/.pycircuit_out/gates/20260909-issue61-runtime-component/p1-final-v2/prefix/include/acir/Dialect/ACSim/ACSimDialect.h.inc
-- Up-to-date: /Users/zhoubot/linx-isa/tools/pyCircuit/.pycircuit_out/gates/20260909-issue61-runtime-component/p1-final-v2/prefix/include/acir/Dialect/ACIR
-- Installing: /Users/zhoubot/linx-isa/tools/pyCircuit/.pycircuit_out/gates/20260909-issue61-runtime-component/p1-final-v2/prefix/include/acir/Dialect/ACIR/ACIRAttributes.h.inc
-- Installing: /Users/zhoubot/linx-isa/tools/pyCircuit/.pycircuit_out/gates/20260909-issue61-runtime-component/p1-final-v2/prefix/include/acir/Dialect/ACIR/ACIROps.h.inc
-- Installing: /Users/zhoubot/linx-isa/tools/pyCircuit/.pycircuit_out/gates/20260909-issue61-runtime-component/p1-final-v2/prefix/include/acir/Dialect/ACIR/ACIRDialect.h.inc
-- Installing: /Users/zhoubot/linx-isa/tools/pyCircuit/.pycircuit_out/gates/20260909-issue61-runtime-component/p1-final-v2/prefix/include/acir/Dialect/ACIR/ACIREnums.h.inc
-- Installing: /Users/zhoubot/linx-isa/tools/pyCircuit/.pycircuit_out/gates/20260909-issue61-runtime-component/p1-final-v2/prefix/include/acir/Dialect/ACIR/ACIROpInterfaces.h.inc
-- Installing: /Users/zhoubot/linx-isa/tools/pyCircuit/.pycircuit_out/gates/20260909-issue61-runtime-component/p1-final-v2/prefix/include/acir/Dialect/ACIR/ACIRTypes.h.inc
-- Installing: /Users/zhoubot/linx-isa/tools/pyCircuit/.pycircuit_out/gates/20260909-issue61-runtime-component/p1-final-v2/prefix/lib/libACIRDialect.a
-- Installing: /Users/zhoubot/linx-isa/tools/pyCircuit/.pycircuit_out/gates/20260909-issue61-runtime-component/p1-final-v2/prefix/lib/libACSimDialect.a
-- Installing: /Users/zhoubot/linx-isa/tools/pyCircuit/.pycircuit_out/gates/20260909-issue61-runtime-component/p1-final-v2/prefix/lib/libACIRBindings.a
-- Installing: /Users/zhoubot/linx-isa/tools/pyCircuit/.pycircuit_out/gates/20260909-issue61-runtime-component/p1-final-v2/prefix/lib/libACIRAnalysis.a
-- Installing: /Users/zhoubot/linx-isa/tools/pyCircuit/.pycircuit_out/gates/20260909-issue61-runtime-component/p1-final-v2/prefix/lib/libACIRTransforms.a
-- Installing: /Users/zhoubot/linx-isa/tools/pyCircuit/.pycircuit_out/gates/20260909-issue61-runtime-component/p1-final-v2/prefix/lib/libACIRToACSim.a
-- Installing: /Users/zhoubot/linx-isa/tools/pyCircuit/.pycircuit_out/gates/20260909-issue61-runtime-component/p1-final-v2/prefix/lib/libACIRCodeGen.a
-- Installing: /Users/zhoubot/linx-isa/tools/pyCircuit/.pycircuit_out/gates/20260909-issue61-runtime-component/p1-final-v2/prefix/lib/libACIRCompiler.a
-- Installing: /Users/zhoubot/linx-isa/tools/pyCircuit/.pycircuit_out/gates/20260909-issue61-runtime-component/p1-final-v2/prefix/lib/libgfsim.a
-- Installing: /Users/zhoubot/linx-isa/tools/pyCircuit/.pycircuit_out/gates/20260909-issue61-runtime-component/p1-final-v2/prefix/lib/libgfsim_tooling.a
-- Installing: /Users/zhoubot/linx-isa/tools/pyCircuit/.pycircuit_out/gates/20260909-issue61-runtime-component/p1-final-v2/prefix/include/agentic-circuit-tooling/gfsim
-- Installing: /Users/zhoubot/linx-isa/tools/pyCircuit/.pycircuit_out/gates/20260909-issue61-runtime-component/p1-final-v2/prefix/include/agentic-circuit-tooling/gfsim/tooling
-- Installing: /Users/zhoubot/linx-isa/tools/pyCircuit/.pycircuit_out/gates/20260909-issue61-runtime-component/p1-final-v2/prefix/include/agentic-circuit-tooling/gfsim/tooling/trace_io.h
-- Installing: /Users/zhoubot/linx-isa/tools/pyCircuit/.pycircuit_out/gates/20260909-issue61-runtime-component/p1-final-v2/prefix/include/agentic-circuit-tooling/gfsim/tooling/harness.h
-- Installing: /Users/zhoubot/linx-isa/tools/pyCircuit/.pycircuit_out/gates/20260909-issue61-runtime-component/p1-final-v2/prefix/lib/python3.14/site-packages/agentic_circuit
-- Installing: /Users/zhoubot/linx-isa/tools/pyCircuit/.pycircuit_out/gates/20260909-issue61-runtime-component/p1-final-v2/prefix/lib/python3.14/site-packages/agentic_circuit/_normalize.py
-- Installing: /Users/zhoubot/linx-isa/tools/pyCircuit/.pycircuit_out/gates/20260909-issue61-runtime-component/p1-final-v2/prefix/lib/python3.14/site-packages/agentic_circuit/_queue_codegen.py
-- Installing: /Users/zhoubot/linx-isa/tools/pyCircuit/.pycircuit_out/gates/20260909-issue61-runtime-component/p1-final-v2/prefix/lib/python3.14/site-packages/agentic_circuit/_output.py
-- Installing: /Users/zhoubot/linx-isa/tools/pyCircuit/.pycircuit_out/gates/20260909-issue61-runtime-component/p1-final-v2/prefix/lib/python3.14/site-packages/agentic_circuit/_types.py
-- Installing: /Users/zhoubot/linx-isa/tools/pyCircuit/.pycircuit_out/gates/20260909-issue61-runtime-component/p1-final-v2/prefix/lib/python3.14/site-packages/agentic_circuit/_source.py
-- Installing: /Users/zhoubot/linx-isa/tools/pyCircuit/.pycircuit_out/gates/20260909-issue61-runtime-component/p1-final-v2/prefix/lib/python3.14/site-packages/agentic_circuit/_lower_acir.py
-- Installing: /Users/zhoubot/linx-isa/tools/pyCircuit/.pycircuit_out/gates/20260909-issue61-runtime-component/p1-final-v2/prefix/lib/python3.14/site-packages/agentic_circuit/_queue_frontend.py
-- Installing: /Users/zhoubot/linx-isa/tools/pyCircuit/.pycircuit_out/gates/20260909-issue61-runtime-component/p1-final-v2/prefix/lib/python3.14/site-packages/agentic_circuit/_capabilities.py
-- Installing: /Users/zhoubot/linx-isa/tools/pyCircuit/.pycircuit_out/gates/20260909-issue61-runtime-component/p1-final-v2/prefix/lib/python3.14/site-packages/agentic_circuit/_capture_worker.py
-- Installing: /Users/zhoubot/linx-isa/tools/pyCircuit/.pycircuit_out/gates/20260909-issue61-runtime-component/p1-final-v2/prefix/lib/python3.14/site-packages/agentic_circuit/_resolve.py
-- Installing: /Users/zhoubot/linx-isa/tools/pyCircuit/.pycircuit_out/gates/20260909-issue61-runtime-component/p1-final-v2/prefix/lib/python3.14/site-packages/agentic_circuit/_definitions.py
-- Installing: /Users/zhoubot/linx-isa/tools/pyCircuit/.pycircuit_out/gates/20260909-issue61-runtime-component/p1-final-v2/prefix/lib/python3.14/site-packages/agentic_circuit/_cli.py
-- Installing: /Users/zhoubot/linx-isa/tools/pyCircuit/.pycircuit_out/gates/20260909-issue61-runtime-component/p1-final-v2/prefix/lib/python3.14/site-packages/agentic_circuit/_diagnostics.py
-- Installing: /Users/zhoubot/linx-isa/tools/pyCircuit/.pycircuit_out/gates/20260909-issue61-runtime-component/p1-final-v2/prefix/lib/python3.14/site-packages/agentic_circuit/_frontend.py
-- Installing: /Users/zhoubot/linx-isa/tools/pyCircuit/.pycircuit_out/gates/20260909-issue61-runtime-component/p1-final-v2/prefix/lib/python3.14/site-packages/agentic_circuit/__init__.py
-- Installing: /Users/zhoubot/linx-isa/tools/pyCircuit/.pycircuit_out/gates/20260909-issue61-runtime-component/p1-final-v2/prefix/lib/python3.14/site-packages/agentic_circuit/_acpy.py
-- Installing: /Users/zhoubot/linx-isa/tools/pyCircuit/.pycircuit_out/gates/20260909-issue61-runtime-component/p1-final-v2/prefix/lib/python3.14/site-packages/agentic_circuit/_schemas.py
-- Installing: /Users/zhoubot/linx-isa/tools/pyCircuit/.pycircuit_out/gates/20260909-issue61-runtime-component/p1-final-v2/prefix/lib/python3.14/site-packages/agentic_circuit/_collections.py
-- Installing: /Users/zhoubot/linx-isa/tools/pyCircuit/.pycircuit_out/gates/20260909-issue61-runtime-component/p1-final-v2/prefix/lib/python3.14/site-packages/agentic_circuit/_package_data.py
-- Installing: /Users/zhoubot/linx-isa/tools/pyCircuit/.pycircuit_out/gates/20260909-issue61-runtime-component/p1-final-v2/prefix/lib/python3.14/site-packages/agentic_circuit/_inspect.py
-- Installing: /Users/zhoubot/linx-isa/tools/pyCircuit/.pycircuit_out/gates/20260909-issue61-runtime-component/p1-final-v2/prefix/lib/python3.14/site-packages/agentic_circuit/_workspace.py
-- Installing: /Users/zhoubot/linx-isa/tools/pyCircuit/.pycircuit_out/gates/20260909-issue61-runtime-component/p1-final-v2/prefix/lib/python3.14/site-packages/agentic_circuit/_native_api.py
-- Installing: /Users/zhoubot/linx-isa/tools/pyCircuit/.pycircuit_out/gates/20260909-issue61-runtime-component/p1-final-v2/prefix/lib/python3.14/site-packages/agentic_circuit/_commands
-- Installing: /Users/zhoubot/linx-isa/tools/pyCircuit/.pycircuit_out/gates/20260909-issue61-runtime-component/p1-final-v2/prefix/lib/python3.14/site-packages/agentic_circuit/_commands/build.py
-- Installing: /Users/zhoubot/linx-isa/tools/pyCircuit/.pycircuit_out/gates/20260909-issue61-runtime-component/p1-final-v2/prefix/lib/python3.14/site-packages/agentic_circuit/_commands/run.py
-- Installing: /Users/zhoubot/linx-isa/tools/pyCircuit/.pycircuit_out/gates/20260909-issue61-runtime-component/p1-final-v2/prefix/lib/python3.14/site-packages/agentic_circuit/_commands/check.py
-- Installing: /Users/zhoubot/linx-isa/tools/pyCircuit/.pycircuit_out/gates/20260909-issue61-runtime-component/p1-final-v2/prefix/lib/python3.14/site-packages/agentic_circuit/_commands/__init__.py
-- Installing: /Users/zhoubot/linx-isa/tools/pyCircuit/.pycircuit_out/gates/20260909-issue61-runtime-component/p1-final-v2/prefix/lib/python3.14/site-packages/agentic_circuit/_commands/inspect.py
-- Installing: /Users/zhoubot/linx-isa/tools/pyCircuit/.pycircuit_out/gates/20260909-issue61-runtime-component/p1-final-v2/prefix/lib/python3.14/site-packages/agentic_circuit/_commands/elaborate.py
-- Installing: /Users/zhoubot/linx-isa/tools/pyCircuit/.pycircuit_out/gates/20260909-issue61-runtime-component/p1-final-v2/prefix/lib/python3.14/site-packages/agentic_circuit/_commands/compile.py
-- Installing: /Users/zhoubot/linx-isa/tools/pyCircuit/.pycircuit_out/gates/20260909-issue61-runtime-component/p1-final-v2/prefix/lib/python3.14/site-packages/agentic_circuit/_commands/init.py
-- Installing: /Users/zhoubot/linx-isa/tools/pyCircuit/.pycircuit_out/gates/20260909-issue61-runtime-component/p1-final-v2/prefix/lib/python3.14/site-packages/agentic_circuit/_commands/explain.py
-- Installing: /Users/zhoubot/linx-isa/tools/pyCircuit/.pycircuit_out/gates/20260909-issue61-runtime-component/p1-final-v2/prefix/lib/python3.14/site-packages/agentic_circuit/_commands/doctor.py
-- Installing: /Users/zhoubot/linx-isa/tools/pyCircuit/.pycircuit_out/gates/20260909-issue61-runtime-component/p1-final-v2/prefix/lib/python3.14/site-packages/agentic_circuit/_commands/schema.py
-- Installing: /Users/zhoubot/linx-isa/tools/pyCircuit/.pycircuit_out/gates/20260909-issue61-runtime-component/p1-final-v2/prefix/lib/python3.14/site-packages/agentic_circuit/_process.py
-- Installing: /Users/zhoubot/linx-isa/tools/pyCircuit/.pycircuit_out/gates/20260909-issue61-runtime-component/p1-final-v2/prefix/lib/python3.14/site-packages/agentic_circuit/_validate.py
-- Installing: /Users/zhoubot/linx-isa/tools/pyCircuit/.pycircuit_out/gates/20260909-issue61-runtime-component/p1-final-v2/prefix/lib/python3.14/site-packages/agentic_circuit/_canonical_json.py
-- Installing: /Users/zhoubot/linx-isa/tools/pyCircuit/.pycircuit_out/gates/20260909-issue61-runtime-component/p1-final-v2/prefix/lib/python3.14/site-packages/agentic_circuit/_naming.py
-- Installing: /Users/zhoubot/linx-isa/tools/pyCircuit/.pycircuit_out/gates/20260909-issue61-runtime-component/p1-final-v2/prefix/lib/python3.14/site-packages/agentic_circuit/_static_eval.py
-- Installing: /Users/zhoubot/linx-isa/tools/pyCircuit/.pycircuit_out/gates/20260909-issue61-runtime-component/p1-final-v2/prefix/lib/python3.14/site-packages/agentic_circuit/_data
-- Installing: /Users/zhoubot/linx-isa/tools/pyCircuit/.pycircuit_out/gates/20260909-issue61-runtime-component/p1-final-v2/prefix/lib/python3.14/site-packages/agentic_circuit/_data/__init__.py
-- Installing: /Users/zhoubot/linx-isa/tools/pyCircuit/.pycircuit_out/gates/20260909-issue61-runtime-component/p1-final-v2/prefix/lib/python3.14/site-packages/agentic_circuit/_run.py
-- Installing: /Users/zhoubot/linx-isa/tools/pyCircuit/.pycircuit_out/gates/20260909-issue61-runtime-component/p1-final-v2/prefix/lib/python3.14/site-packages/agentic_circuit/_resources.py
-- Installing: /Users/zhoubot/linx-isa/tools/pyCircuit/.pycircuit_out/gates/20260909-issue61-runtime-component/p1-final-v2/prefix/lib/python3.14/site-packages/agentic_circuit/_staging.py
-- Installing: /Users/zhoubot/linx-isa/tools/pyCircuit/.pycircuit_out/gates/20260909-issue61-runtime-component/p1-final-v2/prefix/lib/python3.14/site-packages/agentic_circuit/_source_closure.py
-- Installing: /Users/zhoubot/linx-isa/tools/pyCircuit/.pycircuit_out/gates/20260909-issue61-runtime-component/p1-final-v2/prefix/lib/python3.14/site-packages/agentic_circuit/_jit.py
-- Installing: /Users/zhoubot/linx-isa/tools/pyCircuit/.pycircuit_out/gates/20260909-issue61-runtime-component/p1-final-v2/prefix/lib/python3.14/site-packages/agentic_circuit/_scopes.py
-- Installing: /Users/zhoubot/linx-isa/tools/pyCircuit/.pycircuit_out/gates/20260909-issue61-runtime-component/p1-final-v2/prefix/lib/python3.14/site-packages/_pycircuit_semantics
-- Installing: /Users/zhoubot/linx-isa/tools/pyCircuit/.pycircuit_out/gates/20260909-issue61-runtime-component/p1-final-v2/prefix/lib/python3.14/site-packages/_pycircuit_semantics/__init__.py
-- Installing: /Users/zhoubot/linx-isa/tools/pyCircuit/.pycircuit_out/gates/20260909-issue61-runtime-component/p1-final-v2/prefix/lib/python3.14/site-packages/_pycircuit_semantics/types.py
-- Installing: /Users/zhoubot/linx-isa/tools/pyCircuit/.pycircuit_out/gates/20260909-issue61-runtime-component/p1-final-v2/prefix/lib/python3.14/site-packages/_pycircuit_semantics/bitmask.py
-- Installing: /Users/zhoubot/linx-isa/tools/pyCircuit/.pycircuit_out/gates/20260909-issue61-runtime-component/p1-final-v2/prefix/lib/python3.14/site-packages/_pycircuit_semantics/constraints.py
-- Installing: /Users/zhoubot/linx-isa/tools/pyCircuit/.pycircuit_out/gates/20260909-issue61-runtime-component/p1-final-v2/prefix/lib/python3.14/site-packages/_pycircuit_semantics/bitfield.py
-- Installing: /Users/zhoubot/linx-isa/tools/pyCircuit/.pycircuit_out/gates/20260909-issue61-runtime-component/p1-final-v2/prefix/lib/python3.14/site-packages/agentic_circuit/_data/schemas/agentic-circuit
-- Installing: /Users/zhoubot/linx-isa/tools/pyCircuit/.pycircuit_out/gates/20260909-issue61-runtime-component/p1-final-v2/prefix/lib/python3.14/site-packages/agentic_circuit/_data/schemas/agentic-circuit/pto-payload-abi.schema.json
-- Installing: /Users/zhoubot/linx-isa/tools/pyCircuit/.pycircuit_out/gates/20260909-issue61-runtime-component/p1-final-v2/prefix/lib/python3.14/site-packages/agentic_circuit/_data/schemas/agentic-circuit/diagnostic.schema.json
-- Installing: /Users/zhoubot/linx-isa/tools/pyCircuit/.pycircuit_out/gates/20260909-issue61-runtime-component/p1-final-v2/prefix/lib/python3.14/site-packages/agentic_circuit/_data/schemas/agentic-circuit/block-spec.schema.json
-- Installing: /Users/zhoubot/linx-isa/tools/pyCircuit/.pycircuit_out/gates/20260909-issue61-runtime-component/p1-final-v2/prefix/lib/python3.14/site-packages/agentic_circuit/_data/schemas/agentic-circuit/opcodes.json
-- Installing: /Users/zhoubot/linx-isa/tools/pyCircuit/.pycircuit_out/gates/20260909-issue61-runtime-component/p1-final-v2/prefix/lib/python3.14/site-packages/agentic_circuit/_data/schemas/agentic-circuit/contracts
-- Installing: /Users/zhoubot/linx-isa/tools/pyCircuit/.pycircuit_out/gates/20260909-issue61-runtime-component/p1-final-v2/prefix/lib/python3.14/site-packages/agentic_circuit/_data/schemas/agentic-circuit/contracts/acir.yaml
-- Installing: /Users/zhoubot/linx-isa/tools/pyCircuit/.pycircuit_out/gates/20260909-issue61-runtime-component/p1-final-v2/prefix/lib/python3.14/site-packages/agentic_circuit/_data/schemas/agentic-circuit/contracts/acsim.yaml
-- Installing: /Users/zhoubot/linx-isa/tools/pyCircuit/.pycircuit_out/gates/20260909-issue61-runtime-component/p1-final-v2/prefix/lib/python3.14/site-packages/agentic_circuit/_data/schemas/agentic-circuit/blocks.json
-- Installing: /Users/zhoubot/linx-isa/tools/pyCircuit/.pycircuit_out/gates/20260909-issue61-runtime-component/p1-final-v2/prefix/lib/python3.14/site-packages/agentic_circuit/_data/schemas/agentic-circuit/model-manifest.schema.json
-- Installing: /Users/zhoubot/linx-isa/tools/pyCircuit/.pycircuit_out/gates/20260909-issue61-runtime-component/p1-final-v2/prefix/lib/python3.14/site-packages/agentic_circuit/_data/schemas/agentic-circuit/consumer-lock.schema.json
-- Installing: /Users/zhoubot/linx-isa/tools/pyCircuit/.pycircuit_out/gates/20260909-issue61-runtime-component/p1-final-v2/prefix/lib/python3.14/site-packages/agentic_circuit/_data/schemas/agentic-circuit/sdk-version-map.schema.json
-- Installing: /Users/zhoubot/linx-isa/tools/pyCircuit/.pycircuit_out/gates/20260909-issue61-runtime-component/p1-final-v2/prefix/lib/python3.14/site-packages/agentic_circuit/_data/schemas/agentic-circuit/pto-trace.schema.json
-- Installing: /Users/zhoubot/linx-isa/tools/pyCircuit/.pycircuit_out/gates/20260909-issue61-runtime-component/p1-final-v2/prefix/lib/python3.14/site-packages/agentic_circuit/_data/schemas/agentic-circuit/run-result.schema.json
-- Installing: /Users/zhoubot/linx-isa/tools/pyCircuit/.pycircuit_out/gates/20260909-issue61-runtime-component/p1-final-v2/prefix/lib/python3.14/site-packages/agentic_circuit/_data/schemas/agentic-circuit/model-plan.schema.json
-- Installing: /Users/zhoubot/linx-isa/tools/pyCircuit/.pycircuit_out/gates/20260909-issue61-runtime-component/p1-final-v2/prefix/lib/python3.14/site-packages/agentic_circuit/_data/schemas/agentic-circuit/release-index.schema.json
-- Installing: /Users/zhoubot/linx-isa/tools/pyCircuit/.pycircuit_out/gates/20260909-issue61-runtime-component/p1-final-v2/prefix/lib/python3.14/site-packages/agentic_circuit/_data/schemas/agentic-circuit/acir-process-state-plan.schema.json
-- Installing: /Users/zhoubot/linx-isa/tools/pyCircuit/.pycircuit_out/gates/20260909-issue61-runtime-component/p1-final-v2/prefix/lib/python3.14/site-packages/agentic_circuit/_data/schemas/agentic-circuit/diagnostics
-- Installing: /Users/zhoubot/linx-isa/tools/pyCircuit/.pycircuit_out/gates/20260909-issue61-runtime-component/p1-final-v2/prefix/lib/python3.14/site-packages/agentic_circuit/_data/schemas/agentic-circuit/diagnostics/diagnostics.json
-- Installing: /Users/zhoubot/linx-isa/tools/pyCircuit/.pycircuit_out/gates/20260909-issue61-runtime-component/p1-final-v2/prefix/lib/python3.14/site-packages/agentic_circuit/_data/schemas/agentic-circuit/stdlib
-- Installing: /Users/zhoubot/linx-isa/tools/pyCircuit/.pycircuit_out/gates/20260909-issue61-runtime-component/p1-final-v2/prefix/lib/python3.14/site-packages/agentic_circuit/_data/schemas/agentic-circuit/stdlib/RegisterFile.json
-- Installing: /Users/zhoubot/linx-isa/tools/pyCircuit/.pycircuit_out/gates/20260909-issue61-runtime-component/p1-final-v2/prefix/lib/python3.14/site-packages/agentic_circuit/_data/schemas/agentic-circuit/stdlib/DependencyTracker.json
-- Installing: /Users/zhoubot/linx-isa/tools/pyCircuit/.pycircuit_out/gates/20260909-issue61-runtime-component/p1-final-v2/prefix/lib/python3.14/site-packages/agentic_circuit/_data/schemas/agentic-circuit/stdlib/Bus.json
-- Installing: /Users/zhoubot/linx-isa/tools/pyCircuit/.pycircuit_out/gates/20260909-issue61-runtime-component/p1-final-v2/prefix/lib/python3.14/site-packages/agentic_circuit/_data/schemas/agentic-circuit/stdlib/Switch.json
-- Installing: /Users/zhoubot/linx-isa/tools/pyCircuit/.pycircuit_out/gates/20260909-issue61-runtime-component/p1-final-v2/prefix/lib/python3.14/site-packages/agentic_circuit/_data/schemas/agentic-circuit/stdlib/Broadcast.json
-- Installing: /Users/zhoubot/linx-isa/tools/pyCircuit/.pycircuit_out/gates/20260909-issue61-runtime-component/p1-final-v2/prefix/lib/python3.14/site-packages/agentic_circuit/_data/schemas/agentic-circuit/stdlib/request_response.json
-- Installing: /Users/zhoubot/linx-isa/tools/pyCircuit/.pycircuit_out/gates/20260909-issue61-runtime-component/p1-final-v2/prefix/lib/python3.14/site-packages/agentic_circuit/_data/schemas/agentic-circuit/stdlib/Dispatcher.json
-- Installing: /Users/zhoubot/linx-isa/tools/pyCircuit/.pycircuit_out/gates/20260909-issue61-runtime-component/p1-final-v2/prefix/lib/python3.14/site-packages/agentic_circuit/_data/schemas/agentic-circuit/stdlib/TimeDomainBridge.json
-- Installing: /Users/zhoubot/linx-isa/tools/pyCircuit/.pycircuit_out/gates/20260909-issue61-runtime-component/p1-final-v2/prefix/lib/python3.14/site-packages/agentic_circuit/_data/schemas/agentic-circuit/stdlib/Scratchpad.json
-- Installing: /Users/zhoubot/linx-isa/tools/pyCircuit/.pycircuit_out/gates/20260909-issue61-runtime-component/p1-final-v2/prefix/lib/python3.14/site-packages/agentic_circuit/_data/schemas/agentic-circuit/stdlib/Memory.json
-- Installing: /Users/zhoubot/linx-isa/tools/pyCircuit/.pycircuit_out/gates/20260909-issue61-runtime-component/p1-final-v2/prefix/lib/python3.14/site-packages/agentic_circuit/_data/schemas/agentic-circuit/stdlib/LoadStore.json
-- Installing: /Users/zhoubot/linx-isa/tools/pyCircuit/.pycircuit_out/gates/20260909-issue61-runtime-component/p1-final-v2/prefix/lib/python3.14/site-packages/agentic_circuit/_data/schemas/agentic-circuit/stdlib/Dma.json
-- Installing: /Users/zhoubot/linx-isa/tools/pyCircuit/.pycircuit_out/gates/20260909-issue61-runtime-component/p1-final-v2/prefix/lib/python3.14/site-packages/agentic_circuit/_data/schemas/agentic-circuit/stdlib/MemoryManagement.json
-- Installing: /Users/zhoubot/linx-isa/tools/pyCircuit/.pycircuit_out/gates/20260909-issue61-runtime-component/p1-final-v2/prefix/lib/python3.14/site-packages/agentic_circuit/_data/schemas/agentic-circuit/stdlib/MemoryController.json
-- Installing: /Users/zhoubot/linx-isa/tools/pyCircuit/.pycircuit_out/gates/20260909-issue61-runtime-component/p1-final-v2/prefix/lib/python3.14/site-packages/agentic_circuit/_data/schemas/agentic-circuit/stdlib/TrafficSource.json
-- Installing: /Users/zhoubot/linx-isa/tools/pyCircuit/.pycircuit_out/gates/20260909-issue61-runtime-component/p1-final-v2/prefix/lib/python3.14/site-packages/agentic_circuit/_data/schemas/agentic-circuit/stdlib/Barrier.json
-- Installing: /Users/zhoubot/linx-isa/tools/pyCircuit/.pycircuit_out/gates/20260909-issue61-runtime-component/p1-final-v2/prefix/lib/python3.14/site-packages/agentic_circuit/_data/schemas/agentic-circuit/stdlib/Reassembler.json
-- Installing: /Users/zhoubot/linx-isa/tools/pyCircuit/.pycircuit_out/gates/20260909-issue61-runtime-component/p1-final-v2/prefix/lib/python3.14/site-packages/agentic_circuit/_data/schemas/agentic-circuit/stdlib/Packetizer.json
-- Installing: /Users/zhoubot/linx-isa/tools/pyCircuit/.pycircuit_out/gates/20260909-issue61-runtime-component/p1-final-v2/prefix/lib/python3.14/site-packages/agentic_circuit/_data/schemas/agentic-circuit/stdlib/AddressTranslator.json
-- Installing: /Users/zhoubot/linx-isa/tools/pyCircuit/.pycircuit_out/gates/20260909-issue61-runtime-component/p1-final-v2/prefix/lib/python3.14/site-packages/agentic_circuit/_data/schemas/agentic-circuit/stdlib/Cache.json
-- Installing: /Users/zhoubot/linx-isa/tools/pyCircuit/.pycircuit_out/gates/20260909-issue61-runtime-component/p1-final-v2/prefix/lib/python3.14/site-packages/agentic_circuit/_data/schemas/agentic-circuit/stdlib/Sink.json
-- Installing: /Users/zhoubot/linx-isa/tools/pyCircuit/.pycircuit_out/gates/20260909-issue61-runtime-component/p1-final-v2/prefix/lib/python3.14/site-packages/agentic_circuit/_data/schemas/agentic-circuit/stdlib/Scoreboard.json
-- Installing: /Users/zhoubot/linx-isa/tools/pyCircuit/.pycircuit_out/gates/20260909-issue61-runtime-component/p1-final-v2/prefix/lib/python3.14/site-packages/agentic_circuit/_data/schemas/agentic-circuit/stdlib/Queue.json
-- Installing: /Users/zhoubot/linx-isa/tools/pyCircuit/.pycircuit_out/gates/20260909-issue61-runtime-component/p1-final-v2/prefix/lib/python3.14/site-packages/agentic_circuit/_data/schemas/agentic-circuit/stdlib/Scheduler.json
-- Installing: /Users/zhoubot/linx-isa/tools/pyCircuit/.pycircuit_out/gates/20260909-issue61-runtime-component/p1-final-v2/prefix/lib/python3.14/site-packages/agentic_circuit/_data/schemas/agentic-circuit/stdlib/Fork.json
-- Installing: /Users/zhoubot/linx-isa/tools/pyCircuit/.pycircuit_out/gates/20260909-issue61-runtime-component/p1-final-v2/prefix/lib/python3.14/site-packages/agentic_circuit/_data/schemas/agentic-circuit/stdlib/TraceSource.json
-- Installing: /Users/zhoubot/linx-isa/tools/pyCircuit/.pycircuit_out/gates/20260909-issue61-runtime-component/p1-final-v2/prefix/lib/python3.14/site-packages/agentic_circuit/_data/schemas/agentic-circuit/stdlib/Tlb.json
-- Installing: /Users/zhoubot/linx-isa/tools/pyCircuit/.pycircuit_out/gates/20260909-issue61-runtime-component/p1-final-v2/prefix/lib/python3.14/site-packages/agentic_circuit/_data/schemas/agentic-circuit/stdlib/ready_valid.json
-- Installing: /Users/zhoubot/linx-isa/tools/pyCircuit/.pycircuit_out/gates/20260909-issue61-runtime-component/p1-final-v2/prefix/lib/python3.14/site-packages/agentic_circuit/_data/schemas/agentic-circuit/stdlib/Arbiter.json
-- Installing: /Users/zhoubot/linx-isa/tools/pyCircuit/.pycircuit_out/gates/20260909-issue61-runtime-component/p1-final-v2/prefix/lib/python3.14/site-packages/agentic_circuit/_data/schemas/agentic-circuit/stdlib/ProtocolAdapter.json
-- Installing: /Users/zhoubot/linx-isa/tools/pyCircuit/.pycircuit_out/gates/20260909-issue61-runtime-component/p1-final-v2/prefix/lib/python3.14/site-packages/agentic_circuit/_data/schemas/agentic-circuit/stdlib/Router.json
-- Installing: /Users/zhoubot/linx-isa/tools/pyCircuit/.pycircuit_out/gates/20260909-issue61-runtime-component/p1-final-v2/prefix/lib/python3.14/site-packages/agentic_circuit/_data/schemas/agentic-circuit/stdlib/catalog.json
-- Installing: /Users/zhoubot/linx-isa/tools/pyCircuit/.pycircuit_out/gates/20260909-issue61-runtime-component/p1-final-v2/prefix/lib/python3.14/site-packages/agentic_circuit/_data/schemas/agentic-circuit/stdlib/WidthAdapter.json
-- Installing: /Users/zhoubot/linx-isa/tools/pyCircuit/.pycircuit_out/gates/20260909-issue61-runtime-component/p1-final-v2/prefix/lib/python3.14/site-packages/agentic_circuit/_data/schemas/agentic-circuit/stdlib/Link.json
-- Installing: /Users/zhoubot/linx-isa/tools/pyCircuit/.pycircuit_out/gates/20260909-issue61-runtime-component/p1-final-v2/prefix/lib/python3.14/site-packages/agentic_circuit/_data/schemas/agentic-circuit/stdlib/Compute.json
-- Installing: /Users/zhoubot/linx-isa/tools/pyCircuit/.pycircuit_out/gates/20260909-issue61-runtime-component/p1-final-v2/prefix/lib/python3.14/site-packages/agentic_circuit/_data/schemas/agentic-circuit/stdlib/Crossbar.json
-- Installing: /Users/zhoubot/linx-isa/tools/pyCircuit/.pycircuit_out/gates/20260909-issue61-runtime-component/p1-final-v2/prefix/lib/python3.14/site-packages/agentic_circuit/_data/schemas/agentic-circuit/stdlib/Join.json
-- Installing: /Users/zhoubot/linx-isa/tools/pyCircuit/.pycircuit_out/gates/20260909-issue61-runtime-component/p1-final-v2/prefix/lib/python3.14/site-packages/agentic_circuit/_data/schemas/agentic-circuit/templates
-- Installing: /Users/zhoubot/linx-isa/tools/pyCircuit/.pycircuit_out/gates/20260909-issue61-runtime-component/p1-final-v2/prefix/lib/python3.14/site-packages/agentic_circuit/_data/schemas/agentic-circuit/templates/architecture.py
-- Installing: /Users/zhoubot/linx-isa/tools/pyCircuit/.pycircuit_out/gates/20260909-issue61-runtime-component/p1-final-v2/prefix/lib/python3.14/site-packages/agentic_circuit/_data/schemas/agentic-circuit/templates/agentic-circuit.toml
-- Installing: /Users/zhoubot/linx-isa/tools/pyCircuit/.pycircuit_out/gates/20260909-issue61-runtime-component/p1-final-v2/prefix/lib/python3.14/site-packages/agentic_circuit/_data/schemas/agentic-circuit/sdk-manifest.schema.json
-- Installing: /Users/zhoubot/linx-isa/tools/pyCircuit/.pycircuit_out/gates/20260909-issue61-runtime-component/p1-final-v2/prefix/lib/python3.14/site-packages/agentic_circuit/_data/schemas/agentic-circuit/acpy.schema.json
-- Installing: /Users/zhoubot/linx-isa/tools/pyCircuit/.pycircuit_out/gates/20260909-issue61-runtime-component/p1-final-v2/prefix/lib/python3.14/site-packages/agentic_circuit/_data/schemas/agentic-circuit/run-manifest.schema.json
-- Installing: /Users/zhoubot/linx-isa/tools/pyCircuit/.pycircuit_out/gates/20260909-issue61-runtime-component/p1-final-v2/prefix/lib/python3.14/site-packages/agentic_circuit/_data/schemas/agentic-circuit/component.schema.json
-- Installing: /Users/zhoubot/linx-isa/tools/pyCircuit/.pycircuit_out/gates/20260909-issue61-runtime-component/p1-final-v2/prefix/lib/python3.14/site-packages/agentic_circuit/_data/schemas/agentic-circuit/opcode-catalog.schema.json
-- Installing: /Users/zhoubot/linx-isa/tools/pyCircuit/.pycircuit_out/gates/20260909-issue61-runtime-component/p1-final-v2/prefix/lib/python3.14/site-packages/agentic_circuit/_data/schemas/agentic-circuit/pto-trace-result.schema.json
-- Installing: /Users/zhoubot/linx-isa/tools/pyCircuit/.pycircuit_out/gates/20260909-issue61-runtime-component/p1-final-v2/prefix/lib/python3.14/site-packages/agentic_circuit/_data/schemas/agentic-circuit/capabilities.schema.json
-- Installing: /Users/zhoubot/linx-isa/tools/pyCircuit/.pycircuit_out/gates/20260909-issue61-runtime-component/p1-final-v2/prefix/lib/python3.14/site-packages/agentic_circuit/_data/schemas/agentic-circuit/pto-payload-abi.json
-- Installing: /Users/zhoubot/linx-isa/tools/pyCircuit/.pycircuit_out/gates/20260909-issue61-runtime-component/p1-final-v2/prefix/lib/python3.14/site-packages/agentic_circuit/_data/schemas/agentic-circuit/pto-trace-oracle-report.schema.json
-- Installing: /Users/zhoubot/linx-isa/tools/pyCircuit/.pycircuit_out/gates/20260909-issue61-runtime-component/p1-final-v2/prefix/lib/python3.14/site-packages/agentic_circuit/_data/schemas/agentic-circuit/acsim-binding.schema.json
-- Installing: /Users/zhoubot/linx-isa/tools/pyCircuit/.pycircuit_out/gates/20260909-issue61-runtime-component/p1-final-v2/prefix/lib/python3.14/site-packages/agentic_circuit/_data/schemas/agentic-circuit/build-manifest.schema.json
-- Installing: /Users/zhoubot/linx-isa/tools/pyCircuit/.pycircuit_out/gates/20260909-issue61-runtime-component/p1-final-v2/prefix/lib/python3.14/site-packages/agentic_circuit/_data/schemas/__init__.py
-- Installing: /Users/zhoubot/linx-isa/tools/pyCircuit/.pycircuit_out/gates/20260909-issue61-runtime-component/p1-final-v2/prefix/lib/python3.14/site-packages/agentic_circuit/_native.so
-- Installing: /Users/zhoubot/linx-isa/tools/pyCircuit/.pycircuit_out/gates/20260909-issue61-runtime-component/p1-final-v2/prefix/bin/agentic-circuit
-- Installing: /Users/zhoubot/linx-isa/tools/pyCircuit/.pycircuit_out/gates/20260909-issue61-runtime-component/p1-final-v2/prefix/bin/acir-cxxgen
-- Installing: /Users/zhoubot/linx-isa/tools/pyCircuit/.pycircuit_out/gates/20260909-issue61-runtime-component/p1-final-v2/prefix/bin/acir-opcode-catalog
-- Installing: /Users/zhoubot/linx-isa/tools/pyCircuit/.pycircuit_out/gates/20260909-issue61-runtime-component/p1-final-v2/prefix/bin/acir-opt
-- Installing: /Users/zhoubot/linx-isa/tools/pyCircuit/.pycircuit_out/gates/20260909-issue61-runtime-component/p1-final-v2/prefix/bin/acir-queue-cxxgen
-- Installing: /Users/zhoubot/linx-isa/tools/pyCircuit/.pycircuit_out/gates/20260909-issue61-runtime-component/p1-final-v2/prefix/bin/acir-queue-plan
-- Installing: /Users/zhoubot/linx-isa/tools/pyCircuit/.pycircuit_out/gates/20260909-issue61-runtime-component/p1-final-v2/prefix/bin/acir-queue-pycgen
-- Installing: /Users/zhoubot/linx-isa/tools/pyCircuit/.pycircuit_out/gates/20260909-issue61-runtime-component/p1-final-v2/prefix/bin/ac-queue-pyc-build.py
-- Installing: /Users/zhoubot/linx-isa/tools/pyCircuit/.pycircuit_out/gates/20260909-issue61-runtime-component/p1-final-v2/prefix/bin/acir-queue-veriloggen.py
