
npu.cpp.o:
__Unwind_Resume
__ZN5gfsim19ObservationRecorder11commitOwnerEjNS_5EpochE
__ZN5gfsim19ObservationRecorder7proposeENS_13EventProposalE
__ZN5gfsim9SimSystem13scheduleEventENS_5EventE
__ZNKSt3__112basic_stringIcNS_11char_traitsIcEENS_9allocatorIcEEE7compareEmmPKcm
__ZNSt11logic_errorC2EPKc
__ZNSt12length_errorD1Ev
__ZNSt12out_of_rangeD1Ev
__ZNSt16invalid_argumentD1Ev
__ZNSt20bad_array_new_lengthC1Ev
__ZNSt20bad_array_new_lengthD1Ev
__ZNSt3__112basic_stringIcNS_11char_traitsIcEENS_9allocatorIcEEE6__initEPKcm
__ZNSt3__112basic_stringIcNS_11char_traitsIcEENS_9allocatorIcEEE6appendEPKc
__ZNSt3__112basic_stringIcNS_11char_traitsIcEENS_9allocatorIcEEE6appendEPKcm
__ZNSt3__112basic_stringIcNS_11char_traitsIcEENS_9allocatorIcEEE6assignEPKc
__ZNSt3__112basic_stringIcNS_11char_traitsIcEENS_9allocatorIcEEE6insertEmPKc
__ZNSt3__112basic_stringIcNS_11char_traitsIcEENS_9allocatorIcEEEC1ERKS5_
__ZNSt3__112basic_stringIcNS_11char_traitsIcEENS_9allocatorIcEEED1Ev
__ZNSt3__112basic_stringIcNS_11char_traitsIcEENS_9allocatorIcEEEaSERKS5_
__ZNSt3__16__sortIRNS_6__lessIyyEEPyEEvT0_S5_T_
__ZNSt3__19to_stringEy
__ZSt9terminatev
__ZTISt12length_error
__ZTISt12out_of_range
__ZTISt16invalid_argument
__ZTISt20bad_array_new_length
__ZTVN10__cxxabiv117__class_type_infoE
__ZTVN10__cxxabiv120__si_class_type_infoE
__ZTVSt12length_error
__ZTVSt12out_of_range
__ZTVSt16invalid_argument
__ZdlPv
__ZdlPvSt11align_val_t
__Znwm
__ZnwmSt11align_val_t
___chkstk_darwin
___cxa_allocate_exception
___cxa_begin_catch
___cxa_free_exception
___cxa_pure_virtual
___cxa_throw
___gxx_personality_v0
___stack_chk_fail
___stack_chk_guard
_memcmp
_memcpy
_memmove
_memset
_strlen

observation.cpp.o:
__Unwind_Resume
__ZNSt11logic_errorC2EPKc
__ZNSt12length_errorD1Ev
__ZNSt12out_of_rangeD1Ev
__ZNSt20bad_array_new_lengthC1Ev
__ZNSt20bad_array_new_lengthD1Ev
__ZNSt3__112basic_stringIcNS_11char_traitsIcEENS_9allocatorIcEEE6__initEPKcm
__ZNSt3__112basic_stringIcNS_11char_traitsIcEENS_9allocatorIcEEED1Ev
__ZNSt3__112basic_stringIcNS_11char_traitsIcEENS_9allocatorIcEEEaSERKS5_
__ZSt9terminatev
__ZTISt12length_error
__ZTISt12out_of_range
__ZTISt20bad_array_new_length
__ZTVSt12length_error
__ZTVSt12out_of_range
__ZdlPv
__ZdlPvSt11align_val_t
__Znwm
__ZnwmSt11align_val_t
___cxa_allocate_exception
___cxa_begin_catch
___cxa_free_exception
___cxa_throw
___gxx_personality_v0
___stack_chk_fail
___stack_chk_guard
_memcmp
_memcpy
_strlen

pto_trace.cpp.o:
__DefaultRuneLocale
__Unwind_Resume
__ZNKSt3__16locale9use_facetERNS0_2idE
__ZNKSt3__18ios_base6getlocEv
__ZNSt11logic_errorC2EPKc
__ZNSt12length_errorD1Ev
__ZNSt12out_of_rangeD1Ev
__ZNSt13runtime_errorC1ERKNSt3__112basic_stringIcNS0_11char_traitsIcEENS0_9allocatorIcEEEE
__ZNSt13runtime_errorD1Ev
__ZNSt20bad_array_new_lengthC1Ev
__ZNSt20bad_array_new_lengthD1Ev
__ZNSt3__112basic_stringIcNS_11char_traitsIcEENS_9allocatorIcEEE6__initEPKcm
__ZNSt3__112basic_stringIcNS_11char_traitsIcEENS_9allocatorIcEEE6appendEPKc
__ZNSt3__112basic_stringIcNS_11char_traitsIcEENS_9allocatorIcEEE6appendEPKcm
__ZNSt3__112basic_stringIcNS_11char_traitsIcEENS_9allocatorIcEEE6insertEmPKc
__ZNSt3__112basic_stringIcNS_11char_traitsIcEENS_9allocatorIcEEE9__grow_byEmmmmmm
__ZNSt3__112basic_stringIcNS_11char_traitsIcEENS_9allocatorIcEEE9push_backEc
__ZNSt3__112basic_stringIcNS_11char_traitsIcEENS_9allocatorIcEEEC1ERKS5_
__ZNSt3__112basic_stringIcNS_11char_traitsIcEENS_9allocatorIcEEED1Ev
__ZNSt3__112basic_stringIcNS_11char_traitsIcEENS_9allocatorIcEEEaSERKS5_
__ZNSt3__113basic_filebufIcNS_11char_traitsIcEEE4openEPKcj
__ZNSt3__113basic_filebufIcNS_11char_traitsIcEEEC1Ev
__ZNSt3__113basic_filebufIcNS_11char_traitsIcEEED1Ev
__ZNSt3__113basic_istreamIcNS_11char_traitsIcEEE6sentryC1ERS3_b
__ZNSt3__113basic_istreamIcNS_11char_traitsIcEEED2Ev
__ZNSt3__15ctypeIcE2idE
__ZNSt3__16localeD1Ev
__ZNSt3__18ios_base4initEPv
__ZNSt3__18ios_base5clearEj
__ZNSt3__19basic_iosIcNS_11char_traitsIcEEED2Ev
__ZNSt3__19to_stringEy
__ZSt9terminatev
__ZTISt12length_error
__ZTISt12out_of_range
__ZTISt13runtime_error
__ZTISt20bad_array_new_length
__ZTTNSt3__114basic_ifstreamIcNS_11char_traitsIcEEEE
__ZTVNSt3__114basic_ifstreamIcNS_11char_traitsIcEEEE
__ZTVNSt3__18ios_baseE
__ZTVNSt3__19basic_iosIcNS_11char_traitsIcEEEE
__ZTVSt12length_error
__ZTVSt12out_of_range
__ZdlPv
__ZdlPvSt11align_val_t
__Znwm
__ZnwmSt11align_val_t
___cxa_allocate_exception
___cxa_begin_catch
___cxa_end_catch
___cxa_free_exception
___cxa_rethrow
___cxa_throw
___gxx_personality_v0
___maskrune
___stack_chk_fail
___stack_chk_guard
_memchr
_memcmp
_memcpy
_memmove
_strlen

showcase.cpp.o:
__Unwind_Resume
__ZN5gfsim9SimSystem12scheduleWorkEjNS_5EpochE
__ZN5gfsim9SimSystem13scheduleEventENS_5EventE
__ZN5gfsim9SimSystem14setTimeDomainsENSt3__14spanIKNS_17TimeDomainRuntimeELm18446744073709551615EEE
__ZN5gfsim9SimSystem16setDispatchTableENSt3__14spanIKNS_11DispatchRowELm18446744073709551615EEE
__ZN5gfsim9SimSystem17setActivationPlanENSt3__14spanIKjLm18446744073709551615EEES4_
__ZN5gfsim9SimSystem3runEv
__ZN5gfsim9SimSystemC1ENSt3__112basic_stringIcNS1_11char_traitsIcEENS1_9allocatorIcEEEE
__ZN5gfsim9SimSystemD1Ev
__ZNK5gfsim9SimSystem10statisticsEv
__ZNK5gfsim9SimSystem12observationsEv
__ZNKSt3__16locale9use_facetERNS0_2idE
__ZNKSt3__18ios_base6getlocEv
__ZNSt11logic_errorC2EPKc
__ZNSt12length_errorD1Ev
__ZNSt16invalid_argumentD1Ev
__ZNSt20bad_array_new_lengthC1Ev
__ZNSt20bad_array_new_lengthD1Ev
__ZNSt3__112basic_stringIcNS_11char_traitsIcEENS_9allocatorIcEEE6__initEPKcm
__ZNSt3__112basic_stringIcNS_11char_traitsIcEENS_9allocatorIcEEE6__initEmc
__ZNSt3__112basic_stringIcNS_11char_traitsIcEENS_9allocatorIcEEE6appendEPKc
__ZNSt3__112basic_stringIcNS_11char_traitsIcEENS_9allocatorIcEEE6appendEPKcm
__ZNSt3__112basic_stringIcNS_11char_traitsIcEENS_9allocatorIcEEE6assignEPKc
__ZNSt3__112basic_stringIcNS_11char_traitsIcEENS_9allocatorIcEEE6insertEmPKc
__ZNSt3__112basic_stringIcNS_11char_traitsIcEENS_9allocatorIcEEE6resizeEmc
__ZNSt3__112basic_stringIcNS_11char_traitsIcEENS_9allocatorIcEEEC1ERKS5_
__ZNSt3__112basic_stringIcNS_11char_traitsIcEENS_9allocatorIcEEED1Ev
__ZNSt3__112basic_stringIcNS_11char_traitsIcEENS_9allocatorIcEEEaSERKS5_
__ZNSt3__113basic_ostreamIcNS_11char_traitsIcEEE6sentryC1ERS3_
__ZNSt3__113basic_ostreamIcNS_11char_traitsIcEEE6sentryD1Ev
__ZNSt3__113basic_ostreamIcNS_11char_traitsIcEEED2Ev
__ZNSt3__113basic_ostreamIcNS_11char_traitsIcEEElsEb
__ZNSt3__113basic_ostreamIcNS_11char_traitsIcEEElsEj
__ZNSt3__113basic_ostreamIcNS_11char_traitsIcEEElsEx
__ZNSt3__113basic_ostreamIcNS_11char_traitsIcEEElsEy
__ZNSt3__115basic_streambufIcNS_11char_traitsIcEEEC2Ev
__ZNSt3__115basic_streambufIcNS_11char_traitsIcEEED2Ev
__ZNSt3__15ctypeIcE2idE
__ZNSt3__16localeD1Ev
__ZNSt3__18ios_base33__set_badbit_and_consider_rethrowEv
__ZNSt3__18ios_base4initEPv
__ZNSt3__18ios_base5clearEj
__ZNSt3__19basic_iosIcNS_11char_traitsIcEEED2Ev
__ZNSt3__19to_stringEj
__ZNSt3__19to_stringEm
__ZNSt3__1plIcNS_11char_traitsIcEENS_9allocatorIcEEEENS_12basic_stringIT_T0_T1_EEPKS6_RKS9_
__ZNSt9exceptionD2Ev
__ZSt9terminatev
__ZTISt12length_error
__ZTISt16invalid_argument
__ZTISt18bad_variant_access
__ZTISt20bad_array_new_length
__ZTTNSt3__119basic_ostringstreamIcNS_11char_traitsIcEENS_9allocatorIcEEEE
__ZTVN10__cxxabiv117__class_type_infoE
__ZTVN10__cxxabiv120__si_class_type_infoE
__ZTVNSt3__115basic_stringbufIcNS_11char_traitsIcEENS_9allocatorIcEEEE
__ZTVNSt3__119basic_ostringstreamIcNS_11char_traitsIcEENS_9allocatorIcEEEE
__ZTVNSt3__18ios_baseE
__ZTVNSt3__19basic_iosIcNS_11char_traitsIcEEEE
__ZTVSt12length_error
__ZTVSt16invalid_argument
__ZTVSt18bad_variant_access
__ZTVSt9exception
__ZdlPv
__ZdlPvSt11align_val_t
__Znwm
__ZnwmSt11align_val_t
___cxa_allocate_exception
___cxa_begin_catch
___cxa_end_catch
___cxa_free_exception
___cxa_throw
___gxx_personality_v0
___stack_chk_fail
___stack_chk_guard
_memcmp
_memcpy
_memmove
_memset
_strlen

system.cpp.o:
__Unwind_Resume
__ZN5gfsim16PtoTraceProvider4loadENSt3__112basic_stringIcNS1_11char_traitsIcEENS1_9allocatorIcEEEERKS7_
__ZN5gfsim19ObservationRecorder11commitOwnerEjNS_5EpochE
__ZN5gfsim19ObservationRecorder11rejectOwnerEj
__ZN5gfsim19ObservationRecorder5resetEv
__ZN5gfsim19ObservationRecorder7proposeENS_13EventProposalE
__ZNK5gfsim16PtoTraceProvider11recordCountENSt3__117basic_string_viewIcNS1_11char_traitsIcEEEE
__ZNK5gfsim16PtoTraceProvider3eofENSt3__117basic_string_viewIcNS1_11char_traitsIcEEEEm
__ZNK5gfsim16PtoTraceProvider4nextENSt3__117basic_string_viewIcNS1_11char_traitsIcEEEEm
__ZNK5gfsim16PtoTraceProvider4openENSt3__117basic_string_viewIcNS1_11char_traitsIcEEEE
__ZNK5gfsim16PtoTraceProvider6decodeEy
__ZNK5gfsim16PtoTraceProvider8positionENSt3__117basic_string_viewIcNS1_11char_traitsIcEEEEm
__ZNKSt3__112basic_stringIcNS_11char_traitsIcEENS_9allocatorIcEEE7compareEmmPKcm
__ZNKSt3__16locale9use_facetERNS0_2idE
__ZNKSt3__18ios_base6getlocEv
__ZNSt11logic_errorC2EPKc
__ZNSt12length_errorD1Ev
__ZNSt12out_of_rangeD1Ev
__ZNSt20bad_array_new_lengthC1Ev
__ZNSt20bad_array_new_lengthD1Ev
__ZNSt3__112basic_stringIcNS_11char_traitsIcEENS_9allocatorIcEEE6__initEPKcm
__ZNSt3__112basic_stringIcNS_11char_traitsIcEENS_9allocatorIcEEE6__initEmc
__ZNSt3__112basic_stringIcNS_11char_traitsIcEENS_9allocatorIcEEE6appendEPKc
__ZNSt3__112basic_stringIcNS_11char_traitsIcEENS_9allocatorIcEEE6appendEPKcm
__ZNSt3__112basic_stringIcNS_11char_traitsIcEENS_9allocatorIcEEE6assignEPKc
__ZNSt3__112basic_stringIcNS_11char_traitsIcEENS_9allocatorIcEEE6insertEmPKc
__ZNSt3__112basic_stringIcNS_11char_traitsIcEENS_9allocatorIcEEE6resizeEmc
__ZNSt3__112basic_stringIcNS_11char_traitsIcEENS_9allocatorIcEEE7reserveEm
__ZNSt3__112basic_stringIcNS_11char_traitsIcEENS_9allocatorIcEEE9push_backEc
__ZNSt3__112basic_stringIcNS_11char_traitsIcEENS_9allocatorIcEEEC1ERKS5_
__ZNSt3__112basic_stringIcNS_11char_traitsIcEENS_9allocatorIcEEED1Ev
__ZNSt3__112basic_stringIcNS_11char_traitsIcEENS_9allocatorIcEEEaSERKS5_
__ZNSt3__113basic_ostreamIcNS_11char_traitsIcEEE6sentryC1ERS3_
__ZNSt3__113basic_ostreamIcNS_11char_traitsIcEEE6sentryD1Ev
__ZNSt3__113basic_ostreamIcNS_11char_traitsIcEEED2Ev
__ZNSt3__113basic_ostreamIcNS_11char_traitsIcEEElsEi
__ZNSt3__113basic_ostreamIcNS_11char_traitsIcEEElsEj
__ZNSt3__113basic_ostreamIcNS_11char_traitsIcEEElsEm
__ZNSt3__113basic_ostreamIcNS_11char_traitsIcEEElsEy
__ZNSt3__115basic_streambufIcNS_11char_traitsIcEEEC2Ev
__ZNSt3__115basic_streambufIcNS_11char_traitsIcEEED2Ev
__ZNSt3__15ctypeIcE2idE
__ZNSt3__16localeD1Ev
__ZNSt3__18ios_base33__set_badbit_and_consider_rethrowEv
__ZNSt3__18ios_base4initEPv
__ZNSt3__18ios_base5clearEj
__ZNSt3__19basic_iosIcNS_11char_traitsIcEEED2Ev
__ZNSt3__19to_stringEj
__ZSt7nothrow
__ZSt9terminatev
__ZTISt12length_error
__ZTISt12out_of_range
__ZTISt13runtime_error
__ZTISt20bad_array_new_length
__ZTTNSt3__119basic_ostringstreamIcNS_11char_traitsIcEENS_9allocatorIcEEEE
__ZTVN10__cxxabiv117__class_type_infoE
__ZTVN10__cxxabiv120__si_class_type_infoE
__ZTVN10__cxxabiv121__vmi_class_type_infoE
__ZTVNSt3__115basic_stringbufIcNS_11char_traitsIcEENS_9allocatorIcEEEE
__ZTVNSt3__119basic_ostringstreamIcNS_11char_traitsIcEENS_9allocatorIcEEEE
__ZTVNSt3__18ios_baseE
__ZTVNSt3__19basic_iosIcNS_11char_traitsIcEEEE
__ZTVSt12length_error
__ZTVSt12out_of_range
__ZdlPv
__ZdlPvSt11align_val_t
__Znwm
__ZnwmRKSt9nothrow_t
__ZnwmSt11align_val_t
___chkstk_darwin
___cxa_allocate_exception
___cxa_begin_catch
___cxa_end_catch
___cxa_free_exception
___cxa_pure_virtual
___cxa_throw
___gxx_personality_v0
___stack_chk_fail
___stack_chk_guard
_bzero
_memcmp
_memcpy
_memmove
_memset
_strlen
runtime symbol isolation: passed
