[1/8] Linking CXX executable bin/acir-opcode-catalog
[2/8] Linking CXX executable bin/acir-cxxgen
[3/8] Building CXX object tools/acir-build/CMakeFiles/acir-build.dir/acir-build.cpp.o
[4/8] Linking CXX executable bin/acir-build
ld: warning: ignoring duplicate libraries: '/opt/homebrew/Cellar/llvm/22.1.8/lib/libLLVMSupport.a', '/opt/homebrew/Cellar/llvm/22.1.8/lib/libMLIRFuncDialect.a', '/opt/homebrew/Cellar/llvm/22.1.8/lib/libMLIRPass.a', '/opt/homebrew/Cellar/llvm/22.1.8/lib/libMLIRSCFDialect.a', 'lib/Analysis/libACIRAnalysis.a', 'lib/Dialect/ACIR/libACIRDialect.a', 'lib/Transforms/libACIRTransforms.a'
[5/8] Building CXX object lib/Compiler/CMakeFiles/ACIRCompiler.dir/Driver.cpp.o
[6/8] Linking CXX static library lib/Compiler/libACIRCompiler.a
[7/8] Linking CXX shared module python/agentic_circuit/_native.so
[7/8] Running Agentic Circuit lit tests
-- Testing: 191 tests, 10 workers --
PASS: AgenticCircuit :: ACIR/protocols-invalid.mlir (1 of 191)
PASS: AgenticCircuit :: ACIR/hierarchy-invalid.mlir (2 of 191)
PASS: AgenticCircuit :: ACIR/resources-invalid.mlir (3 of 191)
PASS: AgenticCircuit :: ACIR/address-time-invalid.mlir (4 of 191)
PASS: AgenticCircuit :: CodeGen/extension-provider.mlir (5 of 191)
PASS: AgenticCircuit :: CodeGen/full-structured-model.mlir (6 of 191)
PASS: AgenticCircuit :: CodeGen/driver-stages.mlir (7 of 191)
PASS: AgenticCircuit :: CodeGen/nested-modules.mlir (8 of 191)
PASS: AgenticCircuit :: CodeGen/multidimensional-array.mlir (9 of 191)
PASS: AgenticCircuit :: ACIR/var-expressions-invalid.mlir (10 of 191)
PASS: AgenticCircuit :: ACSim/ops-invalid.mlir (11 of 191)
PASS: AgenticCircuit :: ACIR/interfaces-invalid.mlir (12 of 191)
PASS: AgenticCircuit :: ACIR/table-invalid.mlir (13 of 191)
PASS: AgenticCircuit :: Analysis/raw-structure-preflight.mlir (14 of 191)
PASS: AgenticCircuit :: ACIR/var-state-invalid.mlir (15 of 191)
PASS: AgenticCircuit :: ACIR/protocols-review-r1-invalid.mlir (16 of 191)
PASS: AgenticCircuit :: ACIR/process-invalid.mlir (17 of 191)
PASS: AgenticCircuit :: ACSim/generated-call-contract.mlir (18 of 191)
PASS: AgenticCircuit :: CodeGen/emit-cxx-current.mlir (19 of 191)
PASS: AgenticCircuit :: CodeGen/determinism.mlir (20 of 191)
PASS: AgenticCircuit :: CodeGen/table-slot-multiple-tables.mlir (21 of 191)
PASS: AgenticCircuit :: ACIR/trace-invalid.mlir (22 of 191)
PASS: AgenticCircuit :: ACIR/value-contracts-invalid.mlir (23 of 191)
PASS: AgenticCircuit :: Transforms/rule-snapshot-set-lowering.mlir (24 of 191)
PASS: AgenticCircuit :: ACIR/collections-invalid.mlir (25 of 191)
PASS: AgenticCircuit :: ACIR/dependency-invalid.mlir (26 of 191)
PASS: AgenticCircuit :: Transforms/rule-state-driven-lowering.mlir (27 of 191)
PASS: AgenticCircuit :: ACIR/canonical-entrypoint.mlir (28 of 191)
PASS: AgenticCircuit :: ACIR/firing-invalid.mlir (29 of 191)
PASS: AgenticCircuit :: Transforms/queue-module-freeze.mlir (30 of 191)
PASS: AgenticCircuit :: ACIR/rule-invalid.mlir (31 of 191)
PASS: AgenticCircuit :: ACIR/dormant-surface-invalid.mlir (32 of 191)
PASS: AgenticCircuit :: Transforms/rule-consume-only-lowering.mlir (33 of 191)
PASS: AgenticCircuit :: Transforms/rule-table-lowering.mlir (34 of 191)
PASS: AgenticCircuit :: Transforms/rule-owner-write-batch.mlir (35 of 191)
PASS: AgenticCircuit :: ACIR/runtime-references-invalid.mlir (36 of 191)
PASS: AgenticCircuit :: Transforms/rule-table-multi-input-lowering.mlir (37 of 191)
PASS: AgenticCircuit :: Transforms/variable-enum-state-lowering.mlir (38 of 191)
PASS: AgenticCircuit :: Transforms/rule-multi-state-lowering.mlir (39 of 191)
PASS: AgenticCircuit :: Transforms/freeze-topology.mlir (40 of 191)
PASS: AgenticCircuit :: CodeGen/table-endpoint-value-constraints.mlir (41 of 191)
PASS: AgenticCircuit :: Transforms/rule-branch-local-lowering.mlir (42 of 191)
PASS: AgenticCircuit :: Transforms/rule-branch-join-lowering.mlir (43 of 191)
PASS: AgenticCircuit :: Conversion/bindings-invalid.mlir (44 of 191)
PASS: AgenticCircuit :: Analysis/process-state-verifier.mlir (45 of 191)
PASS: AgenticCircuit :: Transforms/variable-module-state-lowering.mlir (46 of 191)
PASS: AgenticCircuit :: Transforms/queue-multi-rule-multi-owner-module.mlir (47 of 191)
PASS: AgenticCircuit :: Transforms/rule-optional-output-lowering.mlir (48 of 191)
PASS: AgenticCircuit :: CodeGen/bit-operations.mlir (49 of 191)
PASS: AgenticCircuit :: Transforms/variable-state-lowering.mlir (50 of 191)
PASS: AgenticCircuit :: Transforms/queue-stateful-module-freeze.mlir (51 of 191)
PASS: AgenticCircuit :: ACIR/review-r1-invalid.mlir (52 of 191)
PASS: AgenticCircuit :: ACIR/view-provenance.mlir (53 of 191)
PASS: AgenticCircuit :: Transforms/verify-model.mlir (54 of 191)
PASS: AgenticCircuit :: ACIR/queue-var-types-invalid.mlir (55 of 191)
PASS: AgenticCircuit :: Transforms/rule-multi-input-lowering.mlir (56 of 191)
PASS: AgenticCircuit :: Transforms/variable-array-state-lowering.mlir (57 of 191)
PASS: AgenticCircuit :: Transforms/variable-struct-state-lowering.mlir (58 of 191)
PASS: AgenticCircuit :: Transforms/queue-multi-owner-module-freeze.mlir (59 of 191)
PASS: AgenticCircuit :: CodeGen/masked-match.mlir (60 of 191)
PASS: AgenticCircuit :: ACIR/contracts-invalid.mlir (61 of 191)
PASS: AgenticCircuit :: Transforms/queue-multi-rule-module-freeze.mlir (62 of 191)
PASS: AgenticCircuit :: ACIR/dependency.mlir (63 of 191)
PASS: AgenticCircuit :: ACIR/interfaces-review-r1-invalid.mlir (64 of 191)
PASS: AgenticCircuit :: ACIR/memory-invalid.mlir (65 of 191)
PASS: AgenticCircuit :: Transforms/queue-nested-module-freeze.mlir (66 of 191)
PASS: AgenticCircuit :: CodeGen/bit-widths.mlir (67 of 191)
PASS: AgenticCircuit :: Transforms/rule-pure-optional-lowering.mlir (68 of 191)
PASS: AgenticCircuit :: CodeGen/value-select.mlir (69 of 191)
PASS: AgenticCircuit :: Transforms/rule-lowering.mlir (70 of 191)
PASS: AgenticCircuit :: Transforms/queue-mixed-nested-module.mlir (71 of 191)
PASS: AgenticCircuit :: ACIR/declarations-invalid.mlir (72 of 191)
PASS: AgenticCircuit :: Transforms/rule-lowering-invalid.mlir (73 of 191)
PASS: AgenticCircuit :: CodeGen/atomic-transform.mlir (74 of 191)
PASS: AgenticCircuit :: ACIR/types-invalid.mlir (75 of 191)
PASS: AgenticCircuit :: Transforms/table-endpoint-value-constraints-invalid.mlir (76 of 191)
PASS: AgenticCircuit :: ACSim/types-invalid.mlir (77 of 191)
PASS: AgenticCircuit :: ACIR/rule-table-invalid.mlir (78 of 191)
PASS: AgenticCircuit :: Transforms/queue-root-result-freeze.mlir (79 of 191)
PASS: AgenticCircuit :: Transforms/deterministic-canonicalization.mlir (80 of 191)
PASS: AgenticCircuit :: ACIR/transform-invalid.mlir (81 of 191)
PASS: AgenticCircuit :: ACIR/aggregate-values-invalid.mlir (82 of 191)
PASS: AgenticCircuit :: ACIR/bitfield-schema-invalid.mlir (83 of 191)
PASS: AgenticCircuit :: Conversion/structure.mlir (84 of 191)
PASS: AgenticCircuit :: ACSim/ops-valid.mlir (85 of 191)
PASS: AgenticCircuit :: ACIR/control-feedback-invalid.mlir (86 of 191)
PASS: AgenticCircuit :: ACIR/firing-footprint-invalid.mlir (87 of 191)
PASS: AgenticCircuit :: Bindings/resolve-valid.mlir (88 of 191)
PASS: AgenticCircuit :: ACIR/ownership-order-review-r2.mlir (89 of 191)
PASS: AgenticCircuit :: ACIR/dialect-smoke.mlir (90 of 191)
PASS: AgenticCircuit :: Conversion/bindings.mlir (91 of 191)
PASS: AgenticCircuit :: ACIR/masked-matching-invalid.mlir (92 of 191)
PASS: AgenticCircuit :: Bindings/resolve-empty.mlir (93 of 191)
PASS: AgenticCircuit :: ACIR/records-invalid.mlir (94 of 191)
PASS: AgenticCircuit :: ACIR/reorder-invalid.mlir (95 of 191)
PASS: AgenticCircuit :: ACIR/transform.mlir (96 of 191)
PASS: AgenticCircuit :: ACSim/dialect-smoke.mlir (97 of 191)
PASS: AgenticCircuit :: ACIR/guarantees-review-r1-invalid.mlir (98 of 191)
PASS: AgenticCircuit :: ACIR/port-mapping-review-r2.mlir (99 of 191)
PASS: AgenticCircuit :: Conversion/atomic-failure.mlir (100 of 191)
PASS: AgenticCircuit :: Conversion/hierarchy.mlir (101 of 191)
PASS: AgenticCircuit :: ACIR/types-valid.mlir (102 of 191)
PASS: AgenticCircuit :: ACIR/source-sink.mlir (103 of 191)
PASS: AgenticCircuit :: ACIR/memory.mlir (104 of 191)
PASS: AgenticCircuit :: ACIR/review-r2-invalid.mlir (105 of 191)
PASS: AgenticCircuit :: ACIR/select.mlir (106 of 191)
PASS: AgenticCircuit :: ACIR/scope-invalid.mlir (107 of 191)
PASS: AgenticCircuit :: ACIR/var-expressions.mlir (108 of 191)
PASS: AgenticCircuit :: ACIR/barrier-invalid.mlir (109 of 191)
PASS: AgenticCircuit :: ACIR/barrier.mlir (110 of 191)
PASS: AgenticCircuit :: ACIR/credit.mlir (111 of 191)
PASS: AgenticCircuit :: ACIR/queue-var-types.mlir (112 of 191)
PASS: AgenticCircuit :: Conversion/collections.mlir (113 of 191)
PASS: AgenticCircuit :: ACIR/reorder.mlir (114 of 191)
PASS: AgenticCircuit :: ACIR/state-snapshot-set-invalid.mlir (115 of 191)
PASS: AgenticCircuit :: ACIR/contracts-valid.mlir (116 of 191)
PASS: AgenticCircuit :: ACIR/broadcast-invalid.mlir (117 of 191)
PASS: AgenticCircuit :: Transforms/zero-delay-cycles.mlir (118 of 191)
PASS: AgenticCircuit :: Conversion/whole-model.mlir (119 of 191)
PASS: AgenticCircuit :: ACSim/types-valid.mlir (120 of 191)
PASS: AgenticCircuit :: ACIR/trace-valid.mlir (121 of 191)
PASS: AgenticCircuit :: ACIR/bitfield-schema.mlir (122 of 191)
PASS: AgenticCircuit :: ACIR/credit-invalid.mlir (123 of 191)
PASS: AgenticCircuit :: CodeGen/arbiter-verilog.mlir (124 of 191)
PASS: AgenticCircuit :: ACIR/enum-values-invalid.mlir (125 of 191)
PASS: AgenticCircuit :: ACIR/select-invalid.mlir (126 of 191)
PASS: AgenticCircuit :: ACIR/contract-epoch.mlir (127 of 191)
PASS: AgenticCircuit :: Bindings/resolve-missing.mlir (128 of 191)
PASS: AgenticCircuit :: ACIR/process-valid.mlir (129 of 191)
PASS: AgenticCircuit :: Transforms/value-constraints-invalid.mlir (130 of 191)
PASS: AgenticCircuit :: ACIR/address-map-canonical-order.mlir (131 of 191)
PASS: AgenticCircuit :: ACIR/address-selectors-valid.mlir (132 of 191)
PASS: AgenticCircuit :: ACIR/aggregate-values.mlir (133 of 191)
PASS: AgenticCircuit :: ACIR/scope.mlir (134 of 191)
PASS: AgenticCircuit :: ACSim/reusable-modules.mlir (135 of 191)
PASS: AgenticCircuit :: ACIR/observe.mlir (136 of 191)
PASS: AgenticCircuit :: ACIR/firing.mlir (137 of 191)
PASS: AgenticCircuit :: ACIR/masked-matching.mlir (138 of 191)
PASS: AgenticCircuit :: ACIR/resources-valid.mlir (139 of 191)
PASS: AgenticCircuit :: Transforms/value-contracts-lowering.mlir (140 of 191)
PASS: AgenticCircuit :: ACIR/enum-values.mlir (141 of 191)
PASS: AgenticCircuit :: Transforms/rule-multi-output-lowering.mlir (142 of 191)
PASS: AgenticCircuit :: Conversion/process-live-values.mlir (143 of 191)
PASS: AgenticCircuit :: ACIR/interfaces-valid.mlir (144 of 191)
PASS: AgenticCircuit :: Conversion/pure-results.mlir (145 of 191)
PASS: AgenticCircuit :: ACIR/expect.mlir (146 of 191)
PASS: AgenticCircuit :: ACIR/protocols-valid.mlir (147 of 191)
PASS: AgenticCircuit :: ACIR/resources-forward-malformed-invalid.mlir (148 of 191)
PASS: AgenticCircuit :: ACIR/broadcast.mlir (149 of 191)
PASS: AgenticCircuit :: Conversion/process-control-flow.mlir (150 of 191)
PASS: AgenticCircuit :: ACIR/hierarchy-valid.mlir (151 of 191)
PASS: AgenticCircuit :: Conversion/process-missing-mapping.mlir (152 of 191)
PASS: AgenticCircuit :: ACIR/source-sink-invalid.mlir (153 of 191)
PASS: AgenticCircuit :: ACIR/table.mlir (154 of 191)
PASS: AgenticCircuit :: Conversion/typed-graph.mlir (155 of 191)
PASS: AgenticCircuit :: Conversion/process-invalid.mlir (156 of 191)
PASS: AgenticCircuit :: ACIR/route-invalid.mlir (157 of 191)
PASS: AgenticCircuit :: Transforms/value-contracts-residual-invalid.mlir (158 of 191)
PASS: AgenticCircuit :: ACIR/declarations-valid.mlir (159 of 191)
PASS: AgenticCircuit :: Transforms/value-constraints-rule-lowering.mlir (160 of 191)
PASS: AgenticCircuit :: ACIR/topology-review-r1-invalid.mlir (161 of 191)
PASS: AgenticCircuit :: ACIR/fork-invalid.mlir (162 of 191)
PASS: AgenticCircuit :: Python/frontend-lowering.mlir (163 of 191)
PASS: AgenticCircuit :: ACIR/address-time-valid.mlir (164 of 191)
PASS: AgenticCircuit :: Conversion/time-domains.mlir (165 of 191)
PASS: AgenticCircuit :: ACIR/review-r1-valid.mlir (166 of 191)
PASS: AgenticCircuit :: ACIR/control-feedback.mlir (167 of 191)
PASS: AgenticCircuit :: Conversion/process-basic.mlir (168 of 191)
PASS: AgenticCircuit :: Python/cli-compile.mlir (169 of 191)
PASS: AgenticCircuit :: ACSim/generated-wrapper-activation.mlir (170 of 191)
PASS: AgenticCircuit :: ACIR/expect-invalid.mlir (171 of 191)
PASS: AgenticCircuit :: Transforms/value-constraints.mlir (172 of 191)
PASS: AgenticCircuit :: CodeGen/count-leading-zeros.mlir (173 of 191)
PASS: AgenticCircuit :: CodeGen/arbiter.mlir (174 of 191)
PASS: AgenticCircuit :: ACIR/records-valid.mlir (175 of 191)
PASS: AgenticCircuit :: CodeGen/driver-errors.mlir (176 of 191)
PASS: AgenticCircuit :: Transforms/rule-eight-output-lowering.mlir (177 of 191)
PASS: AgenticCircuit :: Analysis/process-state-pass.mlir (178 of 191)
PASS: AgenticCircuit :: CodeGen/popcount.mlir (179 of 191)
PASS: AgenticCircuit :: ACIR/var-outputless-rule.mlir (180 of 191)
PASS: AgenticCircuit :: CodeGen/acir-build-input-contract.mlir (181 of 191)
PASS: AgenticCircuit :: ACIR/collections-valid.mlir (182 of 191)
PASS: AgenticCircuit :: Transforms/queue-var-cse.mlir (183 of 191)
PASS: AgenticCircuit :: ACIR/observe-invalid.mlir (184 of 191)
PASS: AgenticCircuit :: Transforms/rule-checks.mlir (185 of 191)
PASS: AgenticCircuit :: CodeGen/forbidden-generated-dependencies.mlir (186 of 191)
PASS: AgenticCircuit :: ACIR/fork.mlir (187 of 191)
PASS: AgenticCircuit :: CodeGen/process-control-flow.mlir (188 of 191)
PASS: AgenticCircuit :: Bindings/resolve-ambiguous.mlir (189 of 191)
PASS: AgenticCircuit :: ACIR/route.mlir (190 of 191)
PASS: AgenticCircuit :: CodeGen/opcode-catalog.mlir (191 of 191)

Testing Time: 29.88s

Total Discovered Tests: 191
  Passed: 191 (100.00%)
