[1/18] Building CXX object compiler/acir/lib/Compiler/CMakeFiles/ACIRSourceCompiler.dir/FinalCppNames.cpp.o
[2/18] Building CXX object compiler/acir/lib/Dialect/ACIR/CMakeFiles/ACIRDialect.dir/ACIRFinalDeclarations.cpp.o
[3/18] Linking CXX static library compiler/acir/lib/Dialect/ACIR/libACIRDialect.a
[4/18] Building CXX object compiler/acir/lib/Compiler/CMakeFiles/ACIRSourceCompiler.dir/FinalCppSourceParts.cpp.o
[5/18] Building CXX object compiler/acir/lib/Compiler/CMakeFiles/ACIRSourceCompiler.dir/FinalEmitCppHierarchy.cpp.o
[6/18] Building CXX object compiler/acir/lib/Compiler/CMakeFiles/ACIRSourceCompiler.dir/FinalEmitCpp.cpp.o
[7/18] Building CXX object compiler/acir/lib/Compiler/CMakeFiles/ACIRSourceCompiler.dir/FinalEmitCppSystem.cpp.o
[8/18] Building CXX object compiler/acir/lib/Compiler/CMakeFiles/ACIRSourceCompiler.dir/FinalHardware.cpp.o
[9/18] Building CXX object compiler/acir/lib/Compiler/CMakeFiles/ACIRSourceCompiler.dir/FinalDeclarations.cpp.o
[10/18] Building CXX object compiler/acir/lib/Compiler/CMakeFiles/ACIRSourceCompiler.dir/FinalProgram.cpp.o
[11/18] Linking CXX static library compiler/acir/lib/Compiler/libACIRSourceCompiler.a
[12/18] Linking CXX executable bin/acir-backend-closure-harness
ld: warning: ignoring duplicate libraries: '/opt/homebrew/Cellar/llvm/22.1.8/lib/libMLIRArithDialect.a', '/opt/homebrew/Cellar/llvm/22.1.8/lib/libMLIRFuncDialect.a', '/opt/homebrew/Cellar/llvm/22.1.8/lib/libMLIRSupport.a', 'compiler/acir/lib/Dialect/ACIR/libACIRDialect.a'
[13/18] Linking CXX executable bin/acir-source-unit-harness
ld: warning: ignoring duplicate libraries: '/opt/homebrew/Cellar/llvm/22.1.8/lib/libMLIRArithDialect.a', '/opt/homebrew/Cellar/llvm/22.1.8/lib/libMLIRFuncDialect.a', '/opt/homebrew/Cellar/llvm/22.1.8/lib/libMLIRSupport.a', 'compiler/acir/lib/Dialect/ACIR/libACIRDialect.a'
[14/18] Linking CXX executable bin/acir-design-harness
ld: warning: ignoring duplicate libraries: '/opt/homebrew/Cellar/llvm/22.1.8/lib/libMLIRArithDialect.a', '/opt/homebrew/Cellar/llvm/22.1.8/lib/libMLIRFuncDialect.a', '/opt/homebrew/Cellar/llvm/22.1.8/lib/libMLIRSupport.a', 'compiler/acir/lib/Dialect/ACIR/libACIRDialect.a'
[15/18] Linking CXX executable bin/acir-cpp-source-parts-harness
ld: warning: ignoring duplicate libraries: '/opt/homebrew/Cellar/llvm/22.1.8/lib/libMLIRArithDialect.a', '/opt/homebrew/Cellar/llvm/22.1.8/lib/libMLIRFuncDialect.a', '/opt/homebrew/Cellar/llvm/22.1.8/lib/libMLIRSupport.a', 'compiler/acir/lib/Dialect/ACIR/libACIRDialect.a'
[16/18] Linking CXX executable bin/ACIRExecutableBackendClosureTests
ld: warning: ignoring duplicate libraries: '/opt/homebrew/Cellar/llvm/22.1.8/lib/libMLIRArithDialect.a', '/opt/homebrew/Cellar/llvm/22.1.8/lib/libMLIRSupport.a', 'compiler/acir/lib/Dialect/ACIR/libACIRDialect.a'
[17/18] Building CXX object compiler/acir/tests/source-unit/CMakeFiles/ACIRFinalProgramTests.dir/FinalScalarDeclarationsTest.cpp.o
[18/18] Linking CXX executable bin/ACIRFinalProgramTests
ld: warning: ignoring duplicate libraries: '/opt/homebrew/Cellar/llvm/22.1.8/lib/libMLIRArithDialect.a', '/opt/homebrew/Cellar/llvm/22.1.8/lib/libMLIRSupport.a', 'compiler/acir/lib/Dialect/ACIR/libACIRDialect.a'
