
[notice] A new release of pip is available: 26.1.2 -> 26.2.1
[notice] To update, run: /Users/zhoubot/linx-isa/tools/pyCircuit/.pycircuit_out/agentic-circuit/venv/bin/python -m pip install --upgrade pip
...................s...........s................................................................................................
----------------------------------------------------------------------
Ran 128 tests in 5.720s

OK (skipped=2)
.....................................................
----------------------------------------------------------------------
Ran 53 tests in 41.617s

OK
test_rule_retirement_builds_pyc_and_verilog (__main__.PycBackendTest.test_rule_retirement_builds_pyc_and_verilog) ... ok

----------------------------------------------------------------------
Ran 1 test in 4.682s

OK

[31m │  ⚠  Warning from the Material for MkDocs team[0m
[31m │[0m
[31m │[0m  MkDocs 2.0, the underlying framework of Material for MkDocs,
[31m │[0m  will introduce backward-incompatible changes, including:
[31m │[0m
[31m │  × [0mAll plugins will stop working – the plugin system has been removed
[31m │  × [0mAll theme overrides will break – the theming system has been rewritten
[31m │  × [0mNo migration path exists – existing projects cannot be upgraded
[31m │  × [0mClosed contribution model – community members can't report bugs
[31m │  × [0mCurrently unlicensed – unsuitable for production use
[31m │[0m
[31m │[0m  Our full analysis:
[31m │[0m
[31m │[0m  [4mhttps://squidfunk.github.io/mkdocs-material/blog/2026/02/18/mkdocs-2.0/[0m
[0m
INFO    -  Cleaning site directory
INFO    -  Building documentation to directory: /Users/zhoubot/linx-isa/tools/pyCircuit/_build/html
INFO    -  The following pages exist in the docs directory, but are not included in the "nav" configuration:
  - SIDECAR_SCHEDULE.md
  - arm_data_type.md
  - asl_alignment_todo.md
  - cycle_balance_improvement.md
  - cycle_balance_improvement_detailed_plan.md
  - pycircuit_implementation_method.md
  - simulation.md
  - vec-operators.md
  - acir/table-abstraction-design.zh-CN.md
  - acir/spec/README.md
  - acir/spec/agentic-circuit.md
  - acir/spec/agentic-circuit.zh-CN.md
  - acir/spec/verification.md
  - acir/spec/00-charter/scope.md
  - acir/spec/refs/history.md
  - development/acir/support.md
  - development/acir/verification/ir-coverage.md
  - development/acir/verification/pyc-verilog-backend.md
  - development/acir/verification/repository-layout.md
  - gates/logs/20260303-093808/matrix_summary.md
  - gates/logs/20260831-agentic-consolidation-r2/migration_closure.md
  - gates/logs/20260901-ac-table-prototype/summary.md
  - gates/logs/20260902-ac-table-masked-write/commands.md
  - gates/logs/20260902-ac-table-masked-write/summary.md
  - gates/logs/20260902-ac-table-slot-match/commands.md
  - gates/logs/20260903-ac-table-allocation/summary.md
  - gates/logs/20260903-ac-table-multi-writer/summary.md
  - gates/logs/20260903-ac-table-shared-selection/summary.md
  - gates/logs/20260903-ac-table-stack-closure-r5/closure_summary.md
  - gates/logs/20260904-ac-rule-epoch05-r1/closure_summary.md
  - gates/logs/20260904-ac-rule-epoch05-r4/closure_summary.md
  - gates/logs/llvm22-upgrade-20260828/llvm22_upgrade_summary.md
  - gates/logs/pyc6-unification/pyc6_migration_summary.md
  - legal/AC-RELICENSE-BSD-3-CLAUSE.md
  - rfcs/acir/D-BLOCK-MODEL-001.md
  - rfcs/acir/D-RELEASE-LAYOUT-001.md
  - rfcs/acir/D-RULE-LOWERING-001.md
INFO    -  Documentation built in 1.60 seconds
