jit-cache: miss
/Users/zhoubot/linx-isa/tools/pyCircuit/.pycircuit_out/issue40-p1-compile/wire-ops-evidence/cpp_build/src/CMakeLists.txt
-- The CXX compiler identification is AppleClang 21.0.0.21000101
-- Detecting CXX compiler ABI info
-- Detecting CXX compiler ABI info - done
-- Check for working CXX compiler: /usr/bin/c++ - skipped
-- Detecting CXX compile features
-- Detecting CXX compile features - done
-- Configuring done (0.2s)
-- Generating done (0.0s)
-- Build files have been written to: /Users/zhoubot/linx-isa/tools/pyCircuit/.pycircuit_out/issue40-p1-compile/wire-ops-evidence/cpp_build/build
[1/3] Building CXX object CMakeFiles/pyc_tb.dir/Users/zhoubot/linx-isa/tools/pyCircuit/.pycircuit_out/issue40-p1-compile/wire-ops-evidence/device/cpp/wire_ops/wire_ops.cpp.o
[2/3] Building CXX object CMakeFiles/pyc_tb.dir/Users/zhoubot/linx-isa/tools/pyCircuit/.pycircuit_out/issue40-p1-compile/wire-ops-evidence/tb/tb_wire_ops.cpp.o
[3/3] Linking CXX executable pyc_tb
OK
- /Users/zhoubot/linx-isa/tools/pyCircuit/.pycircuit_out/issue40-p1-compile/wire-ops-evidence/tb/tb_wire_ops.sv:72: Verilog $finish
- S i m u l a t i o n   R e p o r t: Verilator 5.044 2026-01-01
- Verilator: $finish at 13ns; walltime 0.000 s; speed 302.326 us/s
- Verilator: cpu 0.000 s on 1 threads; alloced 2 MB
/Users/zhoubot/linx-isa/tools/pyCircuit/.pycircuit_out/issue40-p1-compile/wire-ops-evidence/project_manifest.json
