{"sequence_id":0,"opcode":"TLOAD","input_tiles":[],"output_tiles":[{"address":"0x100000","dtype":"float16","shape":[32,64]}]}
{"sequence_id":1,"opcode":"TEXPANDS","input_tiles":[],"output_tiles":[{"address":"0x430000","dtype":"float16","shape":[32]}]}
{"sequence_id":2,"opcode":"TEXPANDS","input_tiles":[],"output_tiles":[{"address":"0x440000","dtype":"float16","shape":[32]}]}
{"sequence_id":3,"opcode":"TEXPANDS","input_tiles":[],"output_tiles":[{"address":"0x450000","dtype":"float16","shape":[32,64]}]}
{"sequence_id":4,"opcode":"TLOAD","input_tiles":[],"output_tiles":[{"address":"0x200000","dtype":"float16","shape":[64,64]}]}
{"sequence_id":5,"opcode":"TLOAD","input_tiles":[],"output_tiles":[{"address":"0x300000","dtype":"float16","shape":[64,64]}]}
{"sequence_id":6,"opcode":"TMATMUL","input_tiles":[{"address":"0x100000","dtype":"float16","shape":[32,64]},{"address":"0x200000","dtype":"float16","shape":[64,64]}],"output_tiles":[{"address":"0x400000","dtype":"float16","shape":[32,64]}]}
{"sequence_id":7,"opcode":"TCVT","input_tiles":[{"address":"0x400000","dtype":"float16","shape":[32,64]}],"output_tiles":[{"address":"0x400000","dtype":"float16","shape":[32,64]}]}
{"sequence_id":8,"opcode":"TMULS","input_tiles":[{"address":"0x400000","dtype":"float16","shape":[32,64]}],"output_tiles":[{"address":"0x400000","dtype":"float16","shape":[32,64]}]}
{"sequence_id":9,"opcode":"TCOLMAX","input_tiles":[{"address":"0x400000","dtype":"float16","shape":[32,64]}],"output_tiles":[{"address":"0x460000","dtype":"float16","shape":[32]}]}
{"sequence_id":10,"opcode":"TMAX","input_tiles":[{"address":"0x430000","dtype":"float16","shape":[32]},{"address":"0x460000","dtype":"float16","shape":[32]}],"output_tiles":[{"address":"0x470000","dtype":"float16","shape":[32]}]}
{"sequence_id":11,"opcode":"TSUB","input_tiles":[{"address":"0x430000","dtype":"float16","shape":[32]},{"address":"0x470000","dtype":"float16","shape":[32]}],"output_tiles":[{"address":"0x480000","dtype":"float16","shape":[32]}]}
{"sequence_id":12,"opcode":"TEXP","input_tiles":[{"address":"0x480000","dtype":"float16","shape":[32]}],"output_tiles":[{"address":"0x490000","dtype":"float16","shape":[32]}]}
{"sequence_id":13,"opcode":"TMUL","input_tiles":[{"address":"0x440000","dtype":"float16","shape":[32]},{"address":"0x490000","dtype":"float16","shape":[32]}],"output_tiles":[{"address":"0x4a0000","dtype":"float16","shape":[32]}]}
{"sequence_id":14,"opcode":"TCOLEXPANDSUB","input_tiles":[{"address":"0x400000","dtype":"float16","shape":[32,64]},{"address":"0x470000","dtype":"float16","shape":[32]}],"output_tiles":[{"address":"0x410000","dtype":"float16","shape":[32,64]}]}
{"sequence_id":15,"opcode":"TEXP","input_tiles":[{"address":"0x410000","dtype":"float16","shape":[32,64]}],"output_tiles":[{"address":"0x410000","dtype":"float16","shape":[32,64]}]}
{"sequence_id":16,"opcode":"TCOLSUM","input_tiles":[{"address":"0x410000","dtype":"float16","shape":[32,64]}],"output_tiles":[{"address":"0x4b0000","dtype":"float16","shape":[32]}]}
{"sequence_id":17,"opcode":"TADD","input_tiles":[{"address":"0x4a0000","dtype":"float16","shape":[32]},{"address":"0x4b0000","dtype":"float16","shape":[32]}],"output_tiles":[{"address":"0x440000","dtype":"float16","shape":[32]}]}
{"sequence_id":18,"opcode":"TCVT","input_tiles":[{"address":"0x410000","dtype":"float16","shape":[32,64]}],"output_tiles":[{"address":"0x4d0000","dtype":"float16","shape":[32,64]}]}
{"sequence_id":19,"opcode":"TMOV","input_tiles":[{"address":"0x4d0000","dtype":"float16","shape":[32,64]}],"output_tiles":[{"address":"0x4d0000","dtype":"float16","shape":[32,64]}]}
{"sequence_id":20,"opcode":"TMATMUL","input_tiles":[{"address":"0x4d0000","dtype":"float16","shape":[32,64]},{"address":"0x300000","dtype":"float16","shape":[64,64]}],"output_tiles":[{"address":"0x420000","dtype":"float16","shape":[32,64]}]}
{"sequence_id":21,"opcode":"TCVT","input_tiles":[{"address":"0x420000","dtype":"float16","shape":[32,64]}],"output_tiles":[{"address":"0x450000","dtype":"float16","shape":[32,64]}]}
{"sequence_id":22,"opcode":"TMOV","input_tiles":[{"address":"0x470000","dtype":"float16","shape":[32]}],"output_tiles":[{"address":"0x430000","dtype":"float16","shape":[32]}]}
{"sequence_id":23,"opcode":"TLOAD","input_tiles":[],"output_tiles":[{"address":"0x210000","dtype":"float16","shape":[64,64]}]}
{"sequence_id":24,"opcode":"TLOAD","input_tiles":[],"output_tiles":[{"address":"0x310000","dtype":"float16","shape":[64,64]}]}
{"sequence_id":25,"opcode":"TMATMUL","input_tiles":[{"address":"0x100000","dtype":"float16","shape":[32,64]},{"address":"0x210000","dtype":"float16","shape":[64,64]}],"output_tiles":[{"address":"0x400000","dtype":"float16","shape":[32,64]}]}
{"sequence_id":26,"opcode":"TCVT","input_tiles":[{"address":"0x400000","dtype":"float16","shape":[32,64]}],"output_tiles":[{"address":"0x400000","dtype":"float16","shape":[32,64]}]}
{"sequence_id":27,"opcode":"TMULS","input_tiles":[{"address":"0x400000","dtype":"float16","shape":[32,64]}],"output_tiles":[{"address":"0x400000","dtype":"float16","shape":[32,64]}]}
{"sequence_id":28,"opcode":"TCOLMAX","input_tiles":[{"address":"0x400000","dtype":"float16","shape":[32,64]}],"output_tiles":[{"address":"0x460000","dtype":"float16","shape":[32]}]}
{"sequence_id":29,"opcode":"TMAX","input_tiles":[{"address":"0x430000","dtype":"float16","shape":[32]},{"address":"0x460000","dtype":"float16","shape":[32]}],"output_tiles":[{"address":"0x470000","dtype":"float16","shape":[32]}]}
{"sequence_id":30,"opcode":"TSUB","input_tiles":[{"address":"0x430000","dtype":"float16","shape":[32]},{"address":"0x470000","dtype":"float16","shape":[32]}],"output_tiles":[{"address":"0x480000","dtype":"float16","shape":[32]}]}
{"sequence_id":31,"opcode":"TEXP","input_tiles":[{"address":"0x480000","dtype":"float16","shape":[32]}],"output_tiles":[{"address":"0x490000","dtype":"float16","shape":[32]}]}
{"sequence_id":32,"opcode":"TMUL","input_tiles":[{"address":"0x440000","dtype":"float16","shape":[32]},{"address":"0x490000","dtype":"float16","shape":[32]}],"output_tiles":[{"address":"0x4a0000","dtype":"float16","shape":[32]}]}
{"sequence_id":33,"opcode":"TCOLEXPANDSUB","input_tiles":[{"address":"0x400000","dtype":"float16","shape":[32,64]},{"address":"0x470000","dtype":"float16","shape":[32]}],"output_tiles":[{"address":"0x410000","dtype":"float16","shape":[32,64]}]}
{"sequence_id":34,"opcode":"TEXP","input_tiles":[{"address":"0x410000","dtype":"float16","shape":[32,64]}],"output_tiles":[{"address":"0x410000","dtype":"float16","shape":[32,64]}]}
{"sequence_id":35,"opcode":"TCOLSUM","input_tiles":[{"address":"0x410000","dtype":"float16","shape":[32,64]}],"output_tiles":[{"address":"0x4b0000","dtype":"float16","shape":[32]}]}
{"sequence_id":36,"opcode":"TADD","input_tiles":[{"address":"0x4a0000","dtype":"float16","shape":[32]},{"address":"0x4b0000","dtype":"float16","shape":[32]}],"output_tiles":[{"address":"0x440000","dtype":"float16","shape":[32]}]}
{"sequence_id":37,"opcode":"TCVT","input_tiles":[{"address":"0x410000","dtype":"float16","shape":[32,64]}],"output_tiles":[{"address":"0x4d0000","dtype":"float16","shape":[32,64]}]}
{"sequence_id":38,"opcode":"TMOV","input_tiles":[{"address":"0x4d0000","dtype":"float16","shape":[32,64]}],"output_tiles":[{"address":"0x4d0000","dtype":"float16","shape":[32,64]}]}
{"sequence_id":39,"opcode":"TCOLEXPANDMUL","input_tiles":[{"address":"0x450000","dtype":"float16","shape":[32,64]},{"address":"0x490000","dtype":"float16","shape":[32]}],"output_tiles":[{"address":"0x450000","dtype":"float16","shape":[32,64]}]}
{"sequence_id":40,"opcode":"TMATMUL","input_tiles":[{"address":"0x4d0000","dtype":"float16","shape":[32,64]},{"address":"0x310000","dtype":"float16","shape":[64,64]}],"output_tiles":[{"address":"0x420000","dtype":"float16","shape":[32,64]}]}
{"sequence_id":41,"opcode":"TCVT","input_tiles":[{"address":"0x420000","dtype":"float16","shape":[32,64]}],"output_tiles":[{"address":"0x420000","dtype":"float16","shape":[32,64]}]}
{"sequence_id":42,"opcode":"TADD","input_tiles":[{"address":"0x450000","dtype":"float16","shape":[32,64]},{"address":"0x420000","dtype":"float16","shape":[32,64]}],"output_tiles":[{"address":"0x450000","dtype":"float16","shape":[32,64]}]}
{"sequence_id":43,"opcode":"TMOV","input_tiles":[{"address":"0x470000","dtype":"float16","shape":[32]}],"output_tiles":[{"address":"0x430000","dtype":"float16","shape":[32]}]}
{"sequence_id":44,"opcode":"TRECIP","input_tiles":[{"address":"0x440000","dtype":"float16","shape":[32]}],"output_tiles":[{"address":"0x4c0000","dtype":"float16","shape":[32]}]}
{"sequence_id":45,"opcode":"TCOLEXPANDMUL","input_tiles":[{"address":"0x450000","dtype":"float16","shape":[32,64]},{"address":"0x4c0000","dtype":"float16","shape":[32]}],"output_tiles":[{"address":"0x450000","dtype":"float16","shape":[32,64]}]}
{"sequence_id":46,"opcode":"TCVT","input_tiles":[{"address":"0x450000","dtype":"float16","shape":[32,64]}],"output_tiles":[{"address":"0x450000","dtype":"float16","shape":[32,64]}]}
{"sequence_id":47,"opcode":"TSTORE","input_tiles":[{"address":"0x450000","dtype":"float16","shape":[32,64]}],"output_tiles":[]}
{"sequence_id":48,"opcode":"TLOAD","input_tiles":[],"output_tiles":[{"address":"0x110000","dtype":"float16","shape":[32,64]}]}
{"sequence_id":49,"opcode":"TEXPANDS","input_tiles":[],"output_tiles":[{"address":"0x440000","dtype":"float16","shape":[32]}]}
{"sequence_id":50,"opcode":"TEXPANDS","input_tiles":[],"output_tiles":[{"address":"0x450000","dtype":"float16","shape":[32]}]}
{"sequence_id":51,"opcode":"TEXPANDS","input_tiles":[],"output_tiles":[{"address":"0x460000","dtype":"float16","shape":[32,64]}]}
{"sequence_id":52,"opcode":"TLOAD","input_tiles":[],"output_tiles":[{"address":"0x200000","dtype":"float16","shape":[64,64]}]}
{"sequence_id":53,"opcode":"TLOAD","input_tiles":[],"output_tiles":[{"address":"0x300000","dtype":"float16","shape":[64,64]}]}
{"sequence_id":54,"opcode":"TMATMUL","input_tiles":[{"address":"0x110000","dtype":"float16","shape":[32,64]},{"address":"0x200000","dtype":"float16","shape":[64,64]}],"output_tiles":[{"address":"0x400000","dtype":"float16","shape":[32,64]}]}
{"sequence_id":55,"opcode":"TCVT","input_tiles":[{"address":"0x400000","dtype":"float16","shape":[32,64]}],"output_tiles":[{"address":"0x400000","dtype":"float16","shape":[32,64]}]}
{"sequence_id":56,"opcode":"TMULS","input_tiles":[{"address":"0x400000","dtype":"float16","shape":[32,64]}],"output_tiles":[{"address":"0x400000","dtype":"float16","shape":[32,64]}]}
{"sequence_id":57,"opcode":"TCOLMAX","input_tiles":[{"address":"0x400000","dtype":"float16","shape":[32,64]}],"output_tiles":[{"address":"0x460000","dtype":"float16","shape":[32]}]}
{"sequence_id":58,"opcode":"TMAX","input_tiles":[{"address":"0x440000","dtype":"float16","shape":[32]},{"address":"0x460000","dtype":"float16","shape":[32]}],"output_tiles":[{"address":"0x470000","dtype":"float16","shape":[32]}]}
{"sequence_id":59,"opcode":"TSUB","input_tiles":[{"address":"0x440000","dtype":"float16","shape":[32]},{"address":"0x470000","dtype":"float16","shape":[32]}],"output_tiles":[{"address":"0x480000","dtype":"float16","shape":[32]}]}
{"sequence_id":60,"opcode":"TEXP","input_tiles":[{"address":"0x480000","dtype":"float16","shape":[32]}],"output_tiles":[{"address":"0x490000","dtype":"float16","shape":[32]}]}
{"sequence_id":61,"opcode":"TMUL","input_tiles":[{"address":"0x450000","dtype":"float16","shape":[32]},{"address":"0x490000","dtype":"float16","shape":[32]}],"output_tiles":[{"address":"0x4a0000","dtype":"float16","shape":[32]}]}
{"sequence_id":62,"opcode":"TCOLEXPANDSUB","input_tiles":[{"address":"0x400000","dtype":"float16","shape":[32,64]},{"address":"0x470000","dtype":"float16","shape":[32]}],"output_tiles":[{"address":"0x410000","dtype":"float16","shape":[32,64]}]}
{"sequence_id":63,"opcode":"TEXP","input_tiles":[{"address":"0x410000","dtype":"float16","shape":[32,64]}],"output_tiles":[{"address":"0x410000","dtype":"float16","shape":[32,64]}]}
{"sequence_id":64,"opcode":"TCOLSUM","input_tiles":[{"address":"0x410000","dtype":"float16","shape":[32,64]}],"output_tiles":[{"address":"0x4b0000","dtype":"float16","shape":[32]}]}
{"sequence_id":65,"opcode":"TADD","input_tiles":[{"address":"0x4a0000","dtype":"float16","shape":[32]},{"address":"0x4b0000","dtype":"float16","shape":[32]}],"output_tiles":[{"address":"0x450000","dtype":"float16","shape":[32]}]}
{"sequence_id":66,"opcode":"TCVT","input_tiles":[{"address":"0x410000","dtype":"float16","shape":[32,64]}],"output_tiles":[{"address":"0x4d0000","dtype":"float16","shape":[32,64]}]}
{"sequence_id":67,"opcode":"TMOV","input_tiles":[{"address":"0x4d0000","dtype":"float16","shape":[32,64]}],"output_tiles":[{"address":"0x4d0000","dtype":"float16","shape":[32,64]}]}
{"sequence_id":68,"opcode":"TMATMUL","input_tiles":[{"address":"0x4d0000","dtype":"float16","shape":[32,64]},{"address":"0x300000","dtype":"float16","shape":[64,64]}],"output_tiles":[{"address":"0x420000","dtype":"float16","shape":[32,64]}]}
{"sequence_id":69,"opcode":"TCVT","input_tiles":[{"address":"0x420000","dtype":"float16","shape":[32,64]}],"output_tiles":[{"address":"0x460000","dtype":"float16","shape":[32,64]}]}
{"sequence_id":70,"opcode":"TMOV","input_tiles":[{"address":"0x470000","dtype":"float16","shape":[32]}],"output_tiles":[{"address":"0x440000","dtype":"float16","shape":[32]}]}
{"sequence_id":71,"opcode":"TLOAD","input_tiles":[],"output_tiles":[{"address":"0x210000","dtype":"float16","shape":[64,64]}]}
{"sequence_id":72,"opcode":"TLOAD","input_tiles":[],"output_tiles":[{"address":"0x310000","dtype":"float16","shape":[64,64]}]}
{"sequence_id":73,"opcode":"TMATMUL","input_tiles":[{"address":"0x110000","dtype":"float16","shape":[32,64]},{"address":"0x210000","dtype":"float16","shape":[64,64]}],"output_tiles":[{"address":"0x400000","dtype":"float16","shape":[32,64]}]}
{"sequence_id":74,"opcode":"TCVT","input_tiles":[{"address":"0x400000","dtype":"float16","shape":[32,64]}],"output_tiles":[{"address":"0x400000","dtype":"float16","shape":[32,64]}]}
{"sequence_id":75,"opcode":"TMULS","input_tiles":[{"address":"0x400000","dtype":"float16","shape":[32,64]}],"output_tiles":[{"address":"0x400000","dtype":"float16","shape":[32,64]}]}
{"sequence_id":76,"opcode":"TCOLMAX","input_tiles":[{"address":"0x400000","dtype":"float16","shape":[32,64]}],"output_tiles":[{"address":"0x460000","dtype":"float16","shape":[32]}]}
{"sequence_id":77,"opcode":"TMAX","input_tiles":[{"address":"0x440000","dtype":"float16","shape":[32]},{"address":"0x460000","dtype":"float16","shape":[32]}],"output_tiles":[{"address":"0x470000","dtype":"float16","shape":[32]}]}
{"sequence_id":78,"opcode":"TSUB","input_tiles":[{"address":"0x440000","dtype":"float16","shape":[32]},{"address":"0x470000","dtype":"float16","shape":[32]}],"output_tiles":[{"address":"0x480000","dtype":"float16","shape":[32]}]}
{"sequence_id":79,"opcode":"TEXP","input_tiles":[{"address":"0x480000","dtype":"float16","shape":[32]}],"output_tiles":[{"address":"0x490000","dtype":"float16","shape":[32]}]}
{"sequence_id":80,"opcode":"TMUL","input_tiles":[{"address":"0x450000","dtype":"float16","shape":[32]},{"address":"0x490000","dtype":"float16","shape":[32]}],"output_tiles":[{"address":"0x4a0000","dtype":"float16","shape":[32]}]}
{"sequence_id":81,"opcode":"TCOLEXPANDSUB","input_tiles":[{"address":"0x400000","dtype":"float16","shape":[32,64]},{"address":"0x470000","dtype":"float16","shape":[32]}],"output_tiles":[{"address":"0x410000","dtype":"float16","shape":[32,64]}]}
{"sequence_id":82,"opcode":"TEXP","input_tiles":[{"address":"0x410000","dtype":"float16","shape":[32,64]}],"output_tiles":[{"address":"0x410000","dtype":"float16","shape":[32,64]}]}
{"sequence_id":83,"opcode":"TCOLSUM","input_tiles":[{"address":"0x410000","dtype":"float16","shape":[32,64]}],"output_tiles":[{"address":"0x4b0000","dtype":"float16","shape":[32]}]}
{"sequence_id":84,"opcode":"TADD","input_tiles":[{"address":"0x4a0000","dtype":"float16","shape":[32]},{"address":"0x4b0000","dtype":"float16","shape":[32]}],"output_tiles":[{"address":"0x450000","dtype":"float16","shape":[32]}]}
{"sequence_id":85,"opcode":"TCVT","input_tiles":[{"address":"0x410000","dtype":"float16","shape":[32,64]}],"output_tiles":[{"address":"0x4d0000","dtype":"float16","shape":[32,64]}]}
{"sequence_id":86,"opcode":"TMOV","input_tiles":[{"address":"0x4d0000","dtype":"float16","shape":[32,64]}],"output_tiles":[{"address":"0x4d0000","dtype":"float16","shape":[32,64]}]}
{"sequence_id":87,"opcode":"TCOLEXPANDMUL","input_tiles":[{"address":"0x460000","dtype":"float16","shape":[32,64]},{"address":"0x490000","dtype":"float16","shape":[32]}],"output_tiles":[{"address":"0x460000","dtype":"float16","shape":[32,64]}]}
{"sequence_id":88,"opcode":"TMATMUL","input_tiles":[{"address":"0x4d0000","dtype":"float16","shape":[32,64]},{"address":"0x310000","dtype":"float16","shape":[64,64]}],"output_tiles":[{"address":"0x420000","dtype":"float16","shape":[32,64]}]}
{"sequence_id":89,"opcode":"TCVT","input_tiles":[{"address":"0x420000","dtype":"float16","shape":[32,64]}],"output_tiles":[{"address":"0x420000","dtype":"float16","shape":[32,64]}]}
{"sequence_id":90,"opcode":"TADD","input_tiles":[{"address":"0x460000","dtype":"float16","shape":[32,64]},{"address":"0x420000","dtype":"float16","shape":[32,64]}],"output_tiles":[{"address":"0x460000","dtype":"float16","shape":[32,64]}]}
{"sequence_id":91,"opcode":"TMOV","input_tiles":[{"address":"0x470000","dtype":"float16","shape":[32]}],"output_tiles":[{"address":"0x440000","dtype":"float16","shape":[32]}]}
{"sequence_id":92,"opcode":"TRECIP","input_tiles":[{"address":"0x450000","dtype":"float16","shape":[32]}],"output_tiles":[{"address":"0x4c0000","dtype":"float16","shape":[32]}]}
{"sequence_id":93,"opcode":"TCOLEXPANDMUL","input_tiles":[{"address":"0x460000","dtype":"float16","shape":[32,64]},{"address":"0x4c0000","dtype":"float16","shape":[32]}],"output_tiles":[{"address":"0x460000","dtype":"float16","shape":[32,64]}]}
{"sequence_id":94,"opcode":"TCVT","input_tiles":[{"address":"0x460000","dtype":"float16","shape":[32,64]}],"output_tiles":[{"address":"0x460000","dtype":"float16","shape":[32,64]}]}
{"sequence_id":95,"opcode":"TSTORE","input_tiles":[{"address":"0x460000","dtype":"float16","shape":[32,64]}],"output_tiles":[]}
{"sequence_id":96,"opcode":"TLOAD","input_tiles":[],"output_tiles":[{"address":"0x120000","dtype":"float16","shape":[32,64]}]}
{"sequence_id":97,"opcode":"TEXPANDS","input_tiles":[],"output_tiles":[{"address":"0x450000","dtype":"float16","shape":[32]}]}
{"sequence_id":98,"opcode":"TEXPANDS","input_tiles":[],"output_tiles":[{"address":"0x460000","dtype":"float16","shape":[32]}]}
{"sequence_id":99,"opcode":"TEXPANDS","input_tiles":[],"output_tiles":[{"address":"0x470000","dtype":"float16","shape":[32,64]}]}
{"sequence_id":100,"opcode":"TLOAD","input_tiles":[],"output_tiles":[{"address":"0x200000","dtype":"float16","shape":[64,64]}]}
{"sequence_id":101,"opcode":"TLOAD","input_tiles":[],"output_tiles":[{"address":"0x300000","dtype":"float16","shape":[64,64]}]}
{"sequence_id":102,"opcode":"TMATMUL","input_tiles":[{"address":"0x120000","dtype":"float16","shape":[32,64]},{"address":"0x200000","dtype":"float16","shape":[64,64]}],"output_tiles":[{"address":"0x400000","dtype":"float16","shape":[32,64]}]}
{"sequence_id":103,"opcode":"TCVT","input_tiles":[{"address":"0x400000","dtype":"float16","shape":[32,64]}],"output_tiles":[{"address":"0x400000","dtype":"float16","shape":[32,64]}]}
{"sequence_id":104,"opcode":"TMULS","input_tiles":[{"address":"0x400000","dtype":"float16","shape":[32,64]}],"output_tiles":[{"address":"0x400000","dtype":"float16","shape":[32,64]}]}
{"sequence_id":105,"opcode":"TCOLMAX","input_tiles":[{"address":"0x400000","dtype":"float16","shape":[32,64]}],"output_tiles":[{"address":"0x460000","dtype":"float16","shape":[32]}]}
{"sequence_id":106,"opcode":"TMAX","input_tiles":[{"address":"0x450000","dtype":"float16","shape":[32]},{"address":"0x460000","dtype":"float16","shape":[32]}],"output_tiles":[{"address":"0x470000","dtype":"float16","shape":[32]}]}
{"sequence_id":107,"opcode":"TSUB","input_tiles":[{"address":"0x450000","dtype":"float16","shape":[32]},{"address":"0x470000","dtype":"float16","shape":[32]}],"output_tiles":[{"address":"0x480000","dtype":"float16","shape":[32]}]}
{"sequence_id":108,"opcode":"TEXP","input_tiles":[{"address":"0x480000","dtype":"float16","shape":[32]}],"output_tiles":[{"address":"0x490000","dtype":"float16","shape":[32]}]}
{"sequence_id":109,"opcode":"TMUL","input_tiles":[{"address":"0x460000","dtype":"float16","shape":[32]},{"address":"0x490000","dtype":"float16","shape":[32]}],"output_tiles":[{"address":"0x4a0000","dtype":"float16","shape":[32]}]}
{"sequence_id":110,"opcode":"TCOLEXPANDSUB","input_tiles":[{"address":"0x400000","dtype":"float16","shape":[32,64]},{"address":"0x470000","dtype":"float16","shape":[32]}],"output_tiles":[{"address":"0x410000","dtype":"float16","shape":[32,64]}]}
{"sequence_id":111,"opcode":"TEXP","input_tiles":[{"address":"0x410000","dtype":"float16","shape":[32,64]}],"output_tiles":[{"address":"0x410000","dtype":"float16","shape":[32,64]}]}
{"sequence_id":112,"opcode":"TCOLSUM","input_tiles":[{"address":"0x410000","dtype":"float16","shape":[32,64]}],"output_tiles":[{"address":"0x4b0000","dtype":"float16","shape":[32]}]}
{"sequence_id":113,"opcode":"TADD","input_tiles":[{"address":"0x4a0000","dtype":"float16","shape":[32]},{"address":"0x4b0000","dtype":"float16","shape":[32]}],"output_tiles":[{"address":"0x460000","dtype":"float16","shape":[32]}]}
{"sequence_id":114,"opcode":"TCVT","input_tiles":[{"address":"0x410000","dtype":"float16","shape":[32,64]}],"output_tiles":[{"address":"0x4d0000","dtype":"float16","shape":[32,64]}]}
{"sequence_id":115,"opcode":"TMOV","input_tiles":[{"address":"0x4d0000","dtype":"float16","shape":[32,64]}],"output_tiles":[{"address":"0x4d0000","dtype":"float16","shape":[32,64]}]}
{"sequence_id":116,"opcode":"TMATMUL","input_tiles":[{"address":"0x4d0000","dtype":"float16","shape":[32,64]},{"address":"0x300000","dtype":"float16","shape":[64,64]}],"output_tiles":[{"address":"0x420000","dtype":"float16","shape":[32,64]}]}
{"sequence_id":117,"opcode":"TCVT","input_tiles":[{"address":"0x420000","dtype":"float16","shape":[32,64]}],"output_tiles":[{"address":"0x470000","dtype":"float16","shape":[32,64]}]}
{"sequence_id":118,"opcode":"TMOV","input_tiles":[{"address":"0x470000","dtype":"float16","shape":[32]}],"output_tiles":[{"address":"0x450000","dtype":"float16","shape":[32]}]}
{"sequence_id":119,"opcode":"TLOAD","input_tiles":[],"output_tiles":[{"address":"0x210000","dtype":"float16","shape":[64,64]}]}
{"sequence_id":120,"opcode":"TLOAD","input_tiles":[],"output_tiles":[{"address":"0x310000","dtype":"float16","shape":[64,64]}]}
{"sequence_id":121,"opcode":"TMATMUL","input_tiles":[{"address":"0x120000","dtype":"float16","shape":[32,64]},{"address":"0x210000","dtype":"float16","shape":[64,64]}],"output_tiles":[{"address":"0x400000","dtype":"float16","shape":[32,64]}]}
{"sequence_id":122,"opcode":"TCVT","input_tiles":[{"address":"0x400000","dtype":"float16","shape":[32,64]}],"output_tiles":[{"address":"0x400000","dtype":"float16","shape":[32,64]}]}
{"sequence_id":123,"opcode":"TMULS","input_tiles":[{"address":"0x400000","dtype":"float16","shape":[32,64]}],"output_tiles":[{"address":"0x400000","dtype":"float16","shape":[32,64]}]}
{"sequence_id":124,"opcode":"TCOLMAX","input_tiles":[{"address":"0x400000","dtype":"float16","shape":[32,64]}],"output_tiles":[{"address":"0x460000","dtype":"float16","shape":[32]}]}
{"sequence_id":125,"opcode":"TMAX","input_tiles":[{"address":"0x450000","dtype":"float16","shape":[32]},{"address":"0x460000","dtype":"float16","shape":[32]}],"output_tiles":[{"address":"0x470000","dtype":"float16","shape":[32]}]}
{"sequence_id":126,"opcode":"TSUB","input_tiles":[{"address":"0x450000","dtype":"float16","shape":[32]},{"address":"0x470000","dtype":"float16","shape":[32]}],"output_tiles":[{"address":"0x480000","dtype":"float16","shape":[32]}]}
{"sequence_id":127,"opcode":"TEXP","input_tiles":[{"address":"0x480000","dtype":"float16","shape":[32]}],"output_tiles":[{"address":"0x490000","dtype":"float16","shape":[32]}]}
{"sequence_id":128,"opcode":"TMUL","input_tiles":[{"address":"0x460000","dtype":"float16","shape":[32]},{"address":"0x490000","dtype":"float16","shape":[32]}],"output_tiles":[{"address":"0x4a0000","dtype":"float16","shape":[32]}]}
{"sequence_id":129,"opcode":"TCOLEXPANDSUB","input_tiles":[{"address":"0x400000","dtype":"float16","shape":[32,64]},{"address":"0x470000","dtype":"float16","shape":[32]}],"output_tiles":[{"address":"0x410000","dtype":"float16","shape":[32,64]}]}
{"sequence_id":130,"opcode":"TEXP","input_tiles":[{"address":"0x410000","dtype":"float16","shape":[32,64]}],"output_tiles":[{"address":"0x410000","dtype":"float16","shape":[32,64]}]}
{"sequence_id":131,"opcode":"TCOLSUM","input_tiles":[{"address":"0x410000","dtype":"float16","shape":[32,64]}],"output_tiles":[{"address":"0x4b0000","dtype":"float16","shape":[32]}]}
{"sequence_id":132,"opcode":"TADD","input_tiles":[{"address":"0x4a0000","dtype":"float16","shape":[32]},{"address":"0x4b0000","dtype":"float16","shape":[32]}],"output_tiles":[{"address":"0x460000","dtype":"float16","shape":[32]}]}
{"sequence_id":133,"opcode":"TCVT","input_tiles":[{"address":"0x410000","dtype":"float16","shape":[32,64]}],"output_tiles":[{"address":"0x4d0000","dtype":"float16","shape":[32,64]}]}
{"sequence_id":134,"opcode":"TMOV","input_tiles":[{"address":"0x4d0000","dtype":"float16","shape":[32,64]}],"output_tiles":[{"address":"0x4d0000","dtype":"float16","shape":[32,64]}]}
{"sequence_id":135,"opcode":"TCOLEXPANDMUL","input_tiles":[{"address":"0x470000","dtype":"float16","shape":[32,64]},{"address":"0x490000","dtype":"float16","shape":[32]}],"output_tiles":[{"address":"0x470000","dtype":"float16","shape":[32,64]}]}
{"sequence_id":136,"opcode":"TMATMUL","input_tiles":[{"address":"0x4d0000","dtype":"float16","shape":[32,64]},{"address":"0x310000","dtype":"float16","shape":[64,64]}],"output_tiles":[{"address":"0x420000","dtype":"float16","shape":[32,64]}]}
{"sequence_id":137,"opcode":"TCVT","input_tiles":[{"address":"0x420000","dtype":"float16","shape":[32,64]}],"output_tiles":[{"address":"0x420000","dtype":"float16","shape":[32,64]}]}
{"sequence_id":138,"opcode":"TADD","input_tiles":[{"address":"0x470000","dtype":"float16","shape":[32,64]},{"address":"0x420000","dtype":"float16","shape":[32,64]}],"output_tiles":[{"address":"0x470000","dtype":"float16","shape":[32,64]}]}
{"sequence_id":139,"opcode":"TMOV","input_tiles":[{"address":"0x470000","dtype":"float16","shape":[32]}],"output_tiles":[{"address":"0x450000","dtype":"float16","shape":[32]}]}
{"sequence_id":140,"opcode":"TRECIP","input_tiles":[{"address":"0x460000","dtype":"float16","shape":[32]}],"output_tiles":[{"address":"0x4c0000","dtype":"float16","shape":[32]}]}
{"sequence_id":141,"opcode":"TCOLEXPANDMUL","input_tiles":[{"address":"0x470000","dtype":"float16","shape":[32,64]},{"address":"0x4c0000","dtype":"float16","shape":[32]}],"output_tiles":[{"address":"0x470000","dtype":"float16","shape":[32,64]}]}
{"sequence_id":142,"opcode":"TCVT","input_tiles":[{"address":"0x470000","dtype":"float16","shape":[32,64]}],"output_tiles":[{"address":"0x470000","dtype":"float16","shape":[32,64]}]}
{"sequence_id":143,"opcode":"TSTORE","input_tiles":[{"address":"0x470000","dtype":"float16","shape":[32,64]}],"output_tiles":[]}
{"sequence_id":144,"opcode":"TLOAD","input_tiles":[],"output_tiles":[{"address":"0x130000","dtype":"float16","shape":[32,64]}]}
{"sequence_id":145,"opcode":"TEXPANDS","input_tiles":[],"output_tiles":[{"address":"0x460000","dtype":"float16","shape":[32]}]}
{"sequence_id":146,"opcode":"TEXPANDS","input_tiles":[],"output_tiles":[{"address":"0x470000","dtype":"float16","shape":[32]}]}
{"sequence_id":147,"opcode":"TEXPANDS","input_tiles":[],"output_tiles":[{"address":"0x480000","dtype":"float16","shape":[32,64]}]}
{"sequence_id":148,"opcode":"TLOAD","input_tiles":[],"output_tiles":[{"address":"0x200000","dtype":"float16","shape":[64,64]}]}
{"sequence_id":149,"opcode":"TLOAD","input_tiles":[],"output_tiles":[{"address":"0x300000","dtype":"float16","shape":[64,64]}]}
{"sequence_id":150,"opcode":"TMATMUL","input_tiles":[{"address":"0x130000","dtype":"float16","shape":[32,64]},{"address":"0x200000","dtype":"float16","shape":[64,64]}],"output_tiles":[{"address":"0x400000","dtype":"float16","shape":[32,64]}]}
{"sequence_id":151,"opcode":"TCVT","input_tiles":[{"address":"0x400000","dtype":"float16","shape":[32,64]}],"output_tiles":[{"address":"0x400000","dtype":"float16","shape":[32,64]}]}
{"sequence_id":152,"opcode":"TMULS","input_tiles":[{"address":"0x400000","dtype":"float16","shape":[32,64]}],"output_tiles":[{"address":"0x400000","dtype":"float16","shape":[32,64]}]}
{"sequence_id":153,"opcode":"TCOLMAX","input_tiles":[{"address":"0x400000","dtype":"float16","shape":[32,64]}],"output_tiles":[{"address":"0x460000","dtype":"float16","shape":[32]}]}
{"sequence_id":154,"opcode":"TMAX","input_tiles":[{"address":"0x460000","dtype":"float16","shape":[32]},{"address":"0x460000","dtype":"float16","shape":[32]}],"output_tiles":[{"address":"0x470000","dtype":"float16","shape":[32]}]}
{"sequence_id":155,"opcode":"TSUB","input_tiles":[{"address":"0x460000","dtype":"float16","shape":[32]},{"address":"0x470000","dtype":"float16","shape":[32]}],"output_tiles":[{"address":"0x480000","dtype":"float16","shape":[32]}]}
{"sequence_id":156,"opcode":"TEXP","input_tiles":[{"address":"0x480000","dtype":"float16","shape":[32]}],"output_tiles":[{"address":"0x490000","dtype":"float16","shape":[32]}]}
{"sequence_id":157,"opcode":"TMUL","input_tiles":[{"address":"0x470000","dtype":"float16","shape":[32]},{"address":"0x490000","dtype":"float16","shape":[32]}],"output_tiles":[{"address":"0x4a0000","dtype":"float16","shape":[32]}]}
{"sequence_id":158,"opcode":"TCOLEXPANDSUB","input_tiles":[{"address":"0x400000","dtype":"float16","shape":[32,64]},{"address":"0x470000","dtype":"float16","shape":[32]}],"output_tiles":[{"address":"0x410000","dtype":"float16","shape":[32,64]}]}
{"sequence_id":159,"opcode":"TEXP","input_tiles":[{"address":"0x410000","dtype":"float16","shape":[32,64]}],"output_tiles":[{"address":"0x410000","dtype":"float16","shape":[32,64]}]}
{"sequence_id":160,"opcode":"TCOLSUM","input_tiles":[{"address":"0x410000","dtype":"float16","shape":[32,64]}],"output_tiles":[{"address":"0x4b0000","dtype":"float16","shape":[32]}]}
{"sequence_id":161,"opcode":"TADD","input_tiles":[{"address":"0x4a0000","dtype":"float16","shape":[32]},{"address":"0x4b0000","dtype":"float16","shape":[32]}],"output_tiles":[{"address":"0x470000","dtype":"float16","shape":[32]}]}
{"sequence_id":162,"opcode":"TCVT","input_tiles":[{"address":"0x410000","dtype":"float16","shape":[32,64]}],"output_tiles":[{"address":"0x4d0000","dtype":"float16","shape":[32,64]}]}
{"sequence_id":163,"opcode":"TMOV","input_tiles":[{"address":"0x4d0000","dtype":"float16","shape":[32,64]}],"output_tiles":[{"address":"0x4d0000","dtype":"float16","shape":[32,64]}]}
{"sequence_id":164,"opcode":"TMATMUL","input_tiles":[{"address":"0x4d0000","dtype":"float16","shape":[32,64]},{"address":"0x300000","dtype":"float16","shape":[64,64]}],"output_tiles":[{"address":"0x420000","dtype":"float16","shape":[32,64]}]}
{"sequence_id":165,"opcode":"TCVT","input_tiles":[{"address":"0x420000","dtype":"float16","shape":[32,64]}],"output_tiles":[{"address":"0x480000","dtype":"float16","shape":[32,64]}]}
{"sequence_id":166,"opcode":"TMOV","input_tiles":[{"address":"0x470000","dtype":"float16","shape":[32]}],"output_tiles":[{"address":"0x460000","dtype":"float16","shape":[32]}]}
{"sequence_id":167,"opcode":"TLOAD","input_tiles":[],"output_tiles":[{"address":"0x210000","dtype":"float16","shape":[64,64]}]}
{"sequence_id":168,"opcode":"TLOAD","input_tiles":[],"output_tiles":[{"address":"0x310000","dtype":"float16","shape":[64,64]}]}
{"sequence_id":169,"opcode":"TMATMUL","input_tiles":[{"address":"0x130000","dtype":"float16","shape":[32,64]},{"address":"0x210000","dtype":"float16","shape":[64,64]}],"output_tiles":[{"address":"0x400000","dtype":"float16","shape":[32,64]}]}
{"sequence_id":170,"opcode":"TCVT","input_tiles":[{"address":"0x400000","dtype":"float16","shape":[32,64]}],"output_tiles":[{"address":"0x400000","dtype":"float16","shape":[32,64]}]}
{"sequence_id":171,"opcode":"TMULS","input_tiles":[{"address":"0x400000","dtype":"float16","shape":[32,64]}],"output_tiles":[{"address":"0x400000","dtype":"float16","shape":[32,64]}]}
{"sequence_id":172,"opcode":"TCOLMAX","input_tiles":[{"address":"0x400000","dtype":"float16","shape":[32,64]}],"output_tiles":[{"address":"0x460000","dtype":"float16","shape":[32]}]}
{"sequence_id":173,"opcode":"TMAX","input_tiles":[{"address":"0x460000","dtype":"float16","shape":[32]},{"address":"0x460000","dtype":"float16","shape":[32]}],"output_tiles":[{"address":"0x470000","dtype":"float16","shape":[32]}]}
{"sequence_id":174,"opcode":"TSUB","input_tiles":[{"address":"0x460000","dtype":"float16","shape":[32]},{"address":"0x470000","dtype":"float16","shape":[32]}],"output_tiles":[{"address":"0x480000","dtype":"float16","shape":[32]}]}
{"sequence_id":175,"opcode":"TEXP","input_tiles":[{"address":"0x480000","dtype":"float16","shape":[32]}],"output_tiles":[{"address":"0x490000","dtype":"float16","shape":[32]}]}
{"sequence_id":176,"opcode":"TMUL","input_tiles":[{"address":"0x470000","dtype":"float16","shape":[32]},{"address":"0x490000","dtype":"float16","shape":[32]}],"output_tiles":[{"address":"0x4a0000","dtype":"float16","shape":[32]}]}
{"sequence_id":177,"opcode":"TCOLEXPANDSUB","input_tiles":[{"address":"0x400000","dtype":"float16","shape":[32,64]},{"address":"0x470000","dtype":"float16","shape":[32]}],"output_tiles":[{"address":"0x410000","dtype":"float16","shape":[32,64]}]}
{"sequence_id":178,"opcode":"TEXP","input_tiles":[{"address":"0x410000","dtype":"float16","shape":[32,64]}],"output_tiles":[{"address":"0x410000","dtype":"float16","shape":[32,64]}]}
{"sequence_id":179,"opcode":"TCOLSUM","input_tiles":[{"address":"0x410000","dtype":"float16","shape":[32,64]}],"output_tiles":[{"address":"0x4b0000","dtype":"float16","shape":[32]}]}
{"sequence_id":180,"opcode":"TADD","input_tiles":[{"address":"0x4a0000","dtype":"float16","shape":[32]},{"address":"0x4b0000","dtype":"float16","shape":[32]}],"output_tiles":[{"address":"0x470000","dtype":"float16","shape":[32]}]}
{"sequence_id":181,"opcode":"TCVT","input_tiles":[{"address":"0x410000","dtype":"float16","shape":[32,64]}],"output_tiles":[{"address":"0x4d0000","dtype":"float16","shape":[32,64]}]}
{"sequence_id":182,"opcode":"TMOV","input_tiles":[{"address":"0x4d0000","dtype":"float16","shape":[32,64]}],"output_tiles":[{"address":"0x4d0000","dtype":"float16","shape":[32,64]}]}
{"sequence_id":183,"opcode":"TCOLEXPANDMUL","input_tiles":[{"address":"0x480000","dtype":"float16","shape":[32,64]},{"address":"0x490000","dtype":"float16","shape":[32]}],"output_tiles":[{"address":"0x480000","dtype":"float16","shape":[32,64]}]}
{"sequence_id":184,"opcode":"TMATMUL","input_tiles":[{"address":"0x4d0000","dtype":"float16","shape":[32,64]},{"address":"0x310000","dtype":"float16","shape":[64,64]}],"output_tiles":[{"address":"0x420000","dtype":"float16","shape":[32,64]}]}
{"sequence_id":185,"opcode":"TCVT","input_tiles":[{"address":"0x420000","dtype":"float16","shape":[32,64]}],"output_tiles":[{"address":"0x420000","dtype":"float16","shape":[32,64]}]}
{"sequence_id":186,"opcode":"TADD","input_tiles":[{"address":"0x480000","dtype":"float16","shape":[32,64]},{"address":"0x420000","dtype":"float16","shape":[32,64]}],"output_tiles":[{"address":"0x480000","dtype":"float16","shape":[32,64]}]}
{"sequence_id":187,"opcode":"TMOV","input_tiles":[{"address":"0x470000","dtype":"float16","shape":[32]}],"output_tiles":[{"address":"0x460000","dtype":"float16","shape":[32]}]}
{"sequence_id":188,"opcode":"TRECIP","input_tiles":[{"address":"0x470000","dtype":"float16","shape":[32]}],"output_tiles":[{"address":"0x4c0000","dtype":"float16","shape":[32]}]}
{"sequence_id":189,"opcode":"TCOLEXPANDMUL","input_tiles":[{"address":"0x480000","dtype":"float16","shape":[32,64]},{"address":"0x4c0000","dtype":"float16","shape":[32]}],"output_tiles":[{"address":"0x480000","dtype":"float16","shape":[32,64]}]}
{"sequence_id":190,"opcode":"TCVT","input_tiles":[{"address":"0x480000","dtype":"float16","shape":[32,64]}],"output_tiles":[{"address":"0x480000","dtype":"float16","shape":[32,64]}]}
{"sequence_id":191,"opcode":"TSTORE","input_tiles":[{"address":"0x480000","dtype":"float16","shape":[32,64]}],"output_tiles":[]}
