Running main() from /private/tmp/googletest-20250910-5249-qce8ci/googletest-1.17.0/googletest/src/gtest_main.cc
Note: Google Test filter = QueueBlocksTest.*Table*
[==========] Running 23 tests from 1 test suite.
[----------] Global test environment set-up.
[----------] 23 tests from QueueBlocksTest
[ RUN      ] QueueBlocksTest.StatefulTableReadsOldDataAndCommitsWriteAtTickEnd
[       OK ] QueueBlocksTest.StatefulTableReadsOldDataAndCommitsWriteAtTickEnd (0 ms)
[ RUN      ] QueueBlocksTest.MultidimensionalTableResetRestoresTypedInitialImage
[       OK ] QueueBlocksTest.MultidimensionalTableResetRestoresTypedInitialImage (0 ms)
[ RUN      ] QueueBlocksTest.TableMaskProjectionUsesLocalRowMajorBitsAndGlobalFlattenedIndices
[       OK ] QueueBlocksTest.TableMaskProjectionUsesLocalRowMajorBitsAndGlobalFlattenedIndices (0 ms)
[ RUN      ] QueueBlocksTest.DisabledTableWriteConsumesWithoutChangingState
[       OK ] QueueBlocksTest.DisabledTableWriteConsumesWithoutChangingState (0 ms)
[ RUN      ] QueueBlocksTest.TableReadPreservesDisabledAndOutOfRangeRequests
[       OK ] QueueBlocksTest.TableReadPreservesDisabledAndOutOfRangeRequests (0 ms)
[ RUN      ] QueueBlocksTest.QueueTableEntryDependentWhenReportsDynamicOutOfRange
[       OK ] QueueBlocksTest.QueueTableEntryDependentWhenReportsDynamicOutOfRange (0 ms)
[ RUN      ] QueueBlocksTest.StateTableEntryDependentWhenReportsDynamicOutOfRange
[       OK ] QueueBlocksTest.StateTableEntryDependentWhenReportsDynamicOutOfRange (0 ms)
[ RUN      ] QueueBlocksTest.FalseTableWhenDoesNotEvaluateAddressOrReportFailure
[       OK ] QueueBlocksTest.FalseTableWhenDoesNotEvaluateAddressOrReportFailure (0 ms)
[ RUN      ] QueueBlocksTest.StateTableReadRepeatsAndBackpressuredValueStaysStable
[       OK ] QueueBlocksTest.StateTableReadRepeatsAndBackpressuredValueStaysStable (0 ms)
[ RUN      ] QueueBlocksTest.StateTableWriteSkipsDisabledExpressionsAndCommitsOldState
[       OK ] QueueBlocksTest.StateTableWriteSkipsDisabledExpressionsAndCommitsOldState (0 ms)
[ RUN      ] QueueBlocksTest.TableMergesDisjointWriterFieldsFromOldState
[       OK ] QueueBlocksTest.TableMergesDisjointWriterFieldsFromOldState (0 ms)
[ RUN      ] QueueBlocksTest.TableReplaceWinsAfterFieldMergesIndependentOfEntry
[       OK ] QueueBlocksTest.TableReplaceWinsAfterFieldMergesIndependentOfEntry (0 ms)
[ RUN      ] QueueBlocksTest.TableMatchAndChooseAreEvaluatedOncePerEpoch
[       OK ] QueueBlocksTest.TableMatchAndChooseAreEvaluatedOncePerEpoch (0 ms)
[ RUN      ] QueueBlocksTest.TableCancellationIsWriterLocal
[       OK ] QueueBlocksTest.TableCancellationIsWriterLocal (0 ms)
[ RUN      ] QueueBlocksTest.TableReservationsUseDynamicIndexAndFieldFootprints
[       OK ] QueueBlocksTest.TableReservationsUseDynamicIndexAndFieldFootprints (0 ms)
[ RUN      ] QueueBlocksTest.MaskedTableWriteCommitsSelectedOldStateAtomically
[       OK ] QueueBlocksTest.MaskedTableWriteCommitsSelectedOldStateAtomically (0 ms)
[ RUN      ] QueueBlocksTest.MaskedTableWriteProjectsLocalMaskBitsToGlobalIndices
[       OK ] QueueBlocksTest.MaskedTableWriteProjectsLocalMaskBitsToGlobalIndices (0 ms)
[ RUN      ] QueueBlocksTest.TransitionCancelsQueueReservationsOnTableConflict
[       OK ] QueueBlocksTest.TransitionCancelsQueueReservationsOnTableConflict (0 ms)
[ RUN      ] QueueBlocksTest.AbsentTableEffectConsumesInputWithoutTableCommit
[       OK ] QueueBlocksTest.AbsentTableEffectConsumesInputWithoutTableCommit (0 ms)
[ RUN      ] QueueBlocksTest.AbsentMultiOwnerEffectsSkipEveryTableCommit
[       OK ] QueueBlocksTest.AbsentMultiOwnerEffectsSkipEveryTableCommit (0 ms)
[ RUN      ] QueueBlocksTest.TransitionLeavesTableCommitOwnershipOrderIndependent
[       OK ] QueueBlocksTest.TransitionLeavesTableCommitOwnershipOrderIndependent (1 ms)
[ RUN      ] QueueBlocksTest.EqualTableReplacementCommitsWithoutActivationWake
[       OK ] QueueBlocksTest.EqualTableReplacementCommitsWithoutActivationWake (0 ms)
[ RUN      ] QueueBlocksTest.TableTransactionPreflightIsNonMutating
[       OK ] QueueBlocksTest.TableTransactionPreflightIsNonMutating (0 ms)
[----------] 23 tests from QueueBlocksTest (4 ms total)

[----------] Global test environment tear-down
[==========] 23 tests from 1 test suite ran. (4 ms total)
[  PASSED  ] 23 tests.
Running main() from /private/tmp/googletest-20250910-5249-qce8ci/googletest-1.17.0/googletest/src/gtest_main.cc
Note: Google Test filter = QueueBlocksTest.*Table*
[==========] Running 23 tests from 1 test suite.
[----------] Global test environment set-up.
[----------] 23 tests from QueueBlocksTest
[ RUN      ] QueueBlocksTest.StatefulTableReadsOldDataAndCommitsWriteAtTickEnd
[       OK ] QueueBlocksTest.StatefulTableReadsOldDataAndCommitsWriteAtTickEnd (1 ms)
[ RUN      ] QueueBlocksTest.MultidimensionalTableResetRestoresTypedInitialImage
[       OK ] QueueBlocksTest.MultidimensionalTableResetRestoresTypedInitialImage (0 ms)
[ RUN      ] QueueBlocksTest.TableMaskProjectionUsesLocalRowMajorBitsAndGlobalFlattenedIndices
[       OK ] QueueBlocksTest.TableMaskProjectionUsesLocalRowMajorBitsAndGlobalFlattenedIndices (0 ms)
[ RUN      ] QueueBlocksTest.DisabledTableWriteConsumesWithoutChangingState
[       OK ] QueueBlocksTest.DisabledTableWriteConsumesWithoutChangingState (0 ms)
[ RUN      ] QueueBlocksTest.TableReadPreservesDisabledAndOutOfRangeRequests
[       OK ] QueueBlocksTest.TableReadPreservesDisabledAndOutOfRangeRequests (0 ms)
[ RUN      ] QueueBlocksTest.QueueTableEntryDependentWhenReportsDynamicOutOfRange
[       OK ] QueueBlocksTest.QueueTableEntryDependentWhenReportsDynamicOutOfRange (0 ms)
[ RUN      ] QueueBlocksTest.StateTableEntryDependentWhenReportsDynamicOutOfRange
[       OK ] QueueBlocksTest.StateTableEntryDependentWhenReportsDynamicOutOfRange (0 ms)
[ RUN      ] QueueBlocksTest.FalseTableWhenDoesNotEvaluateAddressOrReportFailure
[       OK ] QueueBlocksTest.FalseTableWhenDoesNotEvaluateAddressOrReportFailure (0 ms)
[ RUN      ] QueueBlocksTest.StateTableReadRepeatsAndBackpressuredValueStaysStable
[       OK ] QueueBlocksTest.StateTableReadRepeatsAndBackpressuredValueStaysStable (0 ms)
[ RUN      ] QueueBlocksTest.StateTableWriteSkipsDisabledExpressionsAndCommitsOldState
[       OK ] QueueBlocksTest.StateTableWriteSkipsDisabledExpressionsAndCommitsOldState (0 ms)
[ RUN      ] QueueBlocksTest.TableMergesDisjointWriterFieldsFromOldState
[       OK ] QueueBlocksTest.TableMergesDisjointWriterFieldsFromOldState (0 ms)
[ RUN      ] QueueBlocksTest.TableReplaceWinsAfterFieldMergesIndependentOfEntry
[       OK ] QueueBlocksTest.TableReplaceWinsAfterFieldMergesIndependentOfEntry (0 ms)
[ RUN      ] QueueBlocksTest.TableMatchAndChooseAreEvaluatedOncePerEpoch
[       OK ] QueueBlocksTest.TableMatchAndChooseAreEvaluatedOncePerEpoch (0 ms)
[ RUN      ] QueueBlocksTest.TableCancellationIsWriterLocal
[       OK ] QueueBlocksTest.TableCancellationIsWriterLocal (0 ms)
[ RUN      ] QueueBlocksTest.TableReservationsUseDynamicIndexAndFieldFootprints
[       OK ] QueueBlocksTest.TableReservationsUseDynamicIndexAndFieldFootprints (0 ms)
[ RUN      ] QueueBlocksTest.MaskedTableWriteCommitsSelectedOldStateAtomically
[       OK ] QueueBlocksTest.MaskedTableWriteCommitsSelectedOldStateAtomically (0 ms)
[ RUN      ] QueueBlocksTest.MaskedTableWriteProjectsLocalMaskBitsToGlobalIndices
[       OK ] QueueBlocksTest.MaskedTableWriteProjectsLocalMaskBitsToGlobalIndices (0 ms)
[ RUN      ] QueueBlocksTest.TransitionCancelsQueueReservationsOnTableConflict
[       OK ] QueueBlocksTest.TransitionCancelsQueueReservationsOnTableConflict (0 ms)
[ RUN      ] QueueBlocksTest.AbsentTableEffectConsumesInputWithoutTableCommit
[       OK ] QueueBlocksTest.AbsentTableEffectConsumesInputWithoutTableCommit (0 ms)
[ RUN      ] QueueBlocksTest.AbsentMultiOwnerEffectsSkipEveryTableCommit
[       OK ] QueueBlocksTest.AbsentMultiOwnerEffectsSkipEveryTableCommit (0 ms)
[ RUN      ] QueueBlocksTest.TransitionLeavesTableCommitOwnershipOrderIndependent
[       OK ] QueueBlocksTest.TransitionLeavesTableCommitOwnershipOrderIndependent (3 ms)
[ RUN      ] QueueBlocksTest.EqualTableReplacementCommitsWithoutActivationWake
[       OK ] QueueBlocksTest.EqualTableReplacementCommitsWithoutActivationWake (0 ms)
[ RUN      ] QueueBlocksTest.TableTransactionPreflightIsNonMutating
[       OK ] QueueBlocksTest.TableTransactionPreflightIsNonMutating (0 ms)
[----------] 23 tests from QueueBlocksTest (7 ms total)

[----------] Global test environment tear-down
[==========] 23 tests from 1 test suite ran. (7 ms total)
[  PASSED  ] 23 tests.
UBSAN Table PYC fixtures: 13 passed
