[INFO] Initializing environment for https://github.com/pre-commit/pre-commit-hooks.
[INFO] Initializing environment for https://github.com/astral-sh/ruff-pre-commit.
[INFO] Initializing environment for https://github.com/psf/black.
[INFO] Initializing environment for https://github.com/DavidAnson/markdownlint-cli2.
[INFO] Installing environment for https://github.com/pre-commit/pre-commit-hooks.
[INFO] Once installed this environment will be reused.
[INFO] This may take a few minutes...
[INFO] Installing environment for https://github.com/astral-sh/ruff-pre-commit.
[INFO] Once installed this environment will be reused.
[INFO] This may take a few minutes...
[INFO] Installing environment for https://github.com/psf/black.
[INFO] Once installed this environment will be reused.
[INFO] This may take a few minutes...
[INFO] Installing environment for https://github.com/DavidAnson/markdownlint-cli2.
[INFO] Once installed this environment will be reused.
[INFO] This may take a few minutes...
check for merge conflicts................................................Passed
check yaml...........................................(no files to check)Skipped
fix end of files.........................................................Passed
trim trailing whitespace.................................................Passed
ruff.....................................................................Passed
black....................................................................Passed
markdownlint-cli2........................................................Passed
pyCircuit API hygiene gate...............................................Passed
