test_bitfield_decode_runs_through_frozen_queuegraph_and_gfsim (test_queue_codegen.QueueCodegenTest.test_bitfield_decode_runs_through_frozen_queuegraph_and_gfsim) ... ok
test_branch_local_state_updates_commit_exactly_one_owner (test_queue_codegen.QueueCodegenTest.test_branch_local_state_updates_commit_exactly_one_owner) ... ok
test_circular_rob_wraps_rejects_stale_completion_and_recovers (test_queue_codegen.QueueCodegenTest.test_circular_rob_wraps_rejects_stale_completion_and_recovers) ... ok
test_consume_only_completion_updates_state_without_dummy_sink (test_queue_codegen.QueueCodegenTest.test_consume_only_completion_updates_state_without_dummy_sink) ... ok
test_davincioo_like_python_generates_and_runs_typed_cpp (test_queue_codegen.QueueCodegenTest.test_davincioo_like_python_generates_and_runs_typed_cpp) ... skipped 'DavinciOO reference trace fixture is unavailable'
test_generic_ac_var_state_runs_through_storage_selection (test_queue_codegen.QueueCodegenTest.test_generic_ac_var_state_runs_through_storage_selection) ... ok
test_host_result_boundary_preserves_real_rob_backpressure (test_queue_codegen.QueueCodegenTest.test_host_result_boundary_preserves_real_rob_backpressure) ... ok
test_indexed_branch_join_selects_one_index_and_value (test_queue_codegen.QueueCodegenTest.test_indexed_branch_join_selects_one_index_and_value) ... ok
test_indexed_python_list_runs_through_storage_selection (test_queue_codegen.QueueCodegenTest.test_indexed_python_list_runs_through_storage_selection) ... ok
test_inferred_system_boundaries_generate_and_run (test_queue_codegen.QueueCodegenTest.test_inferred_system_boundaries_generate_and_run) ... ok
test_multi_input_rule_infers_atomic_gfsim_backpressure (test_queue_codegen.QueueCodegenTest.test_multi_input_rule_infers_atomic_gfsim_backpressure) ... ok
test_multi_state_python_module_commits_all_instance_state (test_queue_codegen.QueueCodegenTest.test_multi_state_python_module_commits_all_instance_state) ... ok
test_multi_state_rule_commits_tail_entry_and_output_together (test_queue_codegen.QueueCodegenTest.test_multi_state_rule_commits_tail_entry_and_output_together) ... ok
test_native_frozen_acir_codegen_covers_common_state_blocks (test_queue_codegen.QueueCodegenTest.test_native_frozen_acir_codegen_covers_common_state_blocks) ... ok
test_nested_payload_runs_with_dependency_ordered_cpp_types (test_queue_codegen.QueueCodegenTest.test_nested_payload_runs_with_dependency_ordered_cpp_types) ... ok
test_nested_python_module_calls_preserve_reuse_and_run (test_queue_codegen.QueueCodegenTest.test_nested_python_module_calls_preserve_reuse_and_run) ... ok
test_nominal_enum_nested_payload_runs_in_gfsim (test_queue_codegen.QueueCodegenTest.test_nominal_enum_nested_payload_runs_in_gfsim) ... ok
test_optional_output_checks_backpressure_only_when_present (test_queue_codegen.QueueCodegenTest.test_optional_output_checks_backpressure_only_when_present) ... ok
test_recursive_nominal_aggregate_payload_runs_packed_in_gfsim (test_queue_codegen.QueueCodegenTest.test_recursive_nominal_aggregate_payload_runs_packed_in_gfsim) ... ok
test_reorder_python_generates_and_runs_typed_cpp (test_queue_codegen.QueueCodegenTest.test_reorder_python_generates_and_runs_typed_cpp) ... ok
test_reusable_circular_rob_preserves_rules_and_instance_state (test_queue_codegen.QueueCodegenTest.test_reusable_circular_rob_preserves_rules_and_instance_state) ... ok
test_reusable_oldest_ready_isq_closes_lost_wakeup_and_backpressure (test_queue_codegen.QueueCodegenTest.test_reusable_oldest_ready_isq_closes_lost_wakeup_and_backpressure) ... FAIL
test_reusable_rob_scan_and_activation_match_every_tick (test_queue_codegen.QueueCodegenTest.test_reusable_rob_scan_and_activation_match_every_tick) ... ok
test_rule_retirement_demo_runs_through_mlir_passes_and_gfsim (test_queue_codegen.QueueCodegenTest.test_rule_retirement_demo_runs_through_mlir_passes_and_gfsim) ... ok
test_same_owner_branch_join_emits_one_state_proposal (test_queue_codegen.QueueCodegenTest.test_same_owner_branch_join_emits_one_state_proposal) ... FAIL
test_serial_runtime_if_generates_and_runs_common_blocks (test_queue_codegen.QueueCodegenTest.test_serial_runtime_if_generates_and_runs_common_blocks) ... ok
test_shared_indexed_rules_use_mlir_priority_and_runtime_arbitration (test_queue_codegen.QueueCodegenTest.test_shared_indexed_rules_use_mlir_priority_and_runtime_arbitration) ... ok
test_state_driven_retire_preserves_entry_under_output_backpressure (test_queue_codegen.QueueCodegenTest.test_state_driven_retire_preserves_entry_under_output_backpressure) ... ok
test_stateful_multi_input_rule_commits_all_resources_together (test_queue_codegen.QueueCodegenTest.test_stateful_multi_input_rule_commits_all_resources_together) ... ok
test_stateful_python_module_reuses_class_with_independent_state (test_queue_codegen.QueueCodegenTest.test_stateful_python_module_reuses_class_with_independent_state) ... ok
test_stateful_table_rule_runs_through_mlir_and_grouped_gfsim (test_queue_codegen.QueueCodegenTest.test_stateful_table_rule_runs_through_mlir_and_grouped_gfsim) ... ok
test_tuple_and_value_array_payload_runs_packed_in_gfsim (test_queue_codegen.QueueCodegenTest.test_tuple_and_value_array_payload_runs_packed_in_gfsim) ... ok
test_typed_module_calls_generate_one_reusable_class_and_run (test_queue_codegen.QueueCodegenTest.test_typed_module_calls_generate_one_reusable_class_and_run) ... ok

======================================================================
FAIL: test_reusable_oldest_ready_isq_closes_lost_wakeup_and_backpressure (test_queue_codegen.QueueCodegenTest.test_reusable_oldest_ready_isq_closes_lost_wakeup_and_backpressure)
----------------------------------------------------------------------
Traceback (most recent call last):
  File "/home/lc/pyCircuit/tests/integration/agentic-circuit/e2e/test_queue_codegen.py", line 3432, in test_reusable_oldest_ready_isq_closes_lost_wakeup_and_backpressure
    self.assertEqual(2, generated_source.count("snapshot_set_1_0 |= "))
AssertionError: 2 != 0

======================================================================
FAIL: test_same_owner_branch_join_emits_one_state_proposal (test_queue_codegen.QueueCodegenTest.test_same_owner_branch_join_emits_one_state_proposal)
----------------------------------------------------------------------
Traceback (most recent call last):
  File "/home/lc/pyCircuit/tests/integration/agentic-circuit/e2e/test_queue_codegen.py", line 1234, in test_same_owner_branch_join_emits_one_state_proposal
    self.assertEqual(
AssertionError: 1 != 3

----------------------------------------------------------------------
Ran 33 tests in 156.116s

FAILED (failures=2, skipped=1)
